Archive member included to satisfy reference by file (symbol)

c:/st/stm32cubeide_1.5.1/stm32cubeide/plugins/com.st.stm32cube.ide.mcu.externaltools.gnu-tools-for-stm32.7-2018-q2-update.win32_1.5.0.202011040924/tools/bin/../lib/gcc/arm-none-eabi/7.3.1/../../../../arm-none-eabi/lib/thumb/v6-m\libc.a(lib_a-atof.o)
                              BOS/BOS_CLI.o (atof)
c:/st/stm32cubeide_1.5.1/stm32cubeide/plugins/com.st.stm32cube.ide.mcu.externaltools.gnu-tools-for-stm32.7-2018-q2-update.win32_1.5.0.202011040924/tools/bin/../lib/gcc/arm-none-eabi/7.3.1/../../../../arm-none-eabi/lib/thumb/v6-m\libc.a(lib_a-atoi.o)
                              BOS/BOS_CLI.o (atoi)
c:/st/stm32cubeide_1.5.1/stm32cubeide/plugins/com.st.stm32cube.ide.mcu.externaltools.gnu-tools-for-stm32.7-2018-q2-update.win32_1.5.0.202011040924/tools/bin/../lib/gcc/arm-none-eabi/7.3.1/../../../../arm-none-eabi/lib/thumb/v6-m\libc.a(lib_a-atol.o)
                              BOS/BOS.o (atol)
c:/st/stm32cubeide_1.5.1/stm32cubeide/plugins/com.st.stm32cube.ide.mcu.externaltools.gnu-tools-for-stm32.7-2018-q2-update.win32_1.5.0.202011040924/tools/bin/../lib/gcc/arm-none-eabi/7.3.1/../../../../arm-none-eabi/lib/thumb/v6-m\libc.a(lib_a-exit.o)
                              c:/st/stm32cubeide_1.5.1/stm32cubeide/plugins/com.st.stm32cube.ide.mcu.externaltools.gnu-tools-for-stm32.7-2018-q2-update.win32_1.5.0.202011040924/tools/bin/../lib/gcc/arm-none-eabi/7.3.1/../../../../arm-none-eabi/lib/thumb/v6-m/crt0.o (exit)
c:/st/stm32cubeide_1.5.1/stm32cubeide/plugins/com.st.stm32cube.ide.mcu.externaltools.gnu-tools-for-stm32.7-2018-q2-update.win32_1.5.0.202011040924/tools/bin/../lib/gcc/arm-none-eabi/7.3.1/../../../../arm-none-eabi/lib/thumb/v6-m\libc.a(lib_a-impure.o)
                              c:/st/stm32cubeide_1.5.1/stm32cubeide/plugins/com.st.stm32cube.ide.mcu.externaltools.gnu-tools-for-stm32.7-2018-q2-update.win32_1.5.0.202011040924/tools/bin/../lib/gcc/arm-none-eabi/7.3.1/../../../../arm-none-eabi/lib/thumb/v6-m\libc.a(lib_a-exit.o) (_global_impure_ptr)
c:/st/stm32cubeide_1.5.1/stm32cubeide/plugins/com.st.stm32cube.ide.mcu.externaltools.gnu-tools-for-stm32.7-2018-q2-update.win32_1.5.0.202011040924/tools/bin/../lib/gcc/arm-none-eabi/7.3.1/../../../../arm-none-eabi/lib/thumb/v6-m\libc.a(lib_a-init.o)
                              c:/st/stm32cubeide_1.5.1/stm32cubeide/plugins/com.st.stm32cube.ide.mcu.externaltools.gnu-tools-for-stm32.7-2018-q2-update.win32_1.5.0.202011040924/tools/bin/../lib/gcc/arm-none-eabi/7.3.1/../../../../arm-none-eabi/lib/thumb/v6-m/crt0.o (__libc_init_array)
c:/st/stm32cubeide_1.5.1/stm32cubeide/plugins/com.st.stm32cube.ide.mcu.externaltools.gnu-tools-for-stm32.7-2018-q2-update.win32_1.5.0.202011040924/tools/bin/../lib/gcc/arm-none-eabi/7.3.1/../../../../arm-none-eabi/lib/thumb/v6-m\libc.a(lib_a-locale.o)
                              BOS/BOS_CLI.o (__locale_ctype_ptr)
c:/st/stm32cubeide_1.5.1/stm32cubeide/plugins/com.st.stm32cube.ide.mcu.externaltools.gnu-tools-for-stm32.7-2018-q2-update.win32_1.5.0.202011040924/tools/bin/../lib/gcc/arm-none-eabi/7.3.1/../../../../arm-none-eabi/lib/thumb/v6-m\libc.a(lib_a-malloc.o)
                              BOS/BOS.o (malloc)
c:/st/stm32cubeide_1.5.1/stm32cubeide/plugins/com.st.stm32cube.ide.mcu.externaltools.gnu-tools-for-stm32.7-2018-q2-update.win32_1.5.0.202011040924/tools/bin/../lib/gcc/arm-none-eabi/7.3.1/../../../../arm-none-eabi/lib/thumb/v6-m\libc.a(lib_a-mallocr.o)
                              c:/st/stm32cubeide_1.5.1/stm32cubeide/plugins/com.st.stm32cube.ide.mcu.externaltools.gnu-tools-for-stm32.7-2018-q2-update.win32_1.5.0.202011040924/tools/bin/../lib/gcc/arm-none-eabi/7.3.1/../../../../arm-none-eabi/lib/thumb/v6-m\libc.a(lib_a-malloc.o) (_malloc_r)
c:/st/stm32cubeide_1.5.1/stm32cubeide/plugins/com.st.stm32cube.ide.mcu.externaltools.gnu-tools-for-stm32.7-2018-q2-update.win32_1.5.0.202011040924/tools/bin/../lib/gcc/arm-none-eabi/7.3.1/../../../../arm-none-eabi/lib/thumb/v6-m\libc.a(lib_a-mbtowc_r.o)
                              c:/st/stm32cubeide_1.5.1/stm32cubeide/plugins/com.st.stm32cube.ide.mcu.externaltools.gnu-tools-for-stm32.7-2018-q2-update.win32_1.5.0.202011040924/tools/bin/../lib/gcc/arm-none-eabi/7.3.1/../../../../arm-none-eabi/lib/thumb/v6-m\libc.a(lib_a-locale.o) (__ascii_mbtowc)
c:/st/stm32cubeide_1.5.1/stm32cubeide/plugins/com.st.stm32cube.ide.mcu.externaltools.gnu-tools-for-stm32.7-2018-q2-update.win32_1.5.0.202011040924/tools/bin/../lib/gcc/arm-none-eabi/7.3.1/../../../../arm-none-eabi/lib/thumb/v6-m\libc.a(lib_a-memcmp.o)
                              Thirdparty/Middleware/FreeRTOS/Source/tasks.o (memcmp)
c:/st/stm32cubeide_1.5.1/stm32cubeide/plugins/com.st.stm32cube.ide.mcu.externaltools.gnu-tools-for-stm32.7-2018-q2-update.win32_1.5.0.202011040924/tools/bin/../lib/gcc/arm-none-eabi/7.3.1/../../../../arm-none-eabi/lib/thumb/v6-m\libc.a(lib_a-memcpy-stub.o)
                              BOS/BOS.o (memcpy)
[...]
Memory Configuration

Name             Origin             Length             Attributes
RAM              0x0000000020000000 0x0000000000008000 xrw
FLASH            0x0000000008000000 0x0000000000040000 xr
*default*        0x0000000000000000 0xffffffffffffffff

Linker script and memory map

LOAD c:/st/stm32cubeide_1.5.1/stm32cubeide/plugins/com.st.stm32cube.ide.mcu.externaltools.gnu-tools-for-stm32.7-2018-q2-update.win32_1.5.0.202011040924/tools/bin/../lib/gcc/arm-none-eabi/7.3.1/thumb/v6-m/crti.o
LOAD c:/st/stm32cubeide_1.5.1/stm32cubeide/plugins/com.st.stm32cube.ide.mcu.externaltools.gnu-tools-for-stm32.7-2018-q2-update.win32_1.5.0.202011040924/tools/bin/../lib/gcc/arm-none-eabi/7.3.1/thumb/v6-m/crtbegin.o
LOAD c:/st/stm32cubeide_1.5.1/stm32cubeide/plugins/com.st.stm32cube.ide.mcu.externaltools.gnu-tools-for-stm32.7-2018-q2-update.win32_1.5.0.202011040924/tools/bin/../lib/gcc/arm-none-eabi/7.3.1/../../../../arm-none-eabi/lib/thumb/v6-m/crt0.o
LOAD BOS/BOS.o
LOAD BOS/BOS_CLI.o
LOAD BOS/BOS_CLIcommands.o
LOAD BOS/BOS_dma.o
LOAD BOS/BOS_eeprom.o
LOAD BOS/BOS_freertos.o
LOAD BOS/BOS_inputs.o
LOAD BOS/BOS_messaging.o
LOAD BOS/BOS_msgparser.o
LOAD H23R3x/H23R30.o
LOAD H23R3x/H23R3_dma.o
LOAD H23R3x/H23R3_gpio.o
LOAD H23R3x/H23R3_it.o
LOAD H23R3x/H23R3_rtc.o
LOAD H23R3x/H23R3_timers.o
LOAD H23R3x/H23R3_uart.o
LOAD H23R3x/startup_stm32f091xc.o
LOAD Thirdparty/CMSIS/Device/ST/STM32F0xx/Source/Templates/system_stm32f0xx.o
LOAD Thirdparty/Middleware/FreeRTOS/Source/CMSIS_RTOS/cmsis_os.o
LOAD Thirdparty/Middleware/FreeRTOS/Source/FreeRTOS_CLI.o
LOAD Thirdparty/Middleware/FreeRTOS/Source/croutine.o
LOAD Thirdparty/Middleware/FreeRTOS/Source/event_groups.o
LOAD Thirdparty/Middleware/FreeRTOS/Source/list.o
LOAD Thirdparty/Middleware/FreeRTOS/Source/queue.o
LOAD Thirdparty/Middleware/FreeRTOS/Source/tasks.o
LOAD Thirdparty/Middleware/FreeRTOS/Source/timers.o
LOAD Thirdparty/Middleware/FreeRTOS/Source/portable/GCC/ARM_CM0/port.o
LOAD Thirdparty/Middleware/FreeRTOS/Source/portable/MemMang/heap_4.o
LOAD Thirdparty/STM32F0xx_HAL_Driver/Src/stm32f0xx_hal.o
LOAD Thirdparty/STM32F0xx_HAL_Driver/Src/stm32f0xx_hal_adc.o
LOAD Thirdparty/STM32F0xx_HAL_Driver/Src/stm32f0xx_hal_adc_ex.o
LOAD Thirdparty/STM32F0xx_HAL_Driver/Src/stm32f0xx_hal_can.o
LOAD Thirdparty/STM32F0xx_HAL_Driver/Src/stm32f0xx_hal_cec.o
LOAD Thirdparty/STM32F0xx_HAL_Driver/Src/stm32f0xx_hal_comp.o
LOAD Thirdparty/STM32F0xx_HAL_Driver/Src/stm32f0xx_hal_cortex.o
LOAD Thirdparty/STM32F0xx_HAL_Driver/Src/stm32f0xx_hal_crc.o
LOAD Thirdparty/STM32F0xx_HAL_Driver/Src/stm32f0xx_hal_crc_ex.o
LOAD Thirdparty/STM32F0xx_HAL_Driver/Src/stm32f0xx_hal_dac.o
LOAD Thirdparty/STM32F0xx_HAL_Driver/Src/stm32f0xx_hal_dac_ex.o
LOAD Thirdparty/STM32F0xx_HAL_Driver/Src/stm32f0xx_hal_dma.o
LOAD Thirdparty/STM32F0xx_HAL_Driver/Src/stm32f0xx_hal_flash.o
LOAD Thirdparty/STM32F0xx_HAL_Driver/Src/stm32f0xx_hal_flash_ex.o
LOAD Thirdparty/STM32F0xx_HAL_Driver/Src/stm32f0xx_hal_gpio.o
LOAD Thirdparty/STM32F0xx_HAL_Driver/Src/stm32f0xx_hal_i2c.o
LOAD Thirdparty/STM32F0xx_HAL_Driver/Src/stm32f0xx_hal_i2c_ex.o
LOAD Thirdparty/STM32F0xx_HAL_Driver/Src/stm32f0xx_hal_i2s.o
LOAD Thirdparty/STM32F0xx_HAL_Driver/Src/stm32f0xx_hal_irda.o
LOAD Thirdparty/STM32F0xx_HAL_Driver/Src/stm32f0xx_hal_iwdg.o
LOAD Thirdparty/STM32F0xx_HAL_Driver/Src/stm32f0xx_hal_msp_template.o
LOAD Thirdparty/STM32F0xx_HAL_Driver/Src/stm32f0xx_hal_pcd.o
LOAD Thirdparty/STM32F0xx_HAL_Driver/Src/stm32f0xx_hal_pcd_ex.o
LOAD Thirdparty/STM32F0xx_HAL_Driver/Src/stm32f0xx_hal_pwr.o
LOAD Thirdparty/STM32F0xx_HAL_Driver/Src/stm32f0xx_hal_pwr_ex.o
LOAD Thirdparty/STM32F0xx_HAL_Driver/Src/stm32f0xx_hal_rcc.o
LOAD Thirdparty/STM32F0xx_HAL_Driver/Src/stm32f0xx_hal_rcc_ex.o
LOAD Thirdparty/STM32F0xx_HAL_Driver/Src/stm32f0xx_hal_rtc.o
LOAD Thirdparty/STM32F0xx_HAL_Driver/Src/stm32f0xx_hal_rtc_ex.o
LOAD Thirdparty/STM32F0xx_HAL_Driver/Src/stm32f0xx_hal_smartcard.o
LOAD Thirdparty/STM32F0xx_HAL_Driver/Src/stm32f0xx_hal_smartcard_ex.o
LOAD Thirdparty/STM32F0xx_HAL_Driver/Src/stm32f0xx_hal_smbus.o
LOAD Thirdparty/STM32F0xx_HAL_Driver/Src/stm32f0xx_hal_spi.o
LOAD Thirdparty/STM32F0xx_HAL_Driver/Src/stm32f0xx_hal_spi_ex.o
LOAD Thirdparty/STM32F0xx_HAL_Driver/Src/stm32f0xx_hal_tim.o
LOAD Thirdparty/STM32F0xx_HAL_Driver/Src/stm32f0xx_hal_tim_ex.o
LOAD Thirdparty/STM32F0xx_HAL_Driver/Src/stm32f0xx_hal_tsc.o
LOAD Thirdparty/STM32F0xx_HAL_Driver/Src/stm32f0xx_hal_uart.o
LOAD Thirdparty/STM32F0xx_HAL_Driver/Src/stm32f0xx_hal_uart_ex.o
LOAD Thirdparty/STM32F0xx_HAL_Driver/Src/stm32f0xx_hal_usart.o
LOAD Thirdparty/STM32F0xx_HAL_Driver/Src/stm32f0xx_hal_wwdg.o
LOAD User/main.o
START GROUP
LOAD c:/st/stm32cubeide_1.5.1/stm32cubeide/plugins/com.st.stm32cube.ide.mcu.externaltools.gnu-tools-for-stm32.7-2018-q2-update.win32_1.5.0.202011040924/tools/bin/../lib/gcc/arm-none-eabi/7.3.1/../../../../arm-none-eabi/lib/thumb/v6-m\libc.a
LOAD c:/st/stm32cubeide_1.5.1/stm32cubeide/plugins/com.st.stm32cube.ide.mcu.externaltools.gnu-tools-for-stm32.7-2018-q2-update.win32_1.5.0.202011040924/tools/bin/../lib/gcc/arm-none-eabi/7.3.1/../../../../arm-none-eabi/lib/thumb/v6-m\libm.a
END GROUP
START GROUP
LOAD c:/st/stm32cubeide_1.5.1/stm32cubeide/plugins/com.st.stm32cube.ide.mcu.externaltools.gnu-tools-for-stm32.7-2018-q2-update.win32_1.5.0.202011040924/tools/bin/../lib/gcc/arm-none-eabi/7.3.1/thumb/v6-m\libgcc.a
LOAD c:/st/stm32cubeide_1.5.1/stm32cubeide/plugins/com.st.stm32cube.ide.mcu.externaltools.gnu-tools-for-stm32.7-2018-q2-update.win32_1.5.0.202011040924/tools/bin/../lib/gcc/arm-none-eabi/7.3.1/../../../../arm-none-eabi/lib/thumb/v6-m\libc.a
END GROUP
START GROUP
LOAD c:/st/stm32cubeide_1.5.1/stm32cubeide/plugins/com.st.stm32cube.ide.mcu.externaltools.gnu-tools-for-stm32.7-2018-q2-update.win32_1.5.0.202011040924/tools/bin/../lib/gcc/arm-none-eabi/7.3.1/thumb/v6-m\libgcc.a
LOAD c:/st/stm32cubeide_1.5.1/stm32cubeide/plugins/com.st.stm32cube.ide.mcu.externaltools.gnu-tools-for-stm32.7-2018-q2-update.win32_1.5.0.202011040924/tools/bin/../lib/gcc/arm-none-eabi/7.3.1/../../../../arm-none-eabi/lib/thumb/v6-m\libc.a
LOAD c:/st/stm32cubeide_1.5.1/stm32cubeide/plugins/com.st.stm32cube.ide.mcu.externaltools.gnu-tools-for-stm32.7-2018-q2-update.win32_1.5.0.202011040924/tools/bin/../lib/gcc/arm-none-eabi/7.3.1/../../../../arm-none-eabi/lib/thumb/v6-m\libnosys.a
END GROUP
LOAD c:/st/stm32cubeide_1.5.1/stm32cubeide/plugins/com.st.stm32cube.ide.mcu.externaltools.gnu-tools-for-stm32.7-2018-q2-update.win32_1.5.0.202011040924/tools/bin/../lib/gcc/arm-none-eabi/7.3.1/thumb/v6-m/crtend.o
LOAD c:/st/stm32cubeide_1.5.1/stm32cubeide/plugins/com.st.stm32cube.ide.mcu.externaltools.gnu-tools-for-stm32.7-2018-q2-update.win32_1.5.0.202011040924/tools/bin/../lib/gcc/arm-none-eabi/7.3.1/thumb/v6-m/crtn.o
                0x0000000020008000                _estack = (ORIGIN (RAM) + LENGTH (RAM))
                0x0000000000000200                _Min_Heap_Size = 0x200
                0x0000000000000400                _Min_Stack_Size = 0x400

.isr_vector     0x0000000008000000       0xbc
                0x0000000008000000                . = ALIGN (0x4)
 *(.isr_vector)
 .isr_vector    0x0000000008000000       0xbc H23R3x/startup_stm32f091xc.o
                0x0000000008000000                g_pfnVectors
                0x00000000080000bc                . = ALIGN (0x4)

.text           0x00000000080000bc    0x176e4
                0x00000000080000bc                . = ALIGN (0x4)
 *(.text)
 .text          0x00000000080000bc       0x48 c:/st/stm32cubeide_1.5.1/stm32cubeide/plugins/com.st.stm32cube.ide.mcu.externaltools.gnu-tools-for-stm32.7-2018-q2-update.win32_1.5.0.202011040924/tools/bin/../lib/gcc/arm-none-eabi/7.3.1/thumb/v6-m/crtbegin.o
 .text          0x0000000008000104       0x14 c:/st/stm32cubeide_1.5.1/stm32cubeide/plugins/com.st.stm32cube.ide.mcu.externaltools.gnu-tools-for-stm32.7-2018-q2-update.win32_1.5.0.202011040924/tools/bin/../lib/gcc/arm-none-eabi/7.3.1/../../../../arm-none-eabi/lib/thumb/v6-m\libc.a(lib_a-strcmp.o)
                0x0000000008000104                strcmp
 .text          0x0000000008000118        0xe c:/st/stm32cubeide_1.5.1/stm32cubeide/plugins/com.st.stm32cube.ide.mcu.externaltools.gnu-tools-for-stm32.7-2018-q2-update.win32_1.5.0.202011040924/tools/bin/../lib/gcc/arm-none-eabi/7.3.1/../../../../arm-none-eabi/lib/thumb/v6-m\libc.a(lib_a-strlen.o)
                0x0000000008000118                strlen
 *fill*         0x0000000008000126        0x2 
 .text          0x0000000008000128       0x14 c:/st/stm32cubeide_1.5.1/stm32cubeide/plugins/com.st.stm32cube.ide.mcu.externaltools.gnu-tools-for-stm32.7-2018-q2-update.win32_1.5.0.202011040924/tools/bin/../lib/gcc/arm-none-eabi/7.3.1/thumb/v6-m\libgcc.a(_thumb1_case_uqi.o)
                0x0000000008000128                __gnu_thumb1_case_uqi
 .text          0x000000000800013c       0x14 c:/st/stm32cubeide_1.5.1/stm32cubeide/plugins/com.st.stm32cube.ide.mcu.externaltools.gnu-tools-for-stm32.7-2018-q2-update.win32_1.5.0.202011040924/tools/bin/../lib/gcc/arm-none-eabi/7.3.1/thumb/v6-m\libgcc.a(_thumb1_case_shi.o)
                0x000000000800013c                __gnu_thumb1_case_shi
 .text          0x0000000008000150      0x114 c:/st/stm32cubeide_1.5.1/stm32cubeide/plugins/com.st.stm32cube.ide.mcu.externaltools.gnu-tools-for-stm32.7-2018-q2-update.win32_1.5.0.202011040924/tools/bin/../lib/gcc/arm-none-eabi/7.3.1/thumb/v6-m\libgcc.a(_udivsi3.o)
                0x0000000008000150                __aeabi_uidiv
                0x0000000008000150                __udivsi3
                0x000000000800025c                __aeabi_uidivmod
 .text          0x0000000008000264      0x1d4 c:/st/stm32cubeide_1.5.1/stm32cubeide/plugins/com.st.stm32cube.ide.mcu.externaltools.gnu-tools-for-stm32.7-2018-q2-update.win32_1.5.0.202011040924/tools/bin/../lib/gcc/arm-none-eabi/7.3.1/thumb/v6-m\libgcc.a(_divsi3.o)
                0x0000000008000264                __divsi3
                0x0000000008000264                __aeabi_idiv
                0x0000000008000430                __aeabi_idivmod
 .text          0x0000000008000438        0x4 c:/st/stm32cubeide_1.5.1/stm32cubeide/plugins/com.st.stm32cube.ide.mcu.externaltools.gnu-tools-for-stm32.7-2018-q2-update.win32_1.5.0.202011040924/tools/bin/../lib/gcc/arm-none-eabi/7.3.1/thumb/v6-m\libgcc.a(_dvmd_tls.o)
                0x0000000008000438                __aeabi_idiv0
                0x0000000008000438                __aeabi_ldiv0
 .text          0x000000000800043c       0x7c c:/st/stm32cubeide_1.5.1/stm32cubeide/plugins/com.st.stm32cube.ide.mcu.externaltools.gnu-tools-for-stm32.7-2018-q2-update.win32_1.5.0.202011040924/tools/bin/../lib/gcc/arm-none-eabi/7.3.1/thumb/v6-m\libgcc.a(_arm_cmpdf2.o)
                0x000000000800043c                __aeabi_cdrcmple
                0x000000000800044c                __aeabi_cdcmple
                0x000000000800044c                __aeabi_cdcmpeq
                0x000000000800045c                __aeabi_dcmpeq
                0x0000000008000468                __aeabi_dcmplt
                0x000000000800047c                __aeabi_dcmple
                0x0000000008000490                __aeabi_dcmpgt
                0x00000000080004a4                __aeabi_dcmpge
 .text          0x00000000080004b8       0x74 c:/st/stm32cubeide_1.5.1/stm32cubeide/plugins/com.st.stm32cube.ide.mcu.externaltools.gnu-tools-for-stm32.7-2018-q2-update.win32_1.5.0.202011040924/tools/bin/../lib/gcc/arm-none-eabi/7.3.1/thumb/v6-m\libgcc.a(_arm_cmpsf2.o)
                0x00000000080004b8                __aeabi_cfrcmple
                0x00000000080004c0                __aeabi_cfcmpeq
                0x00000000080004c0                __aeabi_cfcmple
                0x00000000080004d0                __aeabi_fcmpeq
                0x00000000080004dc                __aeabi_fcmplt
                0x00000000080004f0                __aeabi_fcmple
                0x0000000008000504                __aeabi_fcmpgt
                0x0000000008000518                __aeabi_fcmpge
 .text          0x000000000800052c       0x40 c:/st/stm32cubeide_1.5.1/stm32cubeide/plugins/com.st.stm32cube.ide.mcu.externaltools.gnu-tools-for-stm32.7-2018-q2-update.win32_1.5.0.202011040924/tools/bin/../lib/gcc/arm-none-eabi/7.3.1/thumb/v6-m\libgcc.a(_aeabi_uldivmod.o)
                0x000000000800052c                __aeabi_uldivmod
 .text          0x000000000800056c       0x54 c:/st/stm32cubeide_1.5.1/stm32cubeide/plugins/com.st.stm32cube.ide.mcu.externaltools.gnu-tools-for-stm32.7-2018-q2-update.win32_1.5.0.202011040924/tools/bin/../lib/gcc/arm-none-eabi/7.3.1/thumb/v6-m\libgcc.a(_muldi3.o)
                0x000000000800056c                __muldi3
                0x000000000800056c                __aeabi_lmul
 .text          0x00000000080005c0       0x30 c:/st/stm32cubeide_1.5.1/stm32cubeide/plugins/com.st.stm32cube.ide.mcu.externaltools.gnu-tools-for-stm32.7-2018-q2-update.win32_1.5.0.202011040924/tools/bin/../lib/gcc/arm-none-eabi/7.3.1/thumb/v6-m\libgcc.a(_fixunssfsi.o)
                0x00000000080005c0                __fixunssfsi
                0x00000000080005c0                __aeabi_f2uiz
 .text          0x00000000080005f0       0x3c c:/st/stm32cubeide_1.5.1/stm32cubeide/plugins/com.st.stm32cube.ide.mcu.externaltools.gnu-tools-for-stm32.7-2018-q2-update.win32_1.5.0.202011040924/tools/bin/../lib/gcc/arm-none-eabi/7.3.1/thumb/v6-m\libgcc.a(_fixunsdfsi.o)
                0x00000000080005f0                __aeabi_d2uiz
                0x00000000080005f0                __fixunsdfsi
 .text          0x000000000800062c      0x184 c:/st/stm32cubeide_1.5.1/stm32cubeide/plugins/com.st.stm32cube.ide.mcu.externaltools.gnu-tools-for-stm32.7-2018-q2-update.win32_1.5.0.202011040924/tools/bin/../lib/gcc/arm-none-eabi/7.3.1/thumb/v6-m\libgcc.a(_udivmoddi4.o)
                0x000000000800062c                __udivmoddi4
 .text          0x00000000080007b0       0x50 c:/st/stm32cubeide_1.5.1/stm32cubeide/plugins/com.st.stm32cube.ide.mcu.externaltools.gnu-tools-for-stm32.7-2018-q2-update.win32_1.5.0.202011040924/tools/bin/../lib/gcc/arm-none-eabi/7.3.1/thumb/v6-m\libgcc.a(eqsf2.o)
                0x00000000080007b0                __eqsf2
                0x00000000080007b0                __nesf2
 .text          0x0000000008000800       0x9c c:/st/stm32cubeide_1.5.1/stm32cubeide/plugins/com.st.stm32cube.ide.mcu.externaltools.gnu-tools-for-stm32.7-2018-q2-update.win32_1.5.0.202011040924/tools/bin/../lib/gcc/arm-none-eabi/7.3.1/thumb/v6-m\libgcc.a(gesf2.o)
                0x0000000008000800                __gesf2
                0x0000000008000800                __gtsf2
 .text          0x000000000800089c       0xa0 c:/st/stm32cubeide_1.5.1/stm32cubeide/plugins/com.st.stm32cube.ide.mcu.externaltools.gnu-tools-for-stm32.7-2018-q2-update.win32_1.5.0.202011040924/tools/bin/../lib/gcc/arm-none-eabi/7.3.1/thumb/v6-m\libgcc.a(lesf2.o)
                0x000000000800089c                __ltsf2
                0x000000000800089c                __lesf2
 .text          0x000000000800093c      0x264 c:/st/stm32cubeide_1.5.1/stm32cubeide/plugins/com.st.stm32cube.ide.mcu.externaltools.gnu-tools-for-stm32.7-2018-q2-update.win32_1.5.0.202011040924/tools/bin/../lib/gcc/arm-none-eabi/7.3.1/thumb/v6-m\libgcc.a(mulsf3.o)
                0x000000000800093c                __aeabi_fmul
 .text          0x0000000008000ba0      0x388 c:/st/stm32cubeide_1.5.1/stm32cubeide/plugins/com.st.stm32cube.ide.mcu.externaltools.gnu-tools-for-stm32.7-2018-q2-update.win32_1.5.0.202011040924/tools/bin/../lib/gcc/arm-none-eabi/7.3.1/thumb/v6-m\libgcc.a(subsf3.o)
                0x0000000008000ba0                __aeabi_fsub
 .text          0x0000000008000f28       0x40 c:/st/stm32cubeide_1.5.1/stm32cubeide/plugins/com.st.stm32cube.ide.mcu.externaltools.gnu-tools-for-stm32.7-2018-q2-update.win32_1.5.0.202011040924/tools/bin/../lib/gcc/arm-none-eabi/7.3.1/thumb/v6-m\libgcc.a(fixsfsi.o)
                0x0000000008000f28                __aeabi_f2iz
 .text          0x0000000008000f68       0x80 c:/st/stm32cubeide_1.5.1/stm32cubeide/plugins/com.st.stm32cube.ide.mcu.externaltools.gnu-tools-for-stm32.7-2018-q2-update.win32_1.5.0.202011040924/tools/bin/../lib/gcc/arm-none-eabi/7.3.1/thumb/v6-m\libgcc.a(floatunsisf.o)
                0x0000000008000f68                __aeabi_ui2f
 .text          0x0000000008000fe8      0x638 c:/st/stm32cubeide_1.5.1/stm32cubeide/plugins/com.st.stm32cube.ide.mcu.externaltools.gnu-tools-for-stm32.7-2018-q2-update.win32_1.5.0.202011040924/tools/bin/../lib/gcc/arm-none-eabi/7.3.1/thumb/v6-m\libgcc.a(adddf3.o)
                0x0000000008000fe8                __aeabi_dadd
 .text          0x0000000008001620      0x604 c:/st/stm32cubeide_1.5.1/stm32cubeide/plugins/com.st.stm32cube.ide.mcu.externaltools.gnu-tools-for-stm32.7-2018-q2-update.win32_1.5.0.202011040924/tools/bin/../lib/gcc/arm-none-eabi/7.3.1/thumb/v6-m\libgcc.a(divdf3.o)
                0x0000000008001620                __aeabi_ddiv
 .text          0x0000000008001c24       0x78 c:/st/stm32cubeide_1.5.1/stm32cubeide/plugins/com.st.stm32cube.ide.mcu.externaltools.gnu-tools-for-stm32.7-2018-q2-update.win32_1.5.0.202011040924/tools/bin/../lib/gcc/arm-none-eabi/7.3.1/thumb/v6-m\libgcc.a(eqdf2.o)
                0x0000000008001c24                __nedf2
                0x0000000008001c24                __eqdf2
 .text          0x0000000008001c9c       0xc8 c:/st/stm32cubeide_1.5.1/stm32cubeide/plugins/com.st.stm32cube.ide.mcu.externaltools.gnu-tools-for-stm32.7-2018-q2-update.win32_1.5.0.202011040924/tools/bin/../lib/gcc/arm-none-eabi/7.3.1/thumb/v6-m\libgcc.a(gedf2.o)
                0x0000000008001c9c                __gedf2
                0x0000000008001c9c                __gtdf2
 .text          0x0000000008001d64       0xd0 c:/st/stm32cubeide_1.5.1/stm32cubeide/plugins/com.st.stm32cube.ide.mcu.externaltools.gnu-tools-for-stm32.7-2018-q2-update.win32_1.5.0.202011040924/tools/bin/../lib/gcc/arm-none-eabi/7.3.1/thumb/v6-m\libgcc.a(ledf2.o)
                0x0000000008001d64                __ledf2
                0x0000000008001d64                __ltdf2
 .text          0x0000000008001e34      0x4e4 c:/st/stm32cubeide_1.5.1/stm32cubeide/plugins/com.st.stm32cube.ide.mcu.externaltools.gnu-tools-for-stm32.7-2018-q2-update.win32_1.5.0.202011040924/tools/bin/../lib/gcc/arm-none-eabi/7.3.1/thumb/v6-m\libgcc.a(muldf3.o)
                0x0000000008001e34                __aeabi_dmul
 .text          0x0000000008002318      0x690 c:/st/stm32cubeide_1.5.1/stm32cubeide/plugins/com.st.stm32cube.ide.mcu.externaltools.gnu-tools-for-stm32.7-2018-q2-update.win32_1.5.0.202011040924/tools/bin/../lib/gcc/arm-none-eabi/7.3.1/thumb/v6-m\libgcc.a(subdf3.o)
                0x0000000008002318                __aeabi_dsub
 .text          0x00000000080029a8       0x38 c:/st/stm32cubeide_1.5.1/stm32cubeide/plugins/com.st.stm32cube.ide.mcu.externaltools.gnu-tools-for-stm32.7-2018-q2-update.win32_1.5.0.202011040924/tools/bin/../lib/gcc/arm-none-eabi/7.3.1/thumb/v6-m\libgcc.a(unorddf2.o)
                0x00000000080029a8                __aeabi_dcmpun
 .text          0x00000000080029e0       0x6c c:/st/stm32cubeide_1.5.1/stm32cubeide/plugins/com.st.stm32cube.ide.mcu.externaltools.gnu-tools-for-stm32.7-2018-q2-update.win32_1.5.0.202011040924/tools/bin/../lib/gcc/arm-none-eabi/7.3.1/thumb/v6-m\libgcc.a(fixdfsi.o)
                0x00000000080029e0                __aeabi_d2iz
 .text          0x0000000008002a4c       0x74 c:/st/stm32cubeide_1.5.1/stm32cubeide/plugins/com.st.stm32cube.ide.mcu.externaltools.gnu-tools-for-stm32.7-2018-q2-update.win32_1.5.0.202011040924/tools/bin/../lib/gcc/arm-none-eabi/7.3.1/thumb/v6-m\libgcc.a(floatsidf.o)
                0x0000000008002a4c                __aeabi_i2d
 .text          0x0000000008002ac0       0x64 c:/st/stm32cubeide_1.5.1/stm32cubeide/plugins/com.st.stm32cube.ide.mcu.externaltools.gnu-tools-for-stm32.7-2018-q2-update.win32_1.5.0.202011040924/tools/bin/../lib/gcc/arm-none-eabi/7.3.1/thumb/v6-m\libgcc.a(floatunsidf.o)
                0x0000000008002ac0                __aeabi_ui2d
 .text          0x0000000008002b24       0xa4 c:/st/stm32cubeide_1.5.1/stm32cubeide/plugins/com.st.stm32cube.ide.mcu.externaltools.gnu-tools-for-stm32.7-2018-q2-update.win32_1.5.0.202011040924/tools/bin/../lib/gcc/arm-none-eabi/7.3.1/thumb/v6-m\libgcc.a(extendsfdf2.o)
                0x0000000008002b24                __aeabi_f2d
 .text          0x0000000008002bc8      0x108 c:/st/stm32cubeide_1.5.1/stm32cubeide/plugins/com.st.stm32cube.ide.mcu.externaltools.gnu-tools-for-stm32.7-2018-q2-update.win32_1.5.0.202011040924/tools/bin/../lib/gcc/arm-none-eabi/7.3.1/thumb/v6-m\libgcc.a(truncdfsf2.o)
                0x0000000008002bc8                __aeabi_d2f
 .text          0x0000000008002cd0       0x3c c:/st/stm32cubeide_1.5.1/stm32cubeide/plugins/com.st.stm32cube.ide.mcu.externaltools.gnu-tools-for-stm32.7-2018-q2-update.win32_1.5.0.202011040924/tools/bin/../lib/gcc/arm-none-eabi/7.3.1/thumb/v6-m\libgcc.a(_clzsi2.o)
                0x0000000008002cd0                __clzsi2
 .text          0x0000000008002d0c       0x18 c:/st/stm32cubeide_1.5.1/stm32cubeide/plugins/com.st.stm32cube.ide.mcu.externaltools.gnu-tools-for-stm32.7-2018-q2-update.win32_1.5.0.202011040924/tools/bin/../lib/gcc/arm-none-eabi/7.3.1/thumb/v6-m\libgcc.a(_clzdi2.o)
                0x0000000008002d0c                __clzdi2
 *(.text*)
 .text.LoadROtopology
                0x0000000008002d24       0xa8 BOS/BOS.o
                0x0000000008002d24                LoadROtopology
 .text.LoadEEportsDir
                0x0000000008002dcc       0x48 BOS/BOS.o
                0x0000000008002dcc                LoadEEportsDir
 .text.LoadEEalias
                0x0000000008002e14       0x84 BOS/BOS.o
                0x0000000008002e14                LoadEEalias
 .text.LoadEEgroup
                0x0000000008002e98       0xa8 BOS/BOS.o
                0x0000000008002e98                LoadEEgroup
 .text.LoadEEstreams
                0x0000000008002f40      0x14c BOS/BOS.o
                0x0000000008002f40                LoadEEstreams
 .text.LoadEEparams
                0x000000000800308c      0x150 BOS/BOS.o
                0x000000000800308c                LoadEEparams
 .text.LoadEEbuttons
                0x00000000080031dc       0xec BOS/BOS.o
                0x00000000080031dc                LoadEEbuttons
 .text.LoadROsnippets
                0x00000000080032c8      0x10c BOS/BOS.o
                0x00000000080032c8                LoadROsnippets
 .text.LoadEEvars
                0x00000000080033d4       0x24 BOS/BOS.o
                0x00000000080033d4                LoadEEvars
 .text.SaveEEportsDir
                0x00000000080033f8       0x54 BOS/BOS.o
                0x00000000080033f8                SaveEEportsDir
 .text.SaveEEalias
                0x000000000800344c       0x84 BOS/BOS.o
                0x000000000800344c                SaveEEalias
 .text.SaveEEstreams
                0x00000000080034d0       0x8c BOS/BOS.o
                0x00000000080034d0                SaveEEstreams
 .text.SaveEEparams
                0x000000000800355c       0x70 BOS/BOS.o
                0x000000000800355c                SaveEEparams
 .text.ClearEEportsDir
                0x00000000080035cc       0x60 BOS/BOS.o
                0x00000000080035cc                ClearEEportsDir
 .text.EE_FormatForFactoryReset
                0x000000000800362c       0x24 BOS/BOS.o
                0x000000000800362c                EE_FormatForFactoryReset
 .text.IsLowerCLIbaud
                0x0000000008003650       0x9c BOS/BOS.o
                0x0000000008003650                IsLowerCLIbaud
 .text.SetupPortForRemoteBootloaderUpdate
                0x00000000080036ec       0x2a BOS/BOS.o
                0x00000000080036ec                SetupPortForRemoteBootloaderUpdate
 *fill*         0x0000000008003716        0x2 
 .text.IsModuleParameter
                0x0000000008003718       0x18 BOS/BOS.o
                0x0000000008003718                IsModuleParameter
 .text.IsMathOperator
                0x0000000008003730       0x8c BOS/BOS.o
                0x0000000008003730                IsMathOperator
 .text.ExploreNeighbors
                0x00000000080037bc       0x54 BOS/BOS.o
                0x00000000080037bc                ExploreNeighbors
 .text.FindBroadcastRoutes
                0x0000000008003810      0x13c BOS/BOS.o
                0x0000000008003810                FindBroadcastRoutes
 .text.minArr   0x000000000800394c       0x3c BOS/BOS.o
                0x000000000800394c                minArr
 .text.QnotEmpty
                0x0000000008003988       0x24 BOS/BOS.o
                0x0000000008003988                QnotEmpty
 .text.FindRoute
                0x00000000080039ac      0x1a0 BOS/BOS.o
                0x00000000080039ac                FindRoute
 .text.remoteBootloaderUpdate
                0x0000000008003b4c      0x104 BOS/BOS.o
                0x0000000008003b4c                remoteBootloaderUpdate
 .text.DisplayTopology
                0x0000000008003c50      0x1a0 BOS/BOS.o
                0x0000000008003c50                DisplayTopology
 .text.DisplayPortsDir
                0x0000000008003df0       0xe8 BOS/BOS.o
                0x0000000008003df0                DisplayPortsDir
 .text.DisplayModuleStatus
                0x0000000008003ed8      0x2c0 BOS/BOS.o
                0x0000000008003ed8                DisplayModuleStatus
 .text.GetID    0x0000000008004198       0xc8 BOS/BOS.o
                0x0000000008004198                GetID
 .text.NameModule
                0x0000000008004260       0xd0 BOS/BOS.o
                0x0000000008004260                NameModule
 .text.AddModuleToGroup
                0x0000000008004330      0x110 BOS/BOS.o
                0x0000000008004330                AddModuleToGroup
 .text.ReadPortsDir
                0x0000000008004440       0xac BOS/BOS.o
                0x0000000008004440                ReadPortsDir
 .text.UpdateMyPortsDir
                0x00000000080044ec       0x5c BOS/BOS.o
                0x00000000080044ec                UpdateMyPortsDir
 .text.BOS_Init
                0x0000000008004548      0x124 BOS/BOS.o
                0x0000000008004548                BOS_Init
 .text.Module_Init
                0x000000000800466c       0x18 BOS/BOS.o
                0x000000000800466c                Module_Init
 .text.GetDateString
                0x0000000008004684       0x44 BOS/BOS.o
                0x0000000008004684                GetDateString
 .text.Bridge   0x00000000080046c8       0x28 BOS/BOS.o
                0x00000000080046c8                Bridge
 .text.Unbridge
                0x00000000080046f0       0x7c BOS/BOS.o
                0x00000000080046f0                Unbridge
 .text.StringToLowerCase
                0x000000000800476c       0x2e BOS/BOS_CLI.o
                0x000000000800476c                StringToLowerCase
 *fill*         0x000000000800479a        0x2 
 .text.ParseSnippetCondition
                0x000000000800479c      0x458 BOS/BOS_CLI.o
                0x000000000800479c                ParseSnippetCondition
 .text.AddSnippet
                0x0000000008004bf4       0xf4 BOS/BOS_CLI.o
                0x0000000008004bf4                AddSnippet
 .text.CLI_CommandParser
                0x0000000008004ce8      0x424 BOS/BOS_CLI.o
                0x0000000008004ce8                CLI_CommandParser
 .text.prvCLITask
                0x000000000800510c      0x1e0 BOS/BOS_CLI.o
                0x000000000800510c                prvCLITask
 .text.ParseSnippetCommand
                0x00000000080052ec       0x84 BOS/BOS_CLI.o
                0x00000000080052ec                ParseSnippetCommand
 .text.CheckSnippetCondition
                0x0000000008005370      0x11c BOS/BOS_CLI.o
                0x0000000008005370                CheckSnippetCondition
 .text.ExecuteSnippet
                0x000000000800548c       0x90 BOS/BOS_CLI.o
                0x000000000800548c                ExecuteSnippet
 .text.exploreCommand
                0x000000000800551c        0x4 BOS/BOS_CLIcommands.o
 .text.setBaudrateCommand
                0x0000000008005520       0x80 BOS/BOS_CLIcommands.o
 .text.flashsizeCommand
                0x00000000080055a0       0x20 BOS/BOS_CLIcommands.o
 .text.GetReadPrecentageCommand
                0x00000000080055c0       0x60 BOS/BOS_CLIcommands.o
 .text.ReadVrefCommand
                0x0000000008005620       0x40 BOS/BOS_CLIcommands.o
 .text.ReadTempCommand
                0x0000000008005660       0x40 BOS/BOS_CLIcommands.o
 .text.ADCReadCommand
                0x00000000080056a0       0xb8 BOS/BOS_CLIcommands.o
 .text.testportCommand
                0x0000000008005758      0x1c4 BOS/BOS_CLIcommands.o
 .text.unbridgeCommand
                0x000000000800591c       0xb4 BOS/BOS_CLIcommands.o
 .text.bridgeCommand
                0x00000000080059d0       0xb4 BOS/BOS_CLIcommands.o
 .text.delSnipCommand
                0x0000000008005a84       0xd8 BOS/BOS_CLIcommands.o
 .text.pauseSnipCommand
                0x0000000008005b5c       0x70 BOS/BOS_CLIcommands.o
 .text.actSnipCommand
                0x0000000008005bcc       0x70 BOS/BOS_CLIcommands.o
 .text.snipCommand
                0x0000000008005c3c      0x244 BOS/BOS_CLIcommands.o
 .text.idcodeCommand
                0x0000000008005e80       0xa8 BOS/BOS_CLIcommands.o
 .text.uuidCommand
                0x0000000008005f28       0x6c BOS/BOS_CLIcommands.o
 .text.timeCommand
                0x0000000008005f94       0x94 BOS/BOS_CLIcommands.o
 .text.dateCommand
                0x0000000008006028       0x24 BOS/BOS_CLIcommands.o
 .text.getCommand
                0x000000000800604c      0x258 BOS/BOS_CLIcommands.o
 .text.defaultCommand
                0x00000000080062a4       0xbc BOS/BOS_CLIcommands.o
 .text.setCommand
                0x0000000008006360      0x800 BOS/BOS_CLIcommands.o
 .text.removebuttonCommand
                0x0000000008006b60       0x54 BOS/BOS_CLIcommands.o
 .text.addbuttonCommand
                0x0000000008006bb4       0xc8 BOS/BOS_CLIcommands.o
 .text.scastCommand
                0x0000000008006c7c      0x17c BOS/BOS_CLIcommands.o
 .text.infoCommand
                0x0000000008006df8       0xbc BOS/BOS_CLIcommands.o
 .text.statusCommand
                0x0000000008006eb4       0x14 BOS/BOS_CLIcommands.o
 .text.groupCommand
                0x0000000008006ec8      0x1b4 BOS/BOS_CLIcommands.o
 .text.nameCommand
                0x000000000800707c       0x9c BOS/BOS_CLIcommands.o
 .text.bootloaderUpdateCommand
                0x0000000008007118      0x184 BOS/BOS_CLIcommands.o
 .text.pingCommand
                0x000000000800729c       0x6c BOS/BOS_CLIcommands.o
 .text.prvRunTimeStatsCommand
                0x0000000008007308       0x24 BOS/BOS_CLIcommands.o
 .text.prvTaskStatsCommand
                0x000000000800732c       0x24 BOS/BOS_CLIcommands.o
 .text.resetCommand
                0x0000000008007350       0x24 BOS/BOS_CLIcommands.o
 .text.RegisterUserCLICommands
                0x0000000008007374        0x2 BOS/BOS_CLIcommands.o
                0x0000000008007374                RegisterUserCLICommands
 *fill*         0x0000000008007376        0x2 
 .text.vRegisterCLICommands
                0x0000000008007378      0x160 BOS/BOS_CLIcommands.o
                0x0000000008007378                vRegisterCLICommands
 .text.StopMsgDMA
                0x00000000080074d8       0x24 BOS/BOS_dma.o
                0x00000000080074d8                StopMsgDMA
 .text.StopStreamDMA
                0x00000000080074fc       0x34 BOS/BOS_dma.o
                0x00000000080074fc                StopStreamDMA
 .text.SwitchMsgDMAToStream
                0x0000000008007530       0x28 BOS/BOS_dma.o
                0x0000000008007530                SwitchMsgDMAToStream
 .text.SwitchStreamDMAToMsg
                0x0000000008007558       0x64 BOS/BOS_dma.o
                0x0000000008007558                SwitchStreamDMAToMsg
 .text.StartDMAstream
                0x00000000080075bc       0x50 BOS/BOS_dma.o
                0x00000000080075bc                StartDMAstream
 .text.DMA_IRQHandler
                0x000000000800760c       0x64 BOS/BOS_dma.o
                0x000000000800760c                DMA_IRQHandler
 .text.ResetUartORE
                0x0000000008007670       0x38 BOS/BOS_dma.o
                0x0000000008007670                ResetUartORE
 .text.EE_VerifyPageFullWriteVariable
                0x00000000080076a8       0xd8 BOS/BOS_eeprom.o
 .text.EE_ReadVariable
                0x0000000008007780       0x60 BOS/BOS_eeprom.o
                0x0000000008007780                EE_ReadVariable
 .text.EE_WriteVariable
                0x00000000080077e0      0x150 BOS/BOS_eeprom.o
                0x00000000080077e0                EE_WriteVariable
 .text.EE_Format
                0x0000000008007930       0xc8 BOS/BOS_eeprom.o
                0x0000000008007930                EE_Format
 .text.EE_Init  0x00000000080079f8      0x394 BOS/BOS_eeprom.o
                0x00000000080079f8                EE_Init
 .text.StartDefaultTask
                0x0000000008007d8c       0xc0 BOS/BOS_freertos.o
                0x0000000008007d8c                StartDefaultTask
 .text.MX_FREERTOS_Init
                0x0000000008007e4c      0x1f4 BOS/BOS_freertos.o
                0x0000000008007e4c                MX_FREERTOS_Init
 .text.vMainConfigureTimerForRunTimeStats
                0x0000000008008040       0x20 BOS/BOS_freertos.o
                0x0000000008008040                vMainConfigureTimerForRunTimeStats
 .text.ulMainGetRunTimeCounterValue
                0x0000000008008060       0x50 BOS/BOS_freertos.o
                0x0000000008008060                ulMainGetRunTimeCounterValue
 .text.buttonPressedCallback
                0x00000000080080b0        0x2 BOS/BOS_inputs.o
                0x00000000080080b0                buttonPressedCallback
 *fill*         0x00000000080080b2        0x2 
 .text.CheckForTimedButtonPress
                0x00000000080080b4       0x7c BOS/BOS_inputs.o
                0x00000000080080b4                CheckForTimedButtonPress
 .text.CheckForTimedButtonRelease
                0x0000000008008130       0x7c BOS/BOS_inputs.o
                0x0000000008008130                CheckForTimedButtonRelease
 .text.AddPortButton
                0x00000000080081ac      0x124 BOS/BOS_inputs.o
                0x00000000080081ac                AddPortButton
 .text.RemovePortButton
                0x00000000080082d0      0x110 BOS/BOS_inputs.o
                0x00000000080082d0                RemovePortButton
 .text.SetButtonEvents
                0x00000000080083e0      0x2b4 BOS/BOS_inputs.o
                0x00000000080083e0                SetButtonEvents
 .text.HAL_ADC_MspInit
                0x0000000008008694       0x60 BOS/BOS_inputs.o
                0x0000000008008694                HAL_ADC_MspInit
 .text.Get_channel
                0x00000000080086f4       0x48 BOS/BOS_inputs.o
                0x00000000080086f4                Get_channel
 .text.Error_Handler
                0x000000000800873c        0xa BOS/BOS_inputs.o
                0x000000000800873c                Error_Handler
 *fill*         0x0000000008008746        0x2 
 .text.MX_ADC_Init
                0x0000000008008748       0x54 BOS/BOS_inputs.o
                0x0000000008008748                MX_ADC_Init
 .text.ReadTempAndVref
                0x000000000800879c      0x17c BOS/BOS_inputs.o
                0x000000000800879c                ReadTempAndVref
 .text.GetReadPrecentage
                0x0000000008008918      0x140 BOS/BOS_inputs.o
                0x0000000008008918                GetReadPrecentage
 .text.Get_Rank
                0x0000000008008a58       0x54 BOS/BOS_inputs.o
                0x0000000008008a58                Get_Rank
 .text.ADCSelectChannel
                0x0000000008008aac       0x5c BOS/BOS_inputs.o
                0x0000000008008aac                ADCSelectChannel
 .text.ReadADCChannel
                0x0000000008008b08       0xc0 BOS/BOS_inputs.o
                0x0000000008008b08                ReadADCChannel
 .text.buttonReleasedCallback
                0x0000000008008bc8        0x2 BOS/BOS_inputs.o
                0x0000000008008bc8                buttonReleasedCallback
 .text.buttonClickedCallback
                0x0000000008008bca        0x2 BOS/BOS_inputs.o
                0x0000000008008bca                buttonClickedCallback
 .text.buttonDblClickedCallback
                0x0000000008008bcc        0x2 BOS/BOS_inputs.o
                0x0000000008008bcc                buttonDblClickedCallback
 .text.buttonPressedForXCallback
                0x0000000008008bce        0x2 BOS/BOS_inputs.o
                0x0000000008008bce                buttonPressedForXCallback
 .text.buttonReleasedForYCallback
                0x0000000008008bd0        0x2 BOS/BOS_inputs.o
                0x0000000008008bd0                buttonReleasedForYCallback
 *fill*         0x0000000008008bd2        0x2 
 .text.CheckAttachedButtons
                0x0000000008008bd4      0x444 BOS/BOS_inputs.o
                0x0000000008008bd4                CheckAttachedButtons
 .text.StreamTimerCallback
                0x0000000008009018       0x16 BOS/BOS_messaging.o
                0x0000000008009018                StreamTimerCallback
 *fill*         0x000000000800902e        0x2 
 .text.SetupDMAStreams
                0x0000000008009030      0x1b8 BOS/BOS_messaging.o
                0x0000000008009030                SetupDMAStreams
 .text.NotifyMessagingTask
                0x00000000080091e8       0x8c BOS/BOS_messaging.o
                0x00000000080091e8                NotifyMessagingTask
 .text.SendMessageFromPort
                0x0000000008009274      0x380 BOS/BOS_messaging.o
                0x0000000008009274                SendMessageFromPort
 .text.ForwardReceivedMessage
                0x00000000080095f4       0x40 BOS/BOS_messaging.o
                0x00000000080095f4                ForwardReceivedMessage
 .text.BroadcastReceivedMessage
                0x0000000008009634       0x40 BOS/BOS_messaging.o
                0x0000000008009634                BroadcastReceivedMessage
 .text.BroadcastMessage
                0x0000000008009674       0x50 BOS/BOS_messaging.o
                0x0000000008009674                BroadcastMessage
 .text.SendMessageToModule
                0x00000000080096c4       0x4c BOS/BOS_messaging.o
                0x00000000080096c4                SendMessageToModule
 .text.StartScastDMAStream
                0x0000000008009710      0x19c BOS/BOS_messaging.o
                0x0000000008009710                StartScastDMAStream
 .text.BackEndTask
                0x00000000080098ac      0x39c BOS/BOS_msgparser.o
                0x00000000080098ac                BackEndTask
 .text.User_MessagingParser
                0x0000000008009c48        0x4 BOS/BOS_msgparser.o
                0x0000000008009c48                User_MessagingParser
 .text.PxMessagingTask
                0x0000000008009c4c     0x1720 BOS/BOS_msgparser.o
                0x0000000008009c4c                PxMessagingTask
 .text.SystemClock_Config
                0x000000000800b36c       0xb0 H23R3x/H23R30.o
                0x000000000800b36c                SystemClock_Config
 .text.SaveToRO
                0x000000000800b41c      0x210 H23R3x/H23R30.o
                0x000000000800b41c                SaveToRO
 .text.ClearROtopology
                0x000000000800b62c       0x2c H23R3x/H23R30.o
                0x000000000800b62c                ClearROtopology
 .text.Module_Peripheral_Init
                0x000000000800b658       0x26 H23R3x/H23R30.o
                0x000000000800b658                Module_Peripheral_Init
 .text.Module_MessagingTask
                0x000000000800b67e        0x4 H23R3x/H23R30.o
                0x000000000800b67e                Module_MessagingTask
 .text.RegisterModuleCLICommands
                0x000000000800b682        0x2 H23R3x/H23R30.o
                0x000000000800b682                RegisterModuleCLICommands
 .text.GetPort  0x000000000800b684       0x60 H23R3x/H23R30.o
                0x000000000800b684                GetPort
 .text.DMA_MSG_RX_CH_Init
                0x000000000800b6e4       0x22 H23R3x/H23R3_dma.o
                0x000000000800b6e4                DMA_MSG_RX_CH_Init
 .text.DMA_MSG_TX_CH_Init
                0x000000000800b706       0x22 H23R3x/H23R3_dma.o
                0x000000000800b706                DMA_MSG_TX_CH_Init
 .text.DMA_Init
                0x000000000800b728       0xb8 H23R3x/H23R3_dma.o
                0x000000000800b728                DMA_Init
 .text.DMA_STREAM_CH_Init
                0x000000000800b7e0       0x20 H23R3x/H23R3_dma.o
                0x000000000800b7e0                DMA_STREAM_CH_Init
 .text.SetupDMAInterrupts
                0x000000000800b800       0xb8 H23R3x/H23R3_dma.o
                0x000000000800b800                SetupDMAInterrupts
 .text.UnSetupDMAInterrupts
                0x000000000800b8b8       0xa0 H23R3x/H23R3_dma.o
                0x000000000800b8b8                UnSetupDMAInterrupts
 .text.DMA_MSG_TX_UnSetup
                0x000000000800b958       0x14 H23R3x/H23R3_dma.o
                0x000000000800b958                DMA_MSG_TX_UnSetup
 .text.RemapAndLinkDMAtoUARTRx
                0x000000000800b96c      0x65c H23R3x/H23R3_dma.o
                0x000000000800b96c                RemapAndLinkDMAtoUARTRx
 .text.DMA_MSG_RX_Setup
                0x000000000800bfc8       0x30 H23R3x/H23R3_dma.o
                0x000000000800bfc8                DMA_MSG_RX_Setup
 .text.SetupMessagingRxDMAs
                0x000000000800bff8       0xa4 H23R3x/H23R3_dma.o
                0x000000000800bff8                SetupMessagingRxDMAs
 .text.DMA_STREAM_Setup
                0x000000000800c09c       0x40 H23R3x/H23R3_dma.o
                0x000000000800c09c                DMA_STREAM_Setup
 .text.RemapAndLinkDMAtoUARTTx
                0x000000000800c0dc      0x65c H23R3x/H23R3_dma.o
                0x000000000800c0dc                RemapAndLinkDMAtoUARTTx
 .text.DMA_MSG_TX_Setup
                0x000000000800c738       0x44 H23R3x/H23R3_dma.o
                0x000000000800c738                DMA_MSG_TX_Setup
 .text.CRC_Init
                0x000000000800c77c       0x28 H23R3x/H23R3_dma.o
                0x000000000800c77c                CRC_Init
 .text.HAL_CRC_MspInit
                0x000000000800c7a4       0x1c H23R3x/H23R3_dma.o
                0x000000000800c7a4                HAL_CRC_MspInit
 .text.CalculateCRC8
                0x000000000800c7c0       0x40 H23R3x/H23R3_dma.o
                0x000000000800c7c0                CalculateCRC8
 .text.IND_LED_Init
                0x000000000800c800       0x24 H23R3x/H23R3_gpio.o
                0x000000000800c800                IND_LED_Init
 .text.GPIO_Init
                0x000000000800c824       0x6c H23R3x/H23R3_gpio.o
                0x000000000800c824                GPIO_Init
 .text.GetPortGPIOs
                0x000000000800c890       0xd8 H23R3x/H23R3_gpio.o
                0x000000000800c890                GetPortGPIOs
 .text.IsFactoryReset
                0x000000000800c968       0xf4 H23R3x/H23R3_gpio.o
                0x000000000800c968                IsFactoryReset
 .text.SysTick_Handler
                0x000000000800ca5c        0xc H23R3x/H23R3_it.o
                0x000000000800ca5c                SysTick_Handler
 .text.HardFault_Handler
                0x000000000800ca68        0x2 H23R3x/H23R3_it.o
                0x000000000800ca68                HardFault_Handler
 *fill*         0x000000000800ca6a        0x2 
 .text.USART1_IRQHandler
                0x000000000800ca6c       0x10 H23R3x/H23R3_it.o
                0x000000000800ca6c                USART1_IRQHandler
 .text.USART2_IRQHandler
                0x000000000800ca7c       0x10 H23R3x/H23R3_it.o
                0x000000000800ca7c                USART2_IRQHandler
 .text.USART3_8_IRQHandler
                0x000000000800ca8c       0x2c H23R3x/H23R3_it.o
                0x000000000800ca8c                USART3_8_IRQHandler
 .text.DMA1_Ch1_IRQHandler
                0x000000000800cab8        0xa H23R3x/H23R3_it.o
                0x000000000800cab8                DMA1_Ch1_IRQHandler
 *fill*         0x000000000800cac2        0x2 
 .text.DMA1_Ch2_3_DMA2_Ch1_2_IRQHandler
                0x000000000800cac4       0x40 H23R3x/H23R3_it.o
                0x000000000800cac4                DMA1_Ch2_3_DMA2_Ch1_2_IRQHandler
 .text.DMA1_Ch4_7_DMA2_Ch3_5_IRQHandler
                0x000000000800cb04       0x64 H23R3x/H23R3_it.o
                0x000000000800cb04                DMA1_Ch4_7_DMA2_Ch3_5_IRQHandler
 .text.HAL_UART_TxCpltCallback
                0x000000000800cb68       0x30 H23R3x/H23R3_it.o
                0x000000000800cb68                HAL_UART_TxCpltCallback
 .text.HAL_UART_ErrorCallback
                0x000000000800cb98       0x4c H23R3x/H23R3_it.o
                0x000000000800cb98                HAL_UART_ErrorCallback
 .text.HAL_UART_RxCpltCallback
                0x000000000800cbe4       0x68 H23R3x/H23R3_it.o
                0x000000000800cbe4                HAL_UART_RxCpltCallback
 .text.vApplicationStackOverflowHook
                0x000000000800cc4c        0x4 H23R3x/H23R3_it.o
                0x000000000800cc4c                vApplicationStackOverflowHook
 .text.vApplicationMallocFailedHook
                0x000000000800cc50        0x4 H23R3x/H23R3_it.o
                0x000000000800cc50                vApplicationMallocFailedHook
 .text.RTC_CalendarConfig
                0x000000000800cc54       0xf4 H23R3x/H23R3_rtc.o
                0x000000000800cc54                RTC_CalendarConfig
 .text.RTC_Init
                0x000000000800cd48       0x8c H23R3x/H23R3_rtc.o
                0x000000000800cd48                RTC_Init
 .text.BOS_CalendarConfig
                0x000000000800cdd4       0xb4 H23R3x/H23R3_rtc.o
                0x000000000800cdd4                BOS_CalendarConfig
 .text.GetTimeDate
                0x000000000800ce88       0x68 H23R3x/H23R3_rtc.o
                0x000000000800ce88                GetTimeDate
 .text.TIM_USEC_Init
                0x000000000800cef0       0x64 H23R3x/H23R3_timers.o
                0x000000000800cef0                TIM_USEC_Init
 .text.TIM_MSEC_Init
                0x000000000800cf54       0x60 H23R3x/H23R3_timers.o
                0x000000000800cf54                TIM_MSEC_Init
 .text.StartMicroDelay
                0x000000000800cfb4       0x24 H23R3x/H23R3_timers.o
                0x000000000800cfb4                StartMicroDelay
 .text.StartMilliDelay
                0x000000000800cfd8       0x24 H23R3x/H23R3_timers.o
                0x000000000800cfd8                StartMilliDelay
 .text.MX_USART1_UART_Init
                0x000000000800cffc       0x30 H23R3x/H23R3_uart.o
                0x000000000800cffc                MX_USART1_UART_Init
 .text.MX_USART2_UART_Init
                0x000000000800d02c       0x30 H23R3x/H23R3_uart.o
                0x000000000800d02c                MX_USART2_UART_Init
 .text.MX_USART3_UART_Init
                0x000000000800d05c       0x30 H23R3x/H23R3_uart.o
                0x000000000800d05c                MX_USART3_UART_Init
 .text.MX_USART4_UART_Init
                0x000000000800d08c       0x30 H23R3x/H23R3_uart.o
                0x000000000800d08c                MX_USART4_UART_Init
 .text.MX_USART5_UART_Init
                0x000000000800d0bc       0x30 H23R3x/H23R3_uart.o
                0x000000000800d0bc                MX_USART5_UART_Init
 .text.MX_USART6_UART_Init
                0x000000000800d0ec       0x30 H23R3x/H23R3_uart.o
                0x000000000800d0ec                MX_USART6_UART_Init
 .text.HAL_UART_MspInit
                0x000000000800d11c      0x270 H23R3x/H23R3_uart.o
                0x000000000800d11c                HAL_UART_MspInit
 .text.GetUart  0x000000000800d38c       0x44 H23R3x/H23R3_uart.o
                0x000000000800d38c                GetUart
 .text.writePxMutex
                0x000000000800d3d0       0x50 H23R3x/H23R3_uart.o
                0x000000000800d3d0                writePxMutex
 .text.writePxITMutex
                0x000000000800d420       0x44 H23R3x/H23R3_uart.o
                0x000000000800d420                writePxITMutex
 .text.writePxDMAMutex
                0x000000000800d464       0x48 H23R3x/H23R3_uart.o
                0x000000000800d464                writePxDMAMutex
 .text.UpdateBaudrate
                0x000000000800d4ac       0x12 H23R3x/H23R3_uart.o
                0x000000000800d4ac                UpdateBaudrate
 *fill*         0x000000000800d4be        0x2 
 .text.SwapUartPins
                0x000000000800d4c0       0x70 H23R3x/H23R3_uart.o
                0x000000000800d4c0                SwapUartPins
 .text.Reset_Handler
                0x000000000800d530       0x8c H23R3x/startup_stm32f091xc.o
                0x000000000800d530                Reset_Handler
 .text.Default_Handler
                0x000000000800d5bc        0x2 H23R3x/startup_stm32f091xc.o
                0x000000000800d5bc                TIM1_CC_IRQHandler
                0x000000000800d5bc                TSC_IRQHandler
                0x000000000800d5bc                ADC1_COMP_IRQHandler
                0x000000000800d5bc                NMI_Handler
                0x000000000800d5bc                I2C1_IRQHandler
                0x000000000800d5bc                RCC_CRS_IRQHandler
                0x000000000800d5bc                SPI1_IRQHandler
                0x000000000800d5bc                TIM6_DAC_IRQHandler
                0x000000000800d5bc                EXTI2_3_IRQHandler
                0x000000000800d5bc                I2C2_IRQHandler
                0x000000000800d5bc                TIM17_IRQHandler
                0x000000000800d5bc                CEC_CAN_IRQHandler
                0x000000000800d5bc                RTC_IRQHandler
                0x000000000800d5bc                PVD_VDDIO2_IRQHandler
                0x000000000800d5bc                TIM16_IRQHandler
                0x000000000800d5bc                TIM3_IRQHandler
                0x000000000800d5bc                EXTI4_15_IRQHandler
                0x000000000800d5bc                Default_Handler
                0x000000000800d5bc                TIM14_IRQHandler
                0x000000000800d5bc                TIM7_IRQHandler
                0x000000000800d5bc                TIM15_IRQHandler
                0x000000000800d5bc                EXTI0_1_IRQHandler
                0x000000000800d5bc                SPI2_IRQHandler
                0x000000000800d5bc                WWDG_IRQHandler
                0x000000000800d5bc                TIM2_IRQHandler
                0x000000000800d5bc                FLASH_IRQHandler
                0x000000000800d5bc                TIM1_BRK_UP_TRG_COM_IRQHandler
 *fill*         0x000000000800d5be        0x2 
 .text.SystemInit
                0x000000000800d5c0       0x60 Thirdparty/CMSIS/Device/ST/STM32F0xx/Source/Templates/system_stm32f0xx.o
                0x000000000800d5c0                SystemInit
 .text.osKernelStart
                0x000000000800d620        0xa Thirdparty/Middleware/FreeRTOS/Source/CMSIS_RTOS/cmsis_os.o
                0x000000000800d620                osKernelStart
 .text.osDelay  0x000000000800d62a       0x10 Thirdparty/Middleware/FreeRTOS/Source/CMSIS_RTOS/cmsis_os.o
                0x000000000800d62a                osDelay
 .text.osSemaphoreCreate
                0x000000000800d63a       0x2c Thirdparty/Middleware/FreeRTOS/Source/CMSIS_RTOS/cmsis_os.o
                0x000000000800d63a                osSemaphoreCreate
 *fill*         0x000000000800d666        0x2 
 .text.osSemaphoreWait
                0x000000000800d668       0x58 Thirdparty/Middleware/FreeRTOS/Source/CMSIS_RTOS/cmsis_os.o
                0x000000000800d668                osSemaphoreWait
 .text.osSemaphoreRelease
                0x000000000800d6c0       0x50 Thirdparty/Middleware/FreeRTOS/Source/CMSIS_RTOS/cmsis_os.o
                0x000000000800d6c0                osSemaphoreRelease
 .text.osSystickHandler
                0x000000000800d710       0x10 Thirdparty/Middleware/FreeRTOS/Source/CMSIS_RTOS/cmsis_os.o
                0x000000000800d710                osSystickHandler
 .text.FreeRTOS_CLIRegisterCommand
                0x000000000800d720       0x38 Thirdparty/Middleware/FreeRTOS/Source/FreeRTOS_CLI.o
                0x000000000800d720                FreeRTOS_CLIRegisterCommand
 .text.FreeRTOS_CLIProcessCommand
                0x000000000800d758       0xfc Thirdparty/Middleware/FreeRTOS/Source/FreeRTOS_CLI.o
                0x000000000800d758                FreeRTOS_CLIProcessCommand
 .text.FreeRTOS_CLIGetOutputBuffer
                0x000000000800d854        0x8 Thirdparty/Middleware/FreeRTOS/Source/FreeRTOS_CLI.o
                0x000000000800d854                FreeRTOS_CLIGetOutputBuffer
 .text.FreeRTOS_CLIGetParameter
                0x000000000800d85c       0x72 Thirdparty/Middleware/FreeRTOS/Source/FreeRTOS_CLI.o
                0x000000000800d85c                FreeRTOS_CLIGetParameter
 *fill*         0x000000000800d8ce        0x2 
 .text.prvHelpCommand
                0x000000000800d8d0      0x100 Thirdparty/Middleware/FreeRTOS/Source/FreeRTOS_CLI.o
 .text.vListInitialise
                0x000000000800d9d0       0x16 Thirdparty/Middleware/FreeRTOS/Source/list.o
                0x000000000800d9d0                vListInitialise
 .text.vListInitialiseItem
                0x000000000800d9e6        0x6 Thirdparty/Middleware/FreeRTOS/Source/list.o
                0x000000000800d9e6                vListInitialiseItem
 .text.vListInsertEnd
                0x000000000800d9ec       0x18 Thirdparty/Middleware/FreeRTOS/Source/list.o
                0x000000000800d9ec                vListInsertEnd
 .text.vListInsert
                0x000000000800da04       0x2e Thirdparty/Middleware/FreeRTOS/Source/list.o
                0x000000000800da04                vListInsert
 .text.uxListRemove
                0x000000000800da32       0x26 Thirdparty/Middleware/FreeRTOS/Source/list.o
                0x000000000800da32                uxListRemove
 .text.prvCopyDataToQueue
                0x000000000800da58       0x7c Thirdparty/Middleware/FreeRTOS/Source/queue.o
 .text.prvCopyDataFromQueue
                0x000000000800dad4       0x24 Thirdparty/Middleware/FreeRTOS/Source/queue.o
 .text.prvUnlockQueue
                0x000000000800daf8       0x86 Thirdparty/Middleware/FreeRTOS/Source/queue.o
 .text.xQueueGenericReset
                0x000000000800db7e       0x68 Thirdparty/Middleware/FreeRTOS/Source/queue.o
                0x000000000800db7e                xQueueGenericReset
 .text.xQueueGenericCreate
                0x000000000800dbe6       0x4e Thirdparty/Middleware/FreeRTOS/Source/queue.o
                0x000000000800dbe6                xQueueGenericCreate
 .text.xQueueCreateCountingSemaphore
                0x000000000800dc34       0x28 Thirdparty/Middleware/FreeRTOS/Source/queue.o
                0x000000000800dc34                xQueueCreateCountingSemaphore
 .text.xQueueGenericSend
                0x000000000800dc5c      0x12e Thirdparty/Middleware/FreeRTOS/Source/queue.o
                0x000000000800dc5c                xQueueGenericSend
 .text.xQueueGenericSendFromISR
                0x000000000800dd8a       0x8e Thirdparty/Middleware/FreeRTOS/Source/queue.o
                0x000000000800dd8a                xQueueGenericSendFromISR
 .text.xQueueGiveFromISR
                0x000000000800de18       0x76 Thirdparty/Middleware/FreeRTOS/Source/queue.o
                0x000000000800de18                xQueueGiveFromISR
 .text.xQueueGenericReceive
                0x000000000800de8e      0x152 Thirdparty/Middleware/FreeRTOS/Source/queue.o
                0x000000000800de8e                xQueueGenericReceive
 .text.xQueueReceiveFromISR
                0x000000000800dfe0       0x76 Thirdparty/Middleware/FreeRTOS/Source/queue.o
                0x000000000800dfe0                xQueueReceiveFromISR
 *fill*         0x000000000800e056        0x2 
 .text.vQueueAddToRegistry
                0x000000000800e058       0x30 Thirdparty/Middleware/FreeRTOS/Source/queue.o
                0x000000000800e058                vQueueAddToRegistry
 .text.vQueueWaitForMessageRestricted
                0x000000000800e088       0x40 Thirdparty/Middleware/FreeRTOS/Source/queue.o
                0x000000000800e088                vQueueWaitForMessageRestricted
 .text.prvListTaskWithinSingleList
                0x000000000800e0c8       0xa8 Thirdparty/Middleware/FreeRTOS/Source/tasks.o
 .text.prvResetNextTaskUnblockTime
                0x000000000800e170       0x2c Thirdparty/Middleware/FreeRTOS/Source/tasks.o
 .text.prvAddCurrentTaskToDelayedList
                0x000000000800e19c       0x54 Thirdparty/Middleware/FreeRTOS/Source/tasks.o
 .text.prvWriteNameToBuffer
                0x000000000800e1f0       0x2e Thirdparty/Middleware/FreeRTOS/Source/tasks.o
 *fill*         0x000000000800e21e        0x2 
 .text.xTaskGenericCreate
                0x000000000800e220      0x1e8 Thirdparty/Middleware/FreeRTOS/Source/tasks.o
                0x000000000800e220                xTaskGenericCreate
 .text.uxTaskPriorityGet
                0x000000000800e408       0x20 Thirdparty/Middleware/FreeRTOS/Source/tasks.o
                0x000000000800e408                uxTaskPriorityGet
 .text.vTaskPrioritySet
                0x000000000800e428       0xa8 Thirdparty/Middleware/FreeRTOS/Source/tasks.o
                0x000000000800e428                vTaskPrioritySet
 .text.vTaskStartScheduler
                0x000000000800e4d0       0x58 Thirdparty/Middleware/FreeRTOS/Source/tasks.o
                0x000000000800e4d0                vTaskStartScheduler
 .text.vTaskSuspendAll
                0x000000000800e528       0x10 Thirdparty/Middleware/FreeRTOS/Source/tasks.o
                0x000000000800e528                vTaskSuspendAll
 .text.xTaskGetTickCount
                0x000000000800e538        0xc Thirdparty/Middleware/FreeRTOS/Source/tasks.o
                0x000000000800e538                xTaskGetTickCount
 .text.xTaskGetTickCountFromISR
                0x000000000800e544        0xc Thirdparty/Middleware/FreeRTOS/Source/tasks.o
                0x000000000800e544                xTaskGetTickCountFromISR
 .text.xTaskIncrementTick
                0x000000000800e550      0x118 Thirdparty/Middleware/FreeRTOS/Source/tasks.o
                0x000000000800e550                xTaskIncrementTick
 .text.xTaskResumeAll
                0x000000000800e668       0xe0 Thirdparty/Middleware/FreeRTOS/Source/tasks.o
                0x000000000800e668                xTaskResumeAll
 .text.vTaskDelay
                0x000000000800e748       0x48 Thirdparty/Middleware/FreeRTOS/Source/tasks.o
                0x000000000800e748                vTaskDelay
 .text.prvIdleTask
                0x000000000800e790       0x6c Thirdparty/Middleware/FreeRTOS/Source/tasks.o
 .text.uxTaskGetSystemState
                0x000000000800e7fc       0xa4 Thirdparty/Middleware/FreeRTOS/Source/tasks.o
                0x000000000800e7fc                uxTaskGetSystemState
 .text.vTaskSwitchContext
                0x000000000800e8a0      0x108 Thirdparty/Middleware/FreeRTOS/Source/tasks.o
                0x000000000800e8a0                vTaskSwitchContext
 .text.vTaskPlaceOnEventList
                0x000000000800e9a8       0x48 Thirdparty/Middleware/FreeRTOS/Source/tasks.o
                0x000000000800e9a8                vTaskPlaceOnEventList
 .text.vTaskPlaceOnEventListRestricted
                0x000000000800e9f0       0x34 Thirdparty/Middleware/FreeRTOS/Source/tasks.o
                0x000000000800e9f0                vTaskPlaceOnEventListRestricted
 .text.xTaskRemoveFromEventList
                0x000000000800ea24       0x80 Thirdparty/Middleware/FreeRTOS/Source/tasks.o
                0x000000000800ea24                xTaskRemoveFromEventList
 .text.vTaskSetTimeOutState
                0x000000000800eaa4       0x20 Thirdparty/Middleware/FreeRTOS/Source/tasks.o
                0x000000000800eaa4                vTaskSetTimeOutState
 .text.xTaskCheckForTimeOut
                0x000000000800eac4       0x64 Thirdparty/Middleware/FreeRTOS/Source/tasks.o
                0x000000000800eac4                xTaskCheckForTimeOut
 .text.vTaskMissedYield
                0x000000000800eb28        0xc Thirdparty/Middleware/FreeRTOS/Source/tasks.o
                0x000000000800eb28                vTaskMissedYield
 .text.xTaskGetSchedulerState
                0x000000000800eb34       0x20 Thirdparty/Middleware/FreeRTOS/Source/tasks.o
                0x000000000800eb34                xTaskGetSchedulerState
 .text.vTaskPriorityInherit
                0x000000000800eb54       0x7c Thirdparty/Middleware/FreeRTOS/Source/tasks.o
                0x000000000800eb54                vTaskPriorityInherit
 .text.xTaskPriorityDisinherit
                0x000000000800ebd0       0x74 Thirdparty/Middleware/FreeRTOS/Source/tasks.o
                0x000000000800ebd0                xTaskPriorityDisinherit
 .text.vTaskList
                0x000000000800ec44       0xc0 Thirdparty/Middleware/FreeRTOS/Source/tasks.o
                0x000000000800ec44                vTaskList
 .text.vTaskGetRunTimeStats
                0x000000000800ed04       0xb0 Thirdparty/Middleware/FreeRTOS/Source/tasks.o
                0x000000000800ed04                vTaskGetRunTimeStats
 .text.pvTaskIncrementMutexHeldCount
                0x000000000800edb4       0x1c Thirdparty/Middleware/FreeRTOS/Source/tasks.o
                0x000000000800edb4                pvTaskIncrementMutexHeldCount
 .text.ulTaskNotifyTake
                0x000000000800edd0       0x98 Thirdparty/Middleware/FreeRTOS/Source/tasks.o
                0x000000000800edd0                ulTaskNotifyTake
 .text.xTaskGenericNotify
                0x000000000800ee68       0xb8 Thirdparty/Middleware/FreeRTOS/Source/tasks.o
                0x000000000800ee68                xTaskGenericNotify
 .text.prvInsertTimerInActiveList
                0x000000000800ef20       0x44 Thirdparty/Middleware/FreeRTOS/Source/timers.o
 .text.prvCheckForValidListAndQueue
                0x000000000800ef64       0x64 Thirdparty/Middleware/FreeRTOS/Source/timers.o
 .text.xTimerCreateTimerTask
                0x000000000800efc8       0x40 Thirdparty/Middleware/FreeRTOS/Source/timers.o
                0x000000000800efc8                xTimerCreateTimerTask
 .text.xTimerCreate
                0x000000000800f008       0x40 Thirdparty/Middleware/FreeRTOS/Source/timers.o
                0x000000000800f008                xTimerCreate
 .text.xTimerGenericCommand
                0x000000000800f048       0x58 Thirdparty/Middleware/FreeRTOS/Source/timers.o
                0x000000000800f048                xTimerGenericCommand
 .text.prvSampleTimeNow
                0x000000000800f0a0       0xb0 Thirdparty/Middleware/FreeRTOS/Source/timers.o
 .text.prvTimerTask
                0x000000000800f150      0x170 Thirdparty/Middleware/FreeRTOS/Source/timers.o
 .text.pvTimerGetTimerID
                0x000000000800f2c0       0x18 Thirdparty/Middleware/FreeRTOS/Source/timers.o
                0x000000000800f2c0                pvTimerGetTimerID
 .text.prvTaskExitError
                0x000000000800f2d8       0x14 Thirdparty/Middleware/FreeRTOS/Source/portable/GCC/ARM_CM0/port.o
 .text.vPortStartFirstTask
                0x000000000800f2ec       0x20 Thirdparty/Middleware/FreeRTOS/Source/portable/GCC/ARM_CM0/port.o
 .text.pxPortInitialiseStack
                0x000000000800f30c       0x20 Thirdparty/Middleware/FreeRTOS/Source/portable/GCC/ARM_CM0/port.o
                0x000000000800f30c                pxPortInitialiseStack
 .text.SVC_Handler
                0x000000000800f32c        0x2 Thirdparty/Middleware/FreeRTOS/Source/portable/GCC/ARM_CM0/port.o
                0x000000000800f32c                SVC_Handler
 *fill*         0x000000000800f32e        0x2 
 .text.xPortStartScheduler
                0x000000000800f330       0x54 Thirdparty/Middleware/FreeRTOS/Source/portable/GCC/ARM_CM0/port.o
                0x000000000800f330                xPortStartScheduler
 .text.vPortYield
                0x000000000800f384       0x18 Thirdparty/Middleware/FreeRTOS/Source/portable/GCC/ARM_CM0/port.o
                0x000000000800f384                vPortYield
 .text.vPortEnterCritical
                0x000000000800f39c       0x18 Thirdparty/Middleware/FreeRTOS/Source/portable/GCC/ARM_CM0/port.o
                0x000000000800f39c                vPortEnterCritical
 .text.vPortExitCritical
                0x000000000800f3b4       0x20 Thirdparty/Middleware/FreeRTOS/Source/portable/GCC/ARM_CM0/port.o
                0x000000000800f3b4                vPortExitCritical
 .text.ulSetInterruptMaskFromISR
                0x000000000800f3d4        0xa Thirdparty/Middleware/FreeRTOS/Source/portable/GCC/ARM_CM0/port.o
                0x000000000800f3d4                ulSetInterruptMaskFromISR
 .text.vClearInterruptMaskFromISR
                0x000000000800f3de        0x6 Thirdparty/Middleware/FreeRTOS/Source/portable/GCC/ARM_CM0/port.o
                0x000000000800f3de                vClearInterruptMaskFromISR
 .text.PendSV_Handler
                0x000000000800f3e4       0x44 Thirdparty/Middleware/FreeRTOS/Source/portable/GCC/ARM_CM0/port.o
                0x000000000800f3e4                PendSV_Handler
 .text.xPortSysTickHandler
                0x000000000800f428       0x24 Thirdparty/Middleware/FreeRTOS/Source/portable/GCC/ARM_CM0/port.o
                0x000000000800f428                xPortSysTickHandler
 .text.prvInsertBlockIntoFreeList
                0x000000000800f44c       0x54 Thirdparty/Middleware/FreeRTOS/Source/portable/MemMang/heap_4.o
 .text.pvPortMalloc
                0x000000000800f4a0      0x12c Thirdparty/Middleware/FreeRTOS/Source/portable/MemMang/heap_4.o
                0x000000000800f4a0                pvPortMalloc
 .text.vPortFree
                0x000000000800f5cc       0x54 Thirdparty/Middleware/FreeRTOS/Source/portable/MemMang/heap_4.o
                0x000000000800f5cc                vPortFree
 .text.HAL_InitTick
                0x000000000800f620       0x24 Thirdparty/STM32F0xx_HAL_Driver/Src/stm32f0xx_hal.o
                0x000000000800f620                HAL_InitTick
 .text.HAL_Init
                0x000000000800f644       0x20 Thirdparty/STM32F0xx_HAL_Driver/Src/stm32f0xx_hal.o
                0x000000000800f644                HAL_Init
 .text.HAL_IncTick
                0x000000000800f664       0x10 Thirdparty/STM32F0xx_HAL_Driver/Src/stm32f0xx_hal.o
                0x000000000800f664                HAL_IncTick
 .text.HAL_GetTick
                0x000000000800f674        0xc Thirdparty/STM32F0xx_HAL_Driver/Src/stm32f0xx_hal.o
                0x000000000800f674                HAL_GetTick
 .text.HAL_Delay
                0x000000000800f680       0x1c Thirdparty/STM32F0xx_HAL_Driver/Src/stm32f0xx_hal.o
                0x000000000800f680                HAL_Delay
 .text.HAL_GetREVID
                0x000000000800f69c        0xc Thirdparty/STM32F0xx_HAL_Driver/Src/stm32f0xx_hal.o
                0x000000000800f69c                HAL_GetREVID
 .text.HAL_GetDEVID
                0x000000000800f6a8       0x10 Thirdparty/STM32F0xx_HAL_Driver/Src/stm32f0xx_hal.o
                0x000000000800f6a8                HAL_GetDEVID
 .text.ADC_ConversionStop
                0x000000000800f6b8       0x54 Thirdparty/STM32F0xx_HAL_Driver/Src/stm32f0xx_hal_adc.o
 .text.ADC_Disable
                0x000000000800f70c       0x7e Thirdparty/STM32F0xx_HAL_Driver/Src/stm32f0xx_hal_adc.o
 *fill*         0x000000000800f78a        0x2 
 .text.ADC_Enable
                0x000000000800f78c       0xa8 Thirdparty/STM32F0xx_HAL_Driver/Src/stm32f0xx_hal_adc.o
 .text.HAL_ADC_Init
                0x000000000800f834      0x150 Thirdparty/STM32F0xx_HAL_Driver/Src/stm32f0xx_hal_adc.o
                0x000000000800f834                HAL_ADC_Init
 .text.HAL_ADC_Start
                0x000000000800f984       0x60 Thirdparty/STM32F0xx_HAL_Driver/Src/stm32f0xx_hal_adc.o
                0x000000000800f984                HAL_ADC_Start
 .text.HAL_ADC_Stop
                0x000000000800f9e4       0x44 Thirdparty/STM32F0xx_HAL_Driver/Src/stm32f0xx_hal_adc.o
                0x000000000800f9e4                HAL_ADC_Stop
 .text.HAL_ADC_PollForConversion
                0x000000000800fa28       0xc0 Thirdparty/STM32F0xx_HAL_Driver/Src/stm32f0xx_hal_adc.o
                0x000000000800fa28                HAL_ADC_PollForConversion
 .text.HAL_ADC_GetValue
                0x000000000800fae8        0xc Thirdparty/STM32F0xx_HAL_Driver/Src/stm32f0xx_hal_adc.o
                0x000000000800fae8                HAL_ADC_GetValue
 .text.HAL_ADC_ConfigChannel
                0x000000000800faf4      0x148 Thirdparty/STM32F0xx_HAL_Driver/Src/stm32f0xx_hal_adc.o
                0x000000000800faf4                HAL_ADC_ConfigChannel
 .text.HAL_ADCEx_Calibration_Start
                0x000000000800fc3c       0x9c Thirdparty/STM32F0xx_HAL_Driver/Src/stm32f0xx_hal_adc_ex.o
                0x000000000800fc3c                HAL_ADCEx_Calibration_Start
 .text.HAL_NVIC_SetPriority
                0x000000000800fcd8       0x68 Thirdparty/STM32F0xx_HAL_Driver/Src/stm32f0xx_hal_cortex.o
                0x000000000800fcd8                HAL_NVIC_SetPriority
 .text.HAL_NVIC_EnableIRQ
                0x000000000800fd40       0x14 Thirdparty/STM32F0xx_HAL_Driver/Src/stm32f0xx_hal_cortex.o
                0x000000000800fd40                HAL_NVIC_EnableIRQ
 .text.HAL_NVIC_DisableIRQ
                0x000000000800fd54       0x14 Thirdparty/STM32F0xx_HAL_Driver/Src/stm32f0xx_hal_cortex.o
                0x000000000800fd54                HAL_NVIC_DisableIRQ
 .text.HAL_SYSTICK_Config
                0x000000000800fd68       0x38 Thirdparty/STM32F0xx_HAL_Driver/Src/stm32f0xx_hal_cortex.o
                0x000000000800fd68                HAL_SYSTICK_Config
 .text.HAL_SYSTICK_CLKSourceConfig
                0x000000000800fda0       0x20 Thirdparty/STM32F0xx_HAL_Driver/Src/stm32f0xx_hal_cortex.o
                0x000000000800fda0                HAL_SYSTICK_CLKSourceConfig
 .text.CRC_Handle_8
                0x000000000800fdc0       0x7a Thirdparty/STM32F0xx_HAL_Driver/Src/stm32f0xx_hal_crc.o
 .text.CRC_Handle_16
                0x000000000800fe3a       0x32 Thirdparty/STM32F0xx_HAL_Driver/Src/stm32f0xx_hal_crc.o
 .text.HAL_CRC_Init
                0x000000000800fe6c       0x62 Thirdparty/STM32F0xx_HAL_Driver/Src/stm32f0xx_hal_crc.o
                0x000000000800fe6c                HAL_CRC_Init
 .text.HAL_CRC_Accumulate
                0x000000000800fece       0x58 Thirdparty/STM32F0xx_HAL_Driver/Src/stm32f0xx_hal_crc.o
                0x000000000800fece                HAL_CRC_Accumulate
 .text.HAL_CRC_Calculate
                0x000000000800ff26       0x62 Thirdparty/STM32F0xx_HAL_Driver/Src/stm32f0xx_hal_crc.o
                0x000000000800ff26                HAL_CRC_Calculate
 .text.HAL_CRCEx_Polynomial_Set
                0x000000000800ff88       0x5c Thirdparty/STM32F0xx_HAL_Driver/Src/stm32f0xx_hal_crc_ex.o
                0x000000000800ff88                HAL_CRCEx_Polynomial_Set
 .text.HAL_CRCEx_Init
                0x000000000800ffe4       0x30 Thirdparty/STM32F0xx_HAL_Driver/Src/stm32f0xx_hal_crc_ex.o
                0x000000000800ffe4                HAL_CRCEx_Init
 .text.HAL_DMA_Init
                0x0000000008010014       0x54 Thirdparty/STM32F0xx_HAL_Driver/Src/stm32f0xx_hal_dma.o
                0x0000000008010014                HAL_DMA_Init
 .text.HAL_DMA_Start_IT
                0x0000000008010068       0x6a Thirdparty/STM32F0xx_HAL_Driver/Src/stm32f0xx_hal_dma.o
                0x0000000008010068                HAL_DMA_Start_IT
 .text.HAL_DMA_Abort
                0x00000000080100d2       0x52 Thirdparty/STM32F0xx_HAL_Driver/Src/stm32f0xx_hal_dma.o
                0x00000000080100d2                HAL_DMA_Abort
 .text.HAL_DMA_IRQHandler
                0x0000000008010124      0x8ac Thirdparty/STM32F0xx_HAL_Driver/Src/stm32f0xx_hal_dma.o
                0x0000000008010124                HAL_DMA_IRQHandler
 .text.FLASH_SetErrorCode
                0x00000000080109d0       0x34 Thirdparty/STM32F0xx_HAL_Driver/Src/stm32f0xx_hal_flash.o
 .text.HAL_FLASH_Unlock
                0x0000000008010a04       0x24 Thirdparty/STM32F0xx_HAL_Driver/Src/stm32f0xx_hal_flash.o
                0x0000000008010a04                HAL_FLASH_Unlock
 .text.HAL_FLASH_Lock
                0x0000000008010a28       0x14 Thirdparty/STM32F0xx_HAL_Driver/Src/stm32f0xx_hal_flash.o
                0x0000000008010a28                HAL_FLASH_Lock
 .text.FLASH_WaitForLastOperation
                0x0000000008010a3c       0x5c Thirdparty/STM32F0xx_HAL_Driver/Src/stm32f0xx_hal_flash.o
                0x0000000008010a3c                FLASH_WaitForLastOperation
 .text.HAL_FLASH_Program
                0x0000000008010a98       0xcc Thirdparty/STM32F0xx_HAL_Driver/Src/stm32f0xx_hal_flash.o
                0x0000000008010a98                HAL_FLASH_Program
 .text.FLASH_MassErase
                0x0000000008010b64       0x24 Thirdparty/STM32F0xx_HAL_Driver/Src/stm32f0xx_hal_flash_ex.o
 .text.FLASH_PageErase
                0x0000000008010b88       0x24 Thirdparty/STM32F0xx_HAL_Driver/Src/stm32f0xx_hal_flash_ex.o
                0x0000000008010b88                FLASH_PageErase
 .text.HAL_FLASHEx_Erase
                0x0000000008010bac       0xc0 Thirdparty/STM32F0xx_HAL_Driver/Src/stm32f0xx_hal_flash_ex.o
                0x0000000008010bac                HAL_FLASHEx_Erase
 .text.HAL_GPIO_Init
                0x0000000008010c6c      0x1c0 Thirdparty/STM32F0xx_HAL_Driver/Src/stm32f0xx_hal_gpio.o
                0x0000000008010c6c                HAL_GPIO_Init
 .text.HAL_GPIO_DeInit
                0x0000000008010e2c      0x11c Thirdparty/STM32F0xx_HAL_Driver/Src/stm32f0xx_hal_gpio.o
                0x0000000008010e2c                HAL_GPIO_DeInit
 .text.HAL_GPIO_ReadPin
                0x0000000008010f48        0xc Thirdparty/STM32F0xx_HAL_Driver/Src/stm32f0xx_hal_gpio.o
                0x0000000008010f48                HAL_GPIO_ReadPin
 .text.HAL_GPIO_WritePin
                0x0000000008010f54        0xc Thirdparty/STM32F0xx_HAL_Driver/Src/stm32f0xx_hal_gpio.o
                0x0000000008010f54                HAL_GPIO_WritePin
 .text.HAL_GPIO_TogglePin
                0x0000000008010f60        0x8 Thirdparty/STM32F0xx_HAL_Driver/Src/stm32f0xx_hal_gpio.o
                0x0000000008010f60                HAL_GPIO_TogglePin
 .text.HAL_MspInit
                0x0000000008010f68        0x2 Thirdparty/STM32F0xx_HAL_Driver/Src/stm32f0xx_hal_msp_template.o
                0x0000000008010f68                HAL_MspInit
 *fill*         0x0000000008010f6a        0x2 
 .text.HAL_PWR_EnableBkUpAccess
                0x0000000008010f6c       0x14 Thirdparty/STM32F0xx_HAL_Driver/Src/stm32f0xx_hal_pwr.o
                0x0000000008010f6c                HAL_PWR_EnableBkUpAccess
 .text.HAL_RCC_OscConfig
                0x0000000008010f80      0x584 Thirdparty/STM32F0xx_HAL_Driver/Src/stm32f0xx_hal_rcc.o
                0x0000000008010f80                HAL_RCC_OscConfig
 .text.HAL_RCC_ClockConfig
                0x0000000008011504      0x274 Thirdparty/STM32F0xx_HAL_Driver/Src/stm32f0xx_hal_rcc.o
                0x0000000008011504                HAL_RCC_ClockConfig
 .text.HAL_RCC_GetSysClockFreq
                0x0000000008011778       0xa0 Thirdparty/STM32F0xx_HAL_Driver/Src/stm32f0xx_hal_rcc.o
                0x0000000008011778                HAL_RCC_GetSysClockFreq
 .text.HAL_RCC_GetHCLKFreq
                0x0000000008011818       0x28 Thirdparty/STM32F0xx_HAL_Driver/Src/stm32f0xx_hal_rcc.o
                0x0000000008011818                HAL_RCC_GetHCLKFreq
 .text.HAL_RCC_GetPCLK1Freq
                0x0000000008011840       0x20 Thirdparty/STM32F0xx_HAL_Driver/Src/stm32f0xx_hal_rcc.o
                0x0000000008011840                HAL_RCC_GetPCLK1Freq
 .text.HAL_RCCEx_PeriphCLKConfig
                0x0000000008011860      0x13c Thirdparty/STM32F0xx_HAL_Driver/Src/stm32f0xx_hal_rcc_ex.o
                0x0000000008011860                HAL_RCCEx_PeriphCLKConfig
 .text.HAL_RTC_MspInit
                0x000000000801199c        0x2 Thirdparty/STM32F0xx_HAL_Driver/Src/stm32f0xx_hal_rtc.o
                0x000000000801199c                HAL_RTC_MspInit
 .text.HAL_RTC_WaitForSynchro
                0x000000000801199e       0x34 Thirdparty/STM32F0xx_HAL_Driver/Src/stm32f0xx_hal_rtc.o
                0x000000000801199e                HAL_RTC_WaitForSynchro
 .text.RTC_EnterInitMode
                0x00000000080119d2       0x3c Thirdparty/STM32F0xx_HAL_Driver/Src/stm32f0xx_hal_rtc.o
                0x00000000080119d2                RTC_EnterInitMode
 *fill*         0x0000000008011a0e        0x2 
 .text.HAL_RTC_Init
                0x0000000008011a10       0xa0 Thirdparty/STM32F0xx_HAL_Driver/Src/stm32f0xx_hal_rtc.o
                0x0000000008011a10                HAL_RTC_Init
 .text.RTC_ByteToBcd2
                0x0000000008011ab0       0x1c Thirdparty/STM32F0xx_HAL_Driver/Src/stm32f0xx_hal_rtc.o
                0x0000000008011ab0                RTC_ByteToBcd2
 .text.HAL_RTC_SetTime
                0x0000000008011acc      0x10c Thirdparty/STM32F0xx_HAL_Driver/Src/stm32f0xx_hal_rtc.o
                0x0000000008011acc                HAL_RTC_SetTime
 .text.HAL_RTC_SetDate
                0x0000000008011bd8       0xe4 Thirdparty/STM32F0xx_HAL_Driver/Src/stm32f0xx_hal_rtc.o
                0x0000000008011bd8                HAL_RTC_SetDate
 .text.RTC_Bcd2ToByte
                0x0000000008011cbc       0x14 Thirdparty/STM32F0xx_HAL_Driver/Src/stm32f0xx_hal_rtc.o
                0x0000000008011cbc                RTC_Bcd2ToByte
 .text.HAL_RTC_GetTime
                0x0000000008011cd0       0x4c Thirdparty/STM32F0xx_HAL_Driver/Src/stm32f0xx_hal_rtc.o
                0x0000000008011cd0                HAL_RTC_GetTime
 .text.HAL_RTC_GetDate
                0x0000000008011d1c       0x44 Thirdparty/STM32F0xx_HAL_Driver/Src/stm32f0xx_hal_rtc.o
                0x0000000008011d1c                HAL_RTC_GetDate
 .text.HAL_RTCEx_BKUPWrite
                0x0000000008011d60        0xc Thirdparty/STM32F0xx_HAL_Driver/Src/stm32f0xx_hal_rtc_ex.o
                0x0000000008011d60                HAL_RTCEx_BKUPWrite
 .text.HAL_RTCEx_BKUPRead
                0x0000000008011d6c        0xc Thirdparty/STM32F0xx_HAL_Driver/Src/stm32f0xx_hal_rtc_ex.o
                0x0000000008011d6c                HAL_RTCEx_BKUPRead
 .text.HAL_TIM_Base_MspInit
                0x0000000008011d78        0x2 Thirdparty/STM32F0xx_HAL_Driver/Src/stm32f0xx_hal_tim.o
                0x0000000008011d78                HAL_TIM_Base_MspInit
 .text.HAL_TIM_Base_Start
                0x0000000008011d7a       0x18 Thirdparty/STM32F0xx_HAL_Driver/Src/stm32f0xx_hal_tim.o
                0x0000000008011d7a                HAL_TIM_Base_Start
 *fill*         0x0000000008011d92        0x2 
 .text.TIM_Base_SetConfig
                0x0000000008011d94       0xf8 Thirdparty/STM32F0xx_HAL_Driver/Src/stm32f0xx_hal_tim.o
                0x0000000008011d94                TIM_Base_SetConfig
 .text.HAL_TIM_Base_Init
                0x0000000008011e8c       0x34 Thirdparty/STM32F0xx_HAL_Driver/Src/stm32f0xx_hal_tim.o
                0x0000000008011e8c                HAL_TIM_Base_Init
 .text.HAL_TIMEx_MasterConfigSynchronization
                0x0000000008011ec0       0x4c Thirdparty/STM32F0xx_HAL_Driver/Src/stm32f0xx_hal_tim_ex.o
                0x0000000008011ec0                HAL_TIMEx_MasterConfigSynchronization
 .text.HAL_UART_MspDeInit
                0x0000000008011f0c        0x2 Thirdparty/STM32F0xx_HAL_Driver/Src/stm32f0xx_hal_uart.o
                0x0000000008011f0c                HAL_UART_MspDeInit
 .text.HAL_UART_DeInit
                0x0000000008011f0e       0x3a Thirdparty/STM32F0xx_HAL_Driver/Src/stm32f0xx_hal_uart.o
                0x0000000008011f0e                HAL_UART_DeInit
 .text.HAL_UART_Transmit_IT
                0x0000000008011f48       0x78 Thirdparty/STM32F0xx_HAL_Driver/Src/stm32f0xx_hal_uart.o
                0x0000000008011f48                HAL_UART_Transmit_IT
 .text.HAL_UART_Receive_IT
                0x0000000008011fc0       0xe0 Thirdparty/STM32F0xx_HAL_Driver/Src/stm32f0xx_hal_uart.o
                0x0000000008011fc0                HAL_UART_Receive_IT
 .text.HAL_UART_Transmit_DMA
                0x00000000080120a0       0xa0 Thirdparty/STM32F0xx_HAL_Driver/Src/stm32f0xx_hal_uart.o
                0x00000000080120a0                HAL_UART_Transmit_DMA
 .text.HAL_UART_Receive_DMA
                0x0000000008012140       0x98 Thirdparty/STM32F0xx_HAL_Driver/Src/stm32f0xx_hal_uart.o
                0x0000000008012140                HAL_UART_Receive_DMA
 .text.UART_DMATransmitCplt
                0x00000000080121d8       0x30 Thirdparty/STM32F0xx_HAL_Driver/Src/stm32f0xx_hal_uart.o
 .text.HAL_UART_TxHalfCpltCallback
                0x0000000008012208        0x2 Thirdparty/STM32F0xx_HAL_Driver/Src/stm32f0xx_hal_uart.o
                0x0000000008012208                HAL_UART_TxHalfCpltCallback
 .text.UART_DMATxHalfCplt
                0x000000000801220a        0xa Thirdparty/STM32F0xx_HAL_Driver/Src/stm32f0xx_hal_uart.o
 .text.UART_DMAReceiveCplt
                0x0000000008012214       0x3a Thirdparty/STM32F0xx_HAL_Driver/Src/stm32f0xx_hal_uart.o
 .text.HAL_UART_RxHalfCpltCallback
                0x000000000801224e        0x2 Thirdparty/STM32F0xx_HAL_Driver/Src/stm32f0xx_hal_uart.o
                0x000000000801224e                HAL_UART_RxHalfCpltCallback
 .text.UART_DMARxHalfCplt
                0x0000000008012250        0xa Thirdparty/STM32F0xx_HAL_Driver/Src/stm32f0xx_hal_uart.o
 .text.UART_DMAError
                0x000000000801225a       0x22 Thirdparty/STM32F0xx_HAL_Driver/Src/stm32f0xx_hal_uart.o
 .text.UART_SetConfig
                0x000000000801227c      0x248 Thirdparty/STM32F0xx_HAL_Driver/Src/stm32f0xx_hal_uart.o
                0x000000000801227c                UART_SetConfig
 .text.UART_AdvFeatureConfig
                0x00000000080124c4       0xe0 Thirdparty/STM32F0xx_HAL_Driver/Src/stm32f0xx_hal_uart.o
                0x00000000080124c4                UART_AdvFeatureConfig
 .text.UART_WaitOnFlagUntilTimeout
                0x00000000080125a4       0xd0 Thirdparty/STM32F0xx_HAL_Driver/Src/stm32f0xx_hal_uart.o
                0x00000000080125a4                UART_WaitOnFlagUntilTimeout
 .text.HAL_UART_Transmit
                0x0000000008012674       0xd4 Thirdparty/STM32F0xx_HAL_Driver/Src/stm32f0xx_hal_uart.o
                0x0000000008012674                HAL_UART_Transmit
 .text.UART_CheckIdleState
                0x0000000008012748       0x78 Thirdparty/STM32F0xx_HAL_Driver/Src/stm32f0xx_hal_uart.o
                0x0000000008012748                UART_CheckIdleState
 .text.HAL_UART_Init
                0x00000000080127c0       0x70 Thirdparty/STM32F0xx_HAL_Driver/Src/stm32f0xx_hal_uart.o
                0x00000000080127c0                HAL_UART_Init
 .text.UART_Transmit_IT
                0x0000000008012830       0x70 Thirdparty/STM32F0xx_HAL_Driver/Src/stm32f0xx_hal_uart.o
                0x0000000008012830                UART_Transmit_IT
 .text.UART_EndTransmit_IT
                0x00000000080128a0       0x32 Thirdparty/STM32F0xx_HAL_Driver/Src/stm32f0xx_hal_uart.o
                0x00000000080128a0                UART_EndTransmit_IT
 *fill*         0x00000000080128d2        0x2 
 .text.UART_Receive_IT
                0x00000000080128d4       0x98 Thirdparty/STM32F0xx_HAL_Driver/Src/stm32f0xx_hal_uart.o
                0x00000000080128d4                UART_Receive_IT
 .text.HAL_UARTEx_WakeupCallback
                0x000000000801296c        0x2 Thirdparty/STM32F0xx_HAL_Driver/Src/stm32f0xx_hal_uart_ex.o
                0x000000000801296c                HAL_UARTEx_WakeupCallback
 .text.HAL_UART_IRQHandler
                0x000000000801296e       0xfc Thirdparty/STM32F0xx_HAL_Driver/Src/stm32f0xx_hal_uart_ex.o
                0x000000000801296e                HAL_UART_IRQHandler
 .text.main     0x0000000008012a6a        0x8 User/main.o
                0x0000000008012a6a                main
 .text.UserTask
                0x0000000008012a72        0x2 User/main.o
                0x0000000008012a72                UserTask
 .text.atof     0x0000000008012a74        0xa c:/st/stm32cubeide_1.5.1/stm32cubeide/plugins/com.st.stm32cube.ide.mcu.externaltools.gnu-tools-for-stm32.7-2018-q2-update.win32_1.5.0.202011040924/tools/bin/../lib/gcc/arm-none-eabi/7.3.1/../../../../arm-none-eabi/lib/thumb/v6-m\libc.a(lib_a-atof.o)
                0x0000000008012a74                atof
 .text.atoi     0x0000000008012a7e        0xc c:/st/stm32cubeide_1.5.1/stm32cubeide/plugins/com.st.stm32cube.ide.mcu.externaltools.gnu-tools-for-stm32.7-2018-q2-update.win32_1.5.0.202011040924/tools/bin/../lib/gcc/arm-none-eabi/7.3.1/../../../../arm-none-eabi/lib/thumb/v6-m\libc.a(lib_a-atoi.o)
                0x0000000008012a7e                atoi
 .text.atol     0x0000000008012a8a        0xc c:/st/stm32cubeide_1.5.1/stm32cubeide/plugins/com.st.stm32cube.ide.mcu.externaltools.gnu-tools-for-stm32.7-2018-q2-update.win32_1.5.0.202011040924/tools/bin/../lib/gcc/arm-none-eabi/7.3.1/../../../../arm-none-eabi/lib/thumb/v6-m\libc.a(lib_a-atol.o)
                0x0000000008012a8a                atol
 *fill*         0x0000000008012a96        0x2 
 .text.__libc_init_array
                0x0000000008012a98       0x48 c:/st/stm32cubeide_1.5.1/stm32cubeide/plugins/com.st.stm32cube.ide.mcu.externaltools.gnu-tools-for-stm32.7-2018-q2-update.win32_1.5.0.202011040924/tools/bin/../lib/gcc/arm-none-eabi/7.3.1/../../../../arm-none-eabi/lib/thumb/v6-m\libc.a(lib_a-init.o)
                0x0000000008012a98                __libc_init_array
 .text.__locale_ctype_ptr_l
                0x0000000008012ae0        0x6 c:/st/stm32cubeide_1.5.1/stm32cubeide/plugins/com.st.stm32cube.ide.mcu.externaltools.gnu-tools-for-stm32.7-2018-q2-update.win32_1.5.0.202011040924/tools/bin/../lib/gcc/arm-none-eabi/7.3.1/../../../../arm-none-eabi/lib/thumb/v6-m\libc.a(lib_a-locale.o)
                0x0000000008012ae0                __locale_ctype_ptr_l
 *fill*         0x0000000008012ae6        0x2 
 .text.__locale_ctype_ptr
                0x0000000008012ae8       0x1c c:/st/stm32cubeide_1.5.1/stm32cubeide/plugins/com.st.stm32cube.ide.mcu.externaltools.gnu-tools-for-stm32.7-2018-q2-update.win32_1.5.0.202011040924/tools/bin/../lib/gcc/arm-none-eabi/7.3.1/../../../../arm-none-eabi/lib/thumb/v6-m\libc.a(lib_a-locale.o)
                0x0000000008012ae8                __locale_ctype_ptr
 .text.malloc   0x0000000008012b04       0x14 c:/st/stm32cubeide_1.5.1/stm32cubeide/plugins/com.st.stm32cube.ide.mcu.externaltools.gnu-tools-for-stm32.7-2018-q2-update.win32_1.5.0.202011040924/tools/bin/../lib/gcc/arm-none-eabi/7.3.1/../../../../arm-none-eabi/lib/thumb/v6-m\libc.a(lib_a-malloc.o)
                0x0000000008012b04                malloc
 .text.free     0x0000000008012b18       0x14 c:/st/stm32cubeide_1.5.1/stm32cubeide/plugins/com.st.stm32cube.ide.mcu.externaltools.gnu-tools-for-stm32.7-2018-q2-update.win32_1.5.0.202011040924/tools/bin/../lib/gcc/arm-none-eabi/7.3.1/../../../../arm-none-eabi/lib/thumb/v6-m\libc.a(lib_a-malloc.o)
                0x0000000008012b18                free
 .text._malloc_r
                0x0000000008012b2c      0x430 c:/st/stm32cubeide_1.5.1/stm32cubeide/plugins/com.st.stm32cube.ide.mcu.externaltools.gnu-tools-for-stm32.7-2018-q2-update.win32_1.5.0.202011040924/tools/bin/../lib/gcc/arm-none-eabi/7.3.1/../../../../arm-none-eabi/lib/thumb/v6-m\libc.a(lib_a-mallocr.o)
                0x0000000008012b2c                _malloc_r
 .text.__ascii_mbtowc
                0x0000000008012f5c       0x24 c:/st/stm32cubeide_1.5.1/stm32cubeide/plugins/com.st.stm32cube.ide.mcu.externaltools.gnu-tools-for-stm32.7-2018-q2-update.win32_1.5.0.202011040924/tools/bin/../lib/gcc/arm-none-eabi/7.3.1/../../../../arm-none-eabi/lib/thumb/v6-m\libc.a(lib_a-mbtowc_r.o)
                0x0000000008012f5c                __ascii_mbtowc
 .text.memcmp   0x0000000008012f80       0x1e c:/st/stm32cubeide_1.5.1/stm32cubeide/plugins/com.st.stm32cube.ide.mcu.externaltools.gnu-tools-for-stm32.7-2018-q2-update.win32_1.5.0.202011040924/tools/bin/../lib/gcc/arm-none-eabi/7.3.1/../../../../arm-none-eabi/lib/thumb/v6-m\libc.a(lib_a-memcmp.o)
                0x0000000008012f80                memcmp
 .text.memcpy   0x0000000008012f9e       0x12 c:/st/stm32cubeide_1.5.1/stm32cubeide/plugins/com.st.stm32cube.ide.mcu.externaltools.gnu-tools-for-stm32.7-2018-q2-update.win32_1.5.0.202011040924/tools/bin/../lib/gcc/arm-none-eabi/7.3.1/../../../../arm-none-eabi/lib/thumb/v6-m\libc.a(lib_a-memcpy-stub.o)
                0x0000000008012f9e                memcpy
 .text.memset   0x0000000008012fb0       0x10 c:/st/stm32cubeide_1.5.1/stm32cubeide/plugins/com.st.stm32cube.ide.mcu.externaltools.gnu-tools-for-stm32.7-2018-q2-update.win32_1.5.0.202011040924/tools/bin/../lib/gcc/arm-none-eabi/7.3.1/../../../../arm-none-eabi/lib/thumb/v6-m\libc.a(lib_a-memset.o)
                0x0000000008012fb0                memset
 .text.__malloc_lock
                0x0000000008012fc0       0x10 c:/st/stm32cubeide_1.5.1/stm32cubeide/plugins/com.st.stm32cube.ide.mcu.externaltools.gnu-tools-for-stm32.7-2018-q2-update.win32_1.5.0.202011040924/tools/bin/../lib/gcc/arm-none-eabi/7.3.1/../../../../arm-none-eabi/lib/thumb/v6-m\libc.a(lib_a-mlock.o)
                0x0000000008012fc0                __malloc_lock
 .text.__malloc_unlock
                0x0000000008012fd0       0x10 c:/st/stm32cubeide_1.5.1/stm32cubeide/plugins/com.st.stm32cube.ide.mcu.externaltools.gnu-tools-for-stm32.7-2018-q2-update.win32_1.5.0.202011040924/tools/bin/../lib/gcc/arm-none-eabi/7.3.1/../../../../arm-none-eabi/lib/thumb/v6-m\libc.a(lib_a-mlock.o)
                0x0000000008012fd0                __malloc_unlock
 .text.rand     0x0000000008012fe0       0x34 c:/st/stm32cubeide_1.5.1/stm32cubeide/plugins/com.st.stm32cube.ide.mcu.externaltools.gnu-tools-for-stm32.7-2018-q2-update.win32_1.5.0.202011040924/tools/bin/../lib/gcc/arm-none-eabi/7.3.1/../../../../arm-none-eabi/lib/thumb/v6-m\libc.a(lib_a-rand.o)
                0x0000000008012fe0                rand
 .text.realloc  0x0000000008013014       0x14 c:/st/stm32cubeide_1.5.1/stm32cubeide/plugins/com.st.stm32cube.ide.mcu.externaltools.gnu-tools-for-stm32.7-2018-q2-update.win32_1.5.0.202011040924/tools/bin/../lib/gcc/arm-none-eabi/7.3.1/../../../../arm-none-eabi/lib/thumb/v6-m\libc.a(lib_a-realloc.o)
                0x0000000008013014                realloc
 .text._realloc_r
                0x0000000008013028      0x358 c:/st/stm32cubeide_1.5.1/stm32cubeide/plugins/com.st.stm32cube.ide.mcu.externaltools.gnu-tools-for-stm32.7-2018-q2-update.win32_1.5.0.202011040924/tools/bin/../lib/gcc/arm-none-eabi/7.3.1/../../../../arm-none-eabi/lib/thumb/v6-m\libc.a(lib_a-reallocr.o)
                0x0000000008013028                _realloc_r
 .text._sbrk_r  0x0000000008013380       0x24 c:/st/stm32cubeide_1.5.1/stm32cubeide/plugins/com.st.stm32cube.ide.mcu.externaltools.gnu-tools-for-stm32.7-2018-q2-update.win32_1.5.0.202011040924/tools/bin/../lib/gcc/arm-none-eabi/7.3.1/../../../../arm-none-eabi/lib/thumb/v6-m\libc.a(lib_a-sbrkr.o)
                0x0000000008013380                _sbrk_r
 .text.sprintf  0x00000000080133a4       0x40 c:/st/stm32cubeide_1.5.1/stm32cubeide/plugins/com.st.stm32cube.ide.mcu.externaltools.gnu-tools-for-stm32.7-2018-q2-update.win32_1.5.0.202011040924/tools/bin/../lib/gcc/arm-none-eabi/7.3.1/../../../../arm-none-eabi/lib/thumb/v6-m\libc.a(lib_a-sprintf.o)
                0x00000000080133a4                sprintf
 .text.strcat   0x00000000080133e4       0x1c c:/st/stm32cubeide_1.5.1/stm32cubeide/plugins/com.st.stm32cube.ide.mcu.externaltools.gnu-tools-for-stm32.7-2018-q2-update.win32_1.5.0.202011040924/tools/bin/../lib/gcc/arm-none-eabi/7.3.1/../../../../arm-none-eabi/lib/thumb/v6-m\libc.a(lib_a-strcat.o)
                0x00000000080133e4                strcat
 .text.strchr   0x0000000008013400       0x1c c:/st/stm32cubeide_1.5.1/stm32cubeide/plugins/com.st.stm32cube.ide.mcu.externaltools.gnu-tools-for-stm32.7-2018-q2-update.win32_1.5.0.202011040924/tools/bin/../lib/gcc/arm-none-eabi/7.3.1/../../../../arm-none-eabi/lib/thumb/v6-m\libc.a(lib_a-strchr.o)
                0x0000000008013400                strchr
 .text.strcpy   0x000000000801341c       0x10 c:/st/stm32cubeide_1.5.1/stm32cubeide/plugins/com.st.stm32cube.ide.mcu.externaltools.gnu-tools-for-stm32.7-2018-q2-update.win32_1.5.0.202011040924/tools/bin/../lib/gcc/arm-none-eabi/7.3.1/../../../../arm-none-eabi/lib/thumb/v6-m\libc.a(lib_a-strcpy.o)
                0x000000000801341c                strcpy
 .text.strncmp  0x000000000801342c       0x22 c:/st/stm32cubeide_1.5.1/stm32cubeide/plugins/com.st.stm32cube.ide.mcu.externaltools.gnu-tools-for-stm32.7-2018-q2-update.win32_1.5.0.202011040924/tools/bin/../lib/gcc/arm-none-eabi/7.3.1/../../../../arm-none-eabi/lib/thumb/v6-m\libc.a(lib_a-strncmp.o)
                0x000000000801342c                strncmp
 .text.strncpy  0x000000000801344e       0x28 c:/st/stm32cubeide_1.5.1/stm32cubeide/plugins/com.st.stm32cube.ide.mcu.externaltools.gnu-tools-for-stm32.7-2018-q2-update.win32_1.5.0.202011040924/tools/bin/../lib/gcc/arm-none-eabi/7.3.1/../../../../arm-none-eabi/lib/thumb/v6-m\libc.a(lib_a-strncpy.o)
                0x000000000801344e                strncpy
 *fill*         0x0000000008013476        0x2 
 .text.unlikely.sulp
                0x0000000008013478       0x30 c:/st/stm32cubeide_1.5.1/stm32cubeide/plugins/com.st.stm32cube.ide.mcu.externaltools.gnu-tools-for-stm32.7-2018-q2-update.win32_1.5.0.202011040924/tools/bin/../lib/gcc/arm-none-eabi/7.3.1/../../../../arm-none-eabi/lib/thumb/v6-m\libc.a(lib_a-strtod.o)
 .text._strtod_l
                0x00000000080134a8      0xc50 c:/st/stm32cubeide_1.5.1/stm32cubeide/plugins/com.st.stm32cube.ide.mcu.externaltools.gnu-tools-for-stm32.7-2018-q2-update.win32_1.5.0.202011040924/tools/bin/../lib/gcc/arm-none-eabi/7.3.1/../../../../arm-none-eabi/lib/thumb/v6-m\libc.a(lib_a-strtod.o)
                0x00000000080134a8                _strtod_l