Archive member included to satisfy reference by file (symbol)

c:/st/stm32cubeide_1.5.1/stm32cubeide/plugins/com.st.stm32cube.ide.mcu.externaltools.gnu-tools-for-stm32.7-2018-q2-update.win32_1.5.0.202011040924/tools/bin/../lib/gcc/arm-none-eabi/7.3.1/../../../../arm-none-eabi/lib/thumb/v6-m\libc.a(lib_a-atof.o)
                              BOS\BOS_CLI.o (atof)
c:/st/stm32cubeide_1.5.1/stm32cubeide/plugins/com.st.stm32cube.ide.mcu.externaltools.gnu-tools-for-stm32.7-2018-q2-update.win32_1.5.0.202011040924/tools/bin/../lib/gcc/arm-none-eabi/7.3.1/../../../../arm-none-eabi/lib/thumb/v6-m\libc.a(lib_a-atoi.o)
                              BOS\BOS_CLI.o (atoi)
c:/st/stm32cubeide_1.5.1/stm32cubeide/plugins/com.st.stm32cube.ide.mcu.externaltools.gnu-tools-for-stm32.7-2018-q2-update.win32_1.5.0.202011040924/tools/bin/../lib/gcc/arm-none-eabi/7.3.1/../../../../arm-none-eabi/lib/thumb/v6-m\libc.a(lib_a-atol.o)
                              BOS\BOS.o (atol)
c:/st/stm32cubeide_1.5.1/stm32cubeide/plugins/com.st.stm32cube.ide.mcu.externaltools.gnu-tools-for-stm32.7-2018-q2-update.win32_1.5.0.202011040924/tools/bin/../lib/gcc/arm-none-eabi/7.3.1/../../../../arm-none-eabi/lib/thumb/v6-m\libc.a(lib_a-calloc.o)
                              BOS\BOS.o (calloc)
c:/st/stm32cubeide_1.5.1/stm32cubeide/plugins/com.st.stm32cube.ide.mcu.externaltools.gnu-tools-for-stm32.7-2018-q2-update.win32_1.5.0.202011040924/tools/bin/../lib/gcc/arm-none-eabi/7.3.1/../../../../arm-none-eabi/lib/thumb/v6-m\libc.a(lib_a-callocr.o)
                              c:/st/stm32cubeide_1.5.1/stm32cubeide/plugins/com.st.stm32cube.ide.mcu.externaltools.gnu-tools-for-stm32.7-2018-q2-update.win32_1.5.0.202011040924/tools/bin/../lib/gcc/arm-none-eabi/7.3.1/../../../../arm-none-eabi/lib/thumb/v6-m\libc.a(lib_a-calloc.o) (_calloc_r)
c:/st/stm32cubeide_1.5.1/stm32cubeide/plugins/com.st.stm32cube.ide.mcu.externaltools.gnu-tools-for-stm32.7-2018-q2-update.win32_1.5.0.202011040924/tools/bin/../lib/gcc/arm-none-eabi/7.3.1/../../../../arm-none-eabi/lib/thumb/v6-m\libc.a(lib_a-exit.o)
                              c:/st/stm32cubeide_1.5.1/stm32cubeide/plugins/com.st.stm32cube.ide.mcu.externaltools.gnu-tools-for-stm32.7-2018-q2-update.win32_1.5.0.202011040924/tools/bin/../lib/gcc/arm-none-eabi/7.3.1/../../../../arm-none-eabi/lib/thumb/v6-m/crt0.o (exit)
c:/st/stm32cubeide_1.5.1/stm32cubeide/plugins/com.st.stm32cube.ide.mcu.externaltools.gnu-tools-for-stm32.7-2018-q2-update.win32_1.5.0.202011040924/tools/bin/../lib/gcc/arm-none-eabi/7.3.1/../../../../arm-none-eabi/lib/thumb/v6-m\libc.a(lib_a-impure.o)
                              c:/st/stm32cubeide_1.5.1/stm32cubeide/plugins/com.st.stm32cube.ide.mcu.externaltools.gnu-tools-for-stm32.7-2018-q2-update.win32_1.5.0.202011040924/tools/bin/../lib/gcc/arm-none-eabi/7.3.1/../../../../arm-none-eabi/lib/thumb/v6-m\libc.a(lib_a-exit.o) (_global_impure_ptr)
c:/st/stm32cubeide_1.5.1/stm32cubeide/plugins/com.st.stm32cube.ide.mcu.externaltools.gnu-tools-for-stm32.7-2018-q2-update.win32_1.5.0.202011040924/tools/bin/../lib/gcc/arm-none-eabi/7.3.1/../../../../arm-none-eabi/lib/thumb/v6-m\libc.a(lib_a-init.o)
                              c:/st/stm32cubeide_1.5.1/stm32cubeide/plugins/com.st.stm32cube.ide.mcu.externaltools.gnu-tools-for-stm32.7-2018-q2-update.win32_1.5.0.202011040924/tools/bin/../lib/gcc/arm-none-eabi/7.3.1/../../../../arm-none-eabi/lib/thumb/v6-m/crt0.o (__libc_init_array)
c:/st/stm32cubeide_1.5.1/stm32cubeide/plugins/com.st.stm32cube.ide.mcu.externaltools.gnu-tools-for-stm32.7-2018-q2-update.win32_1.5.0.202011040924/tools/bin/../lib/gcc/arm-none-eabi/7.3.1/../../../../arm-none-eabi/lib/thumb/v6-m\libc.a(lib_a-locale.o)
                              BOS\BOS_CLI.o (__locale_ctype_ptr)
c:/st/stm32cubeide_1.5.1/stm32cubeide/plugins/com.st.stm32cube.ide.mcu.externaltools.gnu-tools-for-stm32.7-2018-q2-update.win32_1.5.0.202011040924/tools/bin/../lib/gcc/arm-none-eabi/7.3.1/../../../../arm-none-eabi/lib/thumb/v6-m\libc.a(lib_a-malloc.o)
                              BOS\BOS.o (malloc)
c:/st/stm32cubeide_1.5.1/stm32cubeide/plugins/com.st.stm32cube.ide.mcu.externaltools.gnu-tools-for-stm32.7-2018-q2-update.win32_1.5.0.202011040924/tools/bin/../lib/gcc/arm-none-eabi/7.3.1/../../../../arm-none-eabi/lib/thumb/v6-m\libc.a(lib_a-mallocr.o)
                              c:/st/stm32cubeide_1.5.1/stm32cubeide/plugins/com.st.stm32cube.ide.mcu.externaltools.gnu-tools-for-stm32.7-2018-q2-update.win32_1.5.0.202011040924/tools/bin/../lib/gcc/arm-none-eabi/7.3.1/../../../../arm-none-eabi/lib/thumb/v6-m\libc.a(lib_a-callocr.o) (_malloc_r)
c:/st/stm32cubeide_1.5.1/stm32cubeide/plugins/com.st.stm32cube.ide.mcu.externaltools.gnu-tools-for-stm32.7-2018-q2-update.win32_1.5.0.202011040924/tools/bin/../lib/gcc/arm-none-eabi/7.3.1/../../../../arm-none-eabi/lib/thumb/v6-m\libc.a(lib_a-mbtowc_r.o)
[...]
Memory Configuration

Name             Origin             Length             Attributes
RAM              0x0000000020000000 0x0000000000008000 xrw
FLASH            0x0000000008000000 0x0000000000040000 xr
*default*        0x0000000000000000 0xffffffffffffffff

Linker script and memory map

LOAD c:/st/stm32cubeide_1.5.1/stm32cubeide/plugins/com.st.stm32cube.ide.mcu.externaltools.gnu-tools-for-stm32.7-2018-q2-update.win32_1.5.0.202011040924/tools/bin/../lib/gcc/arm-none-eabi/7.3.1/thumb/v6-m/crti.o
LOAD c:/st/stm32cubeide_1.5.1/stm32cubeide/plugins/com.st.stm32cube.ide.mcu.externaltools.gnu-tools-for-stm32.7-2018-q2-update.win32_1.5.0.202011040924/tools/bin/../lib/gcc/arm-none-eabi/7.3.1/thumb/v6-m/crtbegin.o
LOAD c:/st/stm32cubeide_1.5.1/stm32cubeide/plugins/com.st.stm32cube.ide.mcu.externaltools.gnu-tools-for-stm32.7-2018-q2-update.win32_1.5.0.202011040924/tools/bin/../lib/gcc/arm-none-eabi/7.3.1/../../../../arm-none-eabi/lib/thumb/v6-m/crt0.o
LOAD BOS\BOS.o
LOAD BOS\BOS_CLI.o
LOAD BOS\BOS_CLIcommands.o
LOAD BOS\BOS_dma.o
LOAD BOS\BOS_eeprom.o
LOAD BOS\BOS_freertos.o
LOAD BOS\BOS_inputs.o
LOAD BOS\BOS_messaging.o
LOAD BOS\BOS_msgparser.o
LOAD H23R3x\H23R30.o
LOAD H23R3x\H23R3_dma.o
LOAD H23R3x\H23R3_gpio.o
LOAD H23R3x\H23R3_it.o
LOAD H23R3x\H23R3_rtc.o
LOAD H23R3x\H23R3_timers.o
LOAD H23R3x\H23R3_uart.o
LOAD H23R3x\startup_stm32f091xc.o
LOAD Thirdparty\CMSIS\Device\ST\STM32F0xx\Source\Templates\system_stm32f0xx.o
LOAD Thirdparty\Middleware\FreeRTOS\Source\CMSIS_RTOS\cmsis_os.o
LOAD Thirdparty\Middleware\FreeRTOS\Source\FreeRTOS_CLI.o
LOAD Thirdparty\Middleware\FreeRTOS\Source\croutine.o
LOAD Thirdparty\Middleware\FreeRTOS\Source\event_groups.o
LOAD Thirdparty\Middleware\FreeRTOS\Source\list.o
LOAD Thirdparty\Middleware\FreeRTOS\Source\portable\GCC\ARM_CM0\port.o
LOAD Thirdparty\Middleware\FreeRTOS\Source\portable\MemMang\heap_4.o
LOAD Thirdparty\Middleware\FreeRTOS\Source\queue.o
LOAD Thirdparty\Middleware\FreeRTOS\Source\tasks.o
LOAD Thirdparty\Middleware\FreeRTOS\Source\timers.o
LOAD Thirdparty\STM32F0xx_HAL_Driver\Src\stm32f0xx_hal.o
LOAD Thirdparty\STM32F0xx_HAL_Driver\Src\stm32f0xx_hal_adc.o
LOAD Thirdparty\STM32F0xx_HAL_Driver\Src\stm32f0xx_hal_adc_ex.o
LOAD Thirdparty\STM32F0xx_HAL_Driver\Src\stm32f0xx_hal_can.o
LOAD Thirdparty\STM32F0xx_HAL_Driver\Src\stm32f0xx_hal_cec.o
LOAD Thirdparty\STM32F0xx_HAL_Driver\Src\stm32f0xx_hal_comp.o
LOAD Thirdparty\STM32F0xx_HAL_Driver\Src\stm32f0xx_hal_cortex.o
LOAD Thirdparty\STM32F0xx_HAL_Driver\Src\stm32f0xx_hal_crc.o
LOAD Thirdparty\STM32F0xx_HAL_Driver\Src\stm32f0xx_hal_crc_ex.o
LOAD Thirdparty\STM32F0xx_HAL_Driver\Src\stm32f0xx_hal_dac.o
LOAD Thirdparty\STM32F0xx_HAL_Driver\Src\stm32f0xx_hal_dac_ex.o
LOAD Thirdparty\STM32F0xx_HAL_Driver\Src\stm32f0xx_hal_dma.o
LOAD Thirdparty\STM32F0xx_HAL_Driver\Src\stm32f0xx_hal_flash.o
LOAD Thirdparty\STM32F0xx_HAL_Driver\Src\stm32f0xx_hal_flash_ex.o
LOAD Thirdparty\STM32F0xx_HAL_Driver\Src\stm32f0xx_hal_gpio.o
LOAD Thirdparty\STM32F0xx_HAL_Driver\Src\stm32f0xx_hal_i2c.o
LOAD Thirdparty\STM32F0xx_HAL_Driver\Src\stm32f0xx_hal_i2c_ex.o
LOAD Thirdparty\STM32F0xx_HAL_Driver\Src\stm32f0xx_hal_i2s.o
LOAD Thirdparty\STM32F0xx_HAL_Driver\Src\stm32f0xx_hal_irda.o
LOAD Thirdparty\STM32F0xx_HAL_Driver\Src\stm32f0xx_hal_iwdg.o
LOAD Thirdparty\STM32F0xx_HAL_Driver\Src\stm32f0xx_hal_msp_template.o
LOAD Thirdparty\STM32F0xx_HAL_Driver\Src\stm32f0xx_hal_pcd.o
LOAD Thirdparty\STM32F0xx_HAL_Driver\Src\stm32f0xx_hal_pcd_ex.o
LOAD Thirdparty\STM32F0xx_HAL_Driver\Src\stm32f0xx_hal_pwr.o
LOAD Thirdparty\STM32F0xx_HAL_Driver\Src\stm32f0xx_hal_pwr_ex.o
LOAD Thirdparty\STM32F0xx_HAL_Driver\Src\stm32f0xx_hal_rcc.o
LOAD Thirdparty\STM32F0xx_HAL_Driver\Src\stm32f0xx_hal_rcc_ex.o
LOAD Thirdparty\STM32F0xx_HAL_Driver\Src\stm32f0xx_hal_rtc.o
LOAD Thirdparty\STM32F0xx_HAL_Driver\Src\stm32f0xx_hal_rtc_ex.o
LOAD Thirdparty\STM32F0xx_HAL_Driver\Src\stm32f0xx_hal_smartcard.o
LOAD Thirdparty\STM32F0xx_HAL_Driver\Src\stm32f0xx_hal_smartcard_ex.o
LOAD Thirdparty\STM32F0xx_HAL_Driver\Src\stm32f0xx_hal_smbus.o
LOAD Thirdparty\STM32F0xx_HAL_Driver\Src\stm32f0xx_hal_spi.o
LOAD Thirdparty\STM32F0xx_HAL_Driver\Src\stm32f0xx_hal_spi_ex.o
LOAD Thirdparty\STM32F0xx_HAL_Driver\Src\stm32f0xx_hal_tim.o
LOAD Thirdparty\STM32F0xx_HAL_Driver\Src\stm32f0xx_hal_tim_ex.o
LOAD Thirdparty\STM32F0xx_HAL_Driver\Src\stm32f0xx_hal_tsc.o
LOAD Thirdparty\STM32F0xx_HAL_Driver\Src\stm32f0xx_hal_uart.o
LOAD Thirdparty\STM32F0xx_HAL_Driver\Src\stm32f0xx_hal_uart_ex.o
LOAD Thirdparty\STM32F0xx_HAL_Driver\Src\stm32f0xx_hal_usart.o
LOAD Thirdparty\STM32F0xx_HAL_Driver\Src\stm32f0xx_hal_wwdg.o
LOAD User\main.o
START GROUP
LOAD c:/st/stm32cubeide_1.5.1/stm32cubeide/plugins/com.st.stm32cube.ide.mcu.externaltools.gnu-tools-for-stm32.7-2018-q2-update.win32_1.5.0.202011040924/tools/bin/../lib/gcc/arm-none-eabi/7.3.1/../../../../arm-none-eabi/lib/thumb/v6-m\libc.a
LOAD c:/st/stm32cubeide_1.5.1/stm32cubeide/plugins/com.st.stm32cube.ide.mcu.externaltools.gnu-tools-for-stm32.7-2018-q2-update.win32_1.5.0.202011040924/tools/bin/../lib/gcc/arm-none-eabi/7.3.1/../../../../arm-none-eabi/lib/thumb/v6-m\libm.a
END GROUP
START GROUP
LOAD c:/st/stm32cubeide_1.5.1/stm32cubeide/plugins/com.st.stm32cube.ide.mcu.externaltools.gnu-tools-for-stm32.7-2018-q2-update.win32_1.5.0.202011040924/tools/bin/../lib/gcc/arm-none-eabi/7.3.1/thumb/v6-m\libgcc.a
LOAD c:/st/stm32cubeide_1.5.1/stm32cubeide/plugins/com.st.stm32cube.ide.mcu.externaltools.gnu-tools-for-stm32.7-2018-q2-update.win32_1.5.0.202011040924/tools/bin/../lib/gcc/arm-none-eabi/7.3.1/../../../../arm-none-eabi/lib/thumb/v6-m\libc.a
END GROUP
START GROUP
LOAD c:/st/stm32cubeide_1.5.1/stm32cubeide/plugins/com.st.stm32cube.ide.mcu.externaltools.gnu-tools-for-stm32.7-2018-q2-update.win32_1.5.0.202011040924/tools/bin/../lib/gcc/arm-none-eabi/7.3.1/thumb/v6-m\libgcc.a
LOAD c:/st/stm32cubeide_1.5.1/stm32cubeide/plugins/com.st.stm32cube.ide.mcu.externaltools.gnu-tools-for-stm32.7-2018-q2-update.win32_1.5.0.202011040924/tools/bin/../lib/gcc/arm-none-eabi/7.3.1/../../../../arm-none-eabi/lib/thumb/v6-m\libc.a
LOAD c:/st/stm32cubeide_1.5.1/stm32cubeide/plugins/com.st.stm32cube.ide.mcu.externaltools.gnu-tools-for-stm32.7-2018-q2-update.win32_1.5.0.202011040924/tools/bin/../lib/gcc/arm-none-eabi/7.3.1/../../../../arm-none-eabi/lib/thumb/v6-m\libnosys.a
END GROUP
LOAD c:/st/stm32cubeide_1.5.1/stm32cubeide/plugins/com.st.stm32cube.ide.mcu.externaltools.gnu-tools-for-stm32.7-2018-q2-update.win32_1.5.0.202011040924/tools/bin/../lib/gcc/arm-none-eabi/7.3.1/thumb/v6-m/crtend.o
LOAD c:/st/stm32cubeide_1.5.1/stm32cubeide/plugins/com.st.stm32cube.ide.mcu.externaltools.gnu-tools-for-stm32.7-2018-q2-update.win32_1.5.0.202011040924/tools/bin/../lib/gcc/arm-none-eabi/7.3.1/thumb/v6-m/crtn.o
                0x0000000020008000                _estack = (ORIGIN (RAM) + LENGTH (RAM))
                0x0000000000000200                _Min_Heap_Size = 0x200
                0x0000000000000400                _Min_Stack_Size = 0x400

.isr_vector     0x0000000008000000       0xbc
                0x0000000008000000                . = ALIGN (0x4)
 *(.isr_vector)
 .isr_vector    0x0000000008000000       0xbc H23R3x\startup_stm32f091xc.o
                0x0000000008000000                g_pfnVectors
                0x00000000080000bc                . = ALIGN (0x4)

.text           0x00000000080000bc    0x16fe4
                0x00000000080000bc                . = ALIGN (0x4)
 *(.text)
 .text          0x00000000080000bc       0x48 c:/st/stm32cubeide_1.5.1/stm32cubeide/plugins/com.st.stm32cube.ide.mcu.externaltools.gnu-tools-for-stm32.7-2018-q2-update.win32_1.5.0.202011040924/tools/bin/../lib/gcc/arm-none-eabi/7.3.1/thumb/v6-m/crtbegin.o
 .text          0x0000000008000104       0x14 c:/st/stm32cubeide_1.5.1/stm32cubeide/plugins/com.st.stm32cube.ide.mcu.externaltools.gnu-tools-for-stm32.7-2018-q2-update.win32_1.5.0.202011040924/tools/bin/../lib/gcc/arm-none-eabi/7.3.1/../../../../arm-none-eabi/lib/thumb/v6-m\libc.a(lib_a-strcmp.o)
                0x0000000008000104                strcmp
 .text          0x0000000008000118        0xe c:/st/stm32cubeide_1.5.1/stm32cubeide/plugins/com.st.stm32cube.ide.mcu.externaltools.gnu-tools-for-stm32.7-2018-q2-update.win32_1.5.0.202011040924/tools/bin/../lib/gcc/arm-none-eabi/7.3.1/../../../../arm-none-eabi/lib/thumb/v6-m\libc.a(lib_a-strlen.o)
                0x0000000008000118                strlen
 *fill*         0x0000000008000126        0x2 
 .text          0x0000000008000128       0x14 c:/st/stm32cubeide_1.5.1/stm32cubeide/plugins/com.st.stm32cube.ide.mcu.externaltools.gnu-tools-for-stm32.7-2018-q2-update.win32_1.5.0.202011040924/tools/bin/../lib/gcc/arm-none-eabi/7.3.1/thumb/v6-m\libgcc.a(_thumb1_case_uqi.o)
                0x0000000008000128                __gnu_thumb1_case_uqi
 .text          0x000000000800013c       0x14 c:/st/stm32cubeide_1.5.1/stm32cubeide/plugins/com.st.stm32cube.ide.mcu.externaltools.gnu-tools-for-stm32.7-2018-q2-update.win32_1.5.0.202011040924/tools/bin/../lib/gcc/arm-none-eabi/7.3.1/thumb/v6-m\libgcc.a(_thumb1_case_shi.o)
                0x000000000800013c                __gnu_thumb1_case_shi
 .text          0x0000000008000150      0x114 c:/st/stm32cubeide_1.5.1/stm32cubeide/plugins/com.st.stm32cube.ide.mcu.externaltools.gnu-tools-for-stm32.7-2018-q2-update.win32_1.5.0.202011040924/tools/bin/../lib/gcc/arm-none-eabi/7.3.1/thumb/v6-m\libgcc.a(_udivsi3.o)
                0x0000000008000150                __aeabi_uidiv
                0x0000000008000150                __udivsi3
                0x000000000800025c                __aeabi_uidivmod
 .text          0x0000000008000264      0x1d4 c:/st/stm32cubeide_1.5.1/stm32cubeide/plugins/com.st.stm32cube.ide.mcu.externaltools.gnu-tools-for-stm32.7-2018-q2-update.win32_1.5.0.202011040924/tools/bin/../lib/gcc/arm-none-eabi/7.3.1/thumb/v6-m\libgcc.a(_divsi3.o)
                0x0000000008000264                __divsi3
                0x0000000008000264                __aeabi_idiv
                0x0000000008000430                __aeabi_idivmod
 .text          0x0000000008000438        0x4 c:/st/stm32cubeide_1.5.1/stm32cubeide/plugins/com.st.stm32cube.ide.mcu.externaltools.gnu-tools-for-stm32.7-2018-q2-update.win32_1.5.0.202011040924/tools/bin/../lib/gcc/arm-none-eabi/7.3.1/thumb/v6-m\libgcc.a(_dvmd_tls.o)
                0x0000000008000438                __aeabi_idiv0
                0x0000000008000438                __aeabi_ldiv0
 .text          0x000000000800043c       0x7c c:/st/stm32cubeide_1.5.1/stm32cubeide/plugins/com.st.stm32cube.ide.mcu.externaltools.gnu-tools-for-stm32.7-2018-q2-update.win32_1.5.0.202011040924/tools/bin/../lib/gcc/arm-none-eabi/7.3.1/thumb/v6-m\libgcc.a(_arm_cmpdf2.o)
                0x000000000800043c                __aeabi_cdrcmple
                0x000000000800044c                __aeabi_cdcmple
                0x000000000800044c                __aeabi_cdcmpeq
                0x000000000800045c                __aeabi_dcmpeq
                0x0000000008000468                __aeabi_dcmplt
                0x000000000800047c                __aeabi_dcmple
                0x0000000008000490                __aeabi_dcmpgt
                0x00000000080004a4                __aeabi_dcmpge
 .text          0x00000000080004b8       0x74 c:/st/stm32cubeide_1.5.1/stm32cubeide/plugins/com.st.stm32cube.ide.mcu.externaltools.gnu-tools-for-stm32.7-2018-q2-update.win32_1.5.0.202011040924/tools/bin/../lib/gcc/arm-none-eabi/7.3.1/thumb/v6-m\libgcc.a(_arm_cmpsf2.o)
                0x00000000080004b8                __aeabi_cfrcmple
                0x00000000080004c0                __aeabi_cfcmpeq
                0x00000000080004c0                __aeabi_cfcmple
                0x00000000080004d0                __aeabi_fcmpeq
                0x00000000080004dc                __aeabi_fcmplt
                0x00000000080004f0                __aeabi_fcmple
                0x0000000008000504                __aeabi_fcmpgt
                0x0000000008000518                __aeabi_fcmpge
 .text          0x000000000800052c       0x40 c:/st/stm32cubeide_1.5.1/stm32cubeide/plugins/com.st.stm32cube.ide.mcu.externaltools.gnu-tools-for-stm32.7-2018-q2-update.win32_1.5.0.202011040924/tools/bin/../lib/gcc/arm-none-eabi/7.3.1/thumb/v6-m\libgcc.a(_aeabi_uldivmod.o)
                0x000000000800052c                __aeabi_uldivmod
 .text          0x000000000800056c       0x54 c:/st/stm32cubeide_1.5.1/stm32cubeide/plugins/com.st.stm32cube.ide.mcu.externaltools.gnu-tools-for-stm32.7-2018-q2-update.win32_1.5.0.202011040924/tools/bin/../lib/gcc/arm-none-eabi/7.3.1/thumb/v6-m\libgcc.a(_muldi3.o)
                0x000000000800056c                __muldi3
                0x000000000800056c                __aeabi_lmul
 .text          0x00000000080005c0       0x30 c:/st/stm32cubeide_1.5.1/stm32cubeide/plugins/com.st.stm32cube.ide.mcu.externaltools.gnu-tools-for-stm32.7-2018-q2-update.win32_1.5.0.202011040924/tools/bin/../lib/gcc/arm-none-eabi/7.3.1/thumb/v6-m\libgcc.a(_fixunssfsi.o)
                0x00000000080005c0                __fixunssfsi
                0x00000000080005c0                __aeabi_f2uiz
 .text          0x00000000080005f0       0x3c c:/st/stm32cubeide_1.5.1/stm32cubeide/plugins/com.st.stm32cube.ide.mcu.externaltools.gnu-tools-for-stm32.7-2018-q2-update.win32_1.5.0.202011040924/tools/bin/../lib/gcc/arm-none-eabi/7.3.1/thumb/v6-m\libgcc.a(_fixunsdfsi.o)
                0x00000000080005f0                __aeabi_d2uiz
                0x00000000080005f0                __fixunsdfsi
 .text          0x000000000800062c      0x184 c:/st/stm32cubeide_1.5.1/stm32cubeide/plugins/com.st.stm32cube.ide.mcu.externaltools.gnu-tools-for-stm32.7-2018-q2-update.win32_1.5.0.202011040924/tools/bin/../lib/gcc/arm-none-eabi/7.3.1/thumb/v6-m\libgcc.a(_udivmoddi4.o)
                0x000000000800062c                __udivmoddi4
 .text          0x00000000080007b0       0x50 c:/st/stm32cubeide_1.5.1/stm32cubeide/plugins/com.st.stm32cube.ide.mcu.externaltools.gnu-tools-for-stm32.7-2018-q2-update.win32_1.5.0.202011040924/tools/bin/../lib/gcc/arm-none-eabi/7.3.1/thumb/v6-m\libgcc.a(eqsf2.o)
                0x00000000080007b0                __eqsf2
                0x00000000080007b0                __nesf2
 .text          0x0000000008000800       0x9c c:/st/stm32cubeide_1.5.1/stm32cubeide/plugins/com.st.stm32cube.ide.mcu.externaltools.gnu-tools-for-stm32.7-2018-q2-update.win32_1.5.0.202011040924/tools/bin/../lib/gcc/arm-none-eabi/7.3.1/thumb/v6-m\libgcc.a(gesf2.o)
                0x0000000008000800                __gesf2
                0x0000000008000800                __gtsf2
 .text          0x000000000800089c       0xa0 c:/st/stm32cubeide_1.5.1/stm32cubeide/plugins/com.st.stm32cube.ide.mcu.externaltools.gnu-tools-for-stm32.7-2018-q2-update.win32_1.5.0.202011040924/tools/bin/../lib/gcc/arm-none-eabi/7.3.1/thumb/v6-m\libgcc.a(lesf2.o)
                0x000000000800089c                __ltsf2
                0x000000000800089c                __lesf2
 .text          0x000000000800093c      0x264 c:/st/stm32cubeide_1.5.1/stm32cubeide/plugins/com.st.stm32cube.ide.mcu.externaltools.gnu-tools-for-stm32.7-2018-q2-update.win32_1.5.0.202011040924/tools/bin/../lib/gcc/arm-none-eabi/7.3.1/thumb/v6-m\libgcc.a(mulsf3.o)
                0x000000000800093c                __aeabi_fmul
 .text          0x0000000008000ba0      0x388 c:/st/stm32cubeide_1.5.1/stm32cubeide/plugins/com.st.stm32cube.ide.mcu.externaltools.gnu-tools-for-stm32.7-2018-q2-update.win32_1.5.0.202011040924/tools/bin/../lib/gcc/arm-none-eabi/7.3.1/thumb/v6-m\libgcc.a(subsf3.o)
                0x0000000008000ba0                __aeabi_fsub
 .text          0x0000000008000f28       0x40 c:/st/stm32cubeide_1.5.1/stm32cubeide/plugins/com.st.stm32cube.ide.mcu.externaltools.gnu-tools-for-stm32.7-2018-q2-update.win32_1.5.0.202011040924/tools/bin/../lib/gcc/arm-none-eabi/7.3.1/thumb/v6-m\libgcc.a(fixsfsi.o)
                0x0000000008000f28                __aeabi_f2iz
 .text          0x0000000008000f68       0x80 c:/st/stm32cubeide_1.5.1/stm32cubeide/plugins/com.st.stm32cube.ide.mcu.externaltools.gnu-tools-for-stm32.7-2018-q2-update.win32_1.5.0.202011040924/tools/bin/../lib/gcc/arm-none-eabi/7.3.1/thumb/v6-m\libgcc.a(floatunsisf.o)
                0x0000000008000f68                __aeabi_ui2f
 .text          0x0000000008000fe8      0x638 c:/st/stm32cubeide_1.5.1/stm32cubeide/plugins/com.st.stm32cube.ide.mcu.externaltools.gnu-tools-for-stm32.7-2018-q2-update.win32_1.5.0.202011040924/tools/bin/../lib/gcc/arm-none-eabi/7.3.1/thumb/v6-m\libgcc.a(adddf3.o)
                0x0000000008000fe8                __aeabi_dadd
 .text          0x0000000008001620      0x604 c:/st/stm32cubeide_1.5.1/stm32cubeide/plugins/com.st.stm32cube.ide.mcu.externaltools.gnu-tools-for-stm32.7-2018-q2-update.win32_1.5.0.202011040924/tools/bin/../lib/gcc/arm-none-eabi/7.3.1/thumb/v6-m\libgcc.a(divdf3.o)
                0x0000000008001620                __aeabi_ddiv
 .text          0x0000000008001c24       0x78 c:/st/stm32cubeide_1.5.1/stm32cubeide/plugins/com.st.stm32cube.ide.mcu.externaltools.gnu-tools-for-stm32.7-2018-q2-update.win32_1.5.0.202011040924/tools/bin/../lib/gcc/arm-none-eabi/7.3.1/thumb/v6-m\libgcc.a(eqdf2.o)
                0x0000000008001c24                __nedf2
                0x0000000008001c24                __eqdf2
 .text          0x0000000008001c9c       0xc8 c:/st/stm32cubeide_1.5.1/stm32cubeide/plugins/com.st.stm32cube.ide.mcu.externaltools.gnu-tools-for-stm32.7-2018-q2-update.win32_1.5.0.202011040924/tools/bin/../lib/gcc/arm-none-eabi/7.3.1/thumb/v6-m\libgcc.a(gedf2.o)
                0x0000000008001c9c                __gedf2
                0x0000000008001c9c                __gtdf2
 .text          0x0000000008001d64       0xd0 c:/st/stm32cubeide_1.5.1/stm32cubeide/plugins/com.st.stm32cube.ide.mcu.externaltools.gnu-tools-for-stm32.7-2018-q2-update.win32_1.5.0.202011040924/tools/bin/../lib/gcc/arm-none-eabi/7.3.1/thumb/v6-m\libgcc.a(ledf2.o)
                0x0000000008001d64                __ledf2
                0x0000000008001d64                __ltdf2
 .text          0x0000000008001e34      0x4e4 c:/st/stm32cubeide_1.5.1/stm32cubeide/plugins/com.st.stm32cube.ide.mcu.externaltools.gnu-tools-for-stm32.7-2018-q2-update.win32_1.5.0.202011040924/tools/bin/../lib/gcc/arm-none-eabi/7.3.1/thumb/v6-m\libgcc.a(muldf3.o)
                0x0000000008001e34                __aeabi_dmul
 .text          0x0000000008002318      0x690 c:/st/stm32cubeide_1.5.1/stm32cubeide/plugins/com.st.stm32cube.ide.mcu.externaltools.gnu-tools-for-stm32.7-2018-q2-update.win32_1.5.0.202011040924/tools/bin/../lib/gcc/arm-none-eabi/7.3.1/thumb/v6-m\libgcc.a(subdf3.o)
                0x0000000008002318                __aeabi_dsub
 .text          0x00000000080029a8       0x38 c:/st/stm32cubeide_1.5.1/stm32cubeide/plugins/com.st.stm32cube.ide.mcu.externaltools.gnu-tools-for-stm32.7-2018-q2-update.win32_1.5.0.202011040924/tools/bin/../lib/gcc/arm-none-eabi/7.3.1/thumb/v6-m\libgcc.a(unorddf2.o)
                0x00000000080029a8                __aeabi_dcmpun
 .text          0x00000000080029e0       0x6c c:/st/stm32cubeide_1.5.1/stm32cubeide/plugins/com.st.stm32cube.ide.mcu.externaltools.gnu-tools-for-stm32.7-2018-q2-update.win32_1.5.0.202011040924/tools/bin/../lib/gcc/arm-none-eabi/7.3.1/thumb/v6-m\libgcc.a(fixdfsi.o)
                0x00000000080029e0                __aeabi_d2iz
 .text          0x0000000008002a4c       0x74 c:/st/stm32cubeide_1.5.1/stm32cubeide/plugins/com.st.stm32cube.ide.mcu.externaltools.gnu-tools-for-stm32.7-2018-q2-update.win32_1.5.0.202011040924/tools/bin/../lib/gcc/arm-none-eabi/7.3.1/thumb/v6-m\libgcc.a(floatsidf.o)
                0x0000000008002a4c                __aeabi_i2d
 .text          0x0000000008002ac0       0x64 c:/st/stm32cubeide_1.5.1/stm32cubeide/plugins/com.st.stm32cube.ide.mcu.externaltools.gnu-tools-for-stm32.7-2018-q2-update.win32_1.5.0.202011040924/tools/bin/../lib/gcc/arm-none-eabi/7.3.1/thumb/v6-m\libgcc.a(floatunsidf.o)
                0x0000000008002ac0                __aeabi_ui2d
 .text          0x0000000008002b24       0xa4 c:/st/stm32cubeide_1.5.1/stm32cubeide/plugins/com.st.stm32cube.ide.mcu.externaltools.gnu-tools-for-stm32.7-2018-q2-update.win32_1.5.0.202011040924/tools/bin/../lib/gcc/arm-none-eabi/7.3.1/thumb/v6-m\libgcc.a(extendsfdf2.o)
                0x0000000008002b24                __aeabi_f2d
 .text          0x0000000008002bc8      0x108 c:/st/stm32cubeide_1.5.1/stm32cubeide/plugins/com.st.stm32cube.ide.mcu.externaltools.gnu-tools-for-stm32.7-2018-q2-update.win32_1.5.0.202011040924/tools/bin/../lib/gcc/arm-none-eabi/7.3.1/thumb/v6-m\libgcc.a(truncdfsf2.o)
                0x0000000008002bc8                __aeabi_d2f
 .text          0x0000000008002cd0       0x3c c:/st/stm32cubeide_1.5.1/stm32cubeide/plugins/com.st.stm32cube.ide.mcu.externaltools.gnu-tools-for-stm32.7-2018-q2-update.win32_1.5.0.202011040924/tools/bin/../lib/gcc/arm-none-eabi/7.3.1/thumb/v6-m\libgcc.a(_clzsi2.o)
                0x0000000008002cd0                __clzsi2
 .text          0x0000000008002d0c       0x18 c:/st/stm32cubeide_1.5.1/stm32cubeide/plugins/com.st.stm32cube.ide.mcu.externaltools.gnu-tools-for-stm32.7-2018-q2-update.win32_1.5.0.202011040924/tools/bin/../lib/gcc/arm-none-eabi/7.3.1/thumb/v6-m\libgcc.a(_clzdi2.o)
                0x0000000008002d0c                __clzdi2
 *(.text*)
 .text.LoadROtopology
                0x0000000008002d24       0xa0 BOS\BOS.o
                0x0000000008002d24                LoadROtopology
 .text.LoadEEportsDir
                0x0000000008002dc4       0x4c BOS\BOS.o
                0x0000000008002dc4                LoadEEportsDir
 .text.LoadEEalias
                0x0000000008002e10       0x80 BOS\BOS.o
                0x0000000008002e10                LoadEEalias
 .text.LoadEEgroup
                0x0000000008002e90       0xa4 BOS\BOS.o
                0x0000000008002e90                LoadEEgroup
 .text.LoadEEstreams
                0x0000000008002f34      0x120 BOS\BOS.o
                0x0000000008002f34                LoadEEstreams
 .text.LoadEEparams
                0x0000000008003054      0x17c BOS\BOS.o
                0x0000000008003054                LoadEEparams
 .text.LoadEEbuttons
                0x00000000080031d0      0x104 BOS\BOS.o
                0x00000000080031d0                LoadEEbuttons
 .text.LoadROsnippets
                0x00000000080032d4      0x110 BOS\BOS.o
                0x00000000080032d4                LoadROsnippets
 .text.LoadEEvars
                0x00000000080033e4       0x24 BOS\BOS.o
                0x00000000080033e4                LoadEEvars
 .text.SaveEEportsDir
                0x0000000008003408       0x50 BOS\BOS.o
                0x0000000008003408                SaveEEportsDir
 .text.SaveEEalias
                0x0000000008003458       0x88 BOS\BOS.o
                0x0000000008003458                SaveEEalias
 .text.SaveEEstreams
                0x00000000080034e0       0x90 BOS\BOS.o
                0x00000000080034e0                SaveEEstreams
 .text.SaveEEparams
                0x0000000008003570       0x88 BOS\BOS.o
                0x0000000008003570                SaveEEparams
 .text.ClearEEportsDir
                0x00000000080035f8       0x58 BOS\BOS.o
                0x00000000080035f8                ClearEEportsDir
 .text.IsLowerCLIbaud
                0x0000000008003650       0x94 BOS\BOS.o
                0x0000000008003650                IsLowerCLIbaud
 .text.SetupPortForRemoteBootloaderUpdate
                0x00000000080036e4       0x2c BOS\BOS.o
                0x00000000080036e4                SetupPortForRemoteBootloaderUpdate
 .text.IsModuleParameter
                0x0000000008003710       0x18 BOS\BOS.o
                0x0000000008003710                IsModuleParameter
 .text.IsMathOperator
                0x0000000008003728       0xb0 BOS\BOS.o
                0x0000000008003728                IsMathOperator
 .text.ExploreNeighbors
                0x00000000080037d8       0x58 BOS\BOS.o
                0x00000000080037d8                ExploreNeighbors
 .text.FindBroadcastRoutes
                0x0000000008003830      0x150 BOS\BOS.o
                0x0000000008003830                FindBroadcastRoutes
 .text.FindRoute
                0x0000000008003980      0x1c0 BOS\BOS.o
                0x0000000008003980                FindRoute
 .text.remoteBootloaderUpdate
                0x0000000008003b40      0x11c BOS\BOS.o
                0x0000000008003b40                remoteBootloaderUpdate
 .text.DisplayTopology
                0x0000000008003c5c      0x1a8 BOS\BOS.o
                0x0000000008003c5c                DisplayTopology
 .text.DisplayPortsDir
                0x0000000008003e04       0xf4 BOS\BOS.o
                0x0000000008003e04                DisplayPortsDir
 .text.DisplayModuleStatus
                0x0000000008003ef8      0x2e8 BOS\BOS.o
                0x0000000008003ef8                DisplayModuleStatus
 .text.GetID    0x00000000080041e0       0xc0 BOS\BOS.o
                0x00000000080041e0                GetID
 .text.NameModule
                0x00000000080042a0       0xd4 BOS\BOS.o
                0x00000000080042a0                NameModule
 .text.AddModuleToGroup
                0x0000000008004374      0x11c BOS\BOS.o
                0x0000000008004374                AddModuleToGroup
 .text.ReadPortsDir
                0x0000000008004490       0xc4 BOS\BOS.o
                0x0000000008004490                ReadPortsDir
 .text.UpdateMyPortsDir
                0x0000000008004554       0x64 BOS\BOS.o
                0x0000000008004554                UpdateMyPortsDir
 .text.BOS_Init
                0x00000000080045b8      0x138 BOS\BOS.o
                0x00000000080045b8                BOS_Init
 .text.Module_Init
                0x00000000080046f0       0x18 BOS\BOS.o
                0x00000000080046f0                Module_Init
 .text.WriteToRemote
                0x0000000008004708      0x230 BOS\BOS.o
                0x0000000008004708                WriteToRemote
 .text.GetDateString
                0x0000000008004938       0x3c BOS\BOS.o
                0x0000000008004938                GetDateString
 .text.Bridge   0x0000000008004974       0x28 BOS\BOS.o
                0x0000000008004974                Bridge
 .text.Unbridge
                0x000000000800499c       0x70 BOS\BOS.o
                0x000000000800499c                Unbridge
 .text.AddSnippet.part.0
                0x0000000008004a0c       0xb0 BOS\BOS_CLI.o
 .text.StringToLowerCase
                0x0000000008004abc       0x28 BOS\BOS_CLI.o
                0x0000000008004abc                StringToLowerCase
 .text.ParseSnippetCondition
                0x0000000008004ae4      0x3c8 BOS\BOS_CLI.o
                0x0000000008004ae4                ParseSnippetCondition
 .text.CLI_CommandParser
                0x0000000008004eac      0x444 BOS\BOS_CLI.o
                0x0000000008004eac                CLI_CommandParser
 .text.prvCLITask
                0x00000000080052f0      0x1e0 BOS\BOS_CLI.o
                0x00000000080052f0                prvCLITask
 .text.ParseSnippetCommand
                0x00000000080054d0       0x78 BOS\BOS_CLI.o
                0x00000000080054d0                ParseSnippetCommand
 .text.CheckSnippetCondition
                0x0000000008005548       0xd0 BOS\BOS_CLI.o
                0x0000000008005548                CheckSnippetCondition
 .text.ExecuteSnippet
                0x0000000008005618       0xb4 BOS\BOS_CLI.o
                0x0000000008005618                ExecuteSnippet
 .text.exploreCommand
                0x00000000080056cc        0x4 BOS\BOS_CLIcommands.o
 .text.setBaudrateCommand
                0x00000000080056d0       0x80 BOS\BOS_CLIcommands.o
 .text.flashsizeCommand
                0x0000000008005750       0x20 BOS\BOS_CLIcommands.o
 .text.GetReadPrecentageCommand
                0x0000000008005770       0x60 BOS\BOS_CLIcommands.o
 .text.ReadVrefCommand
                0x00000000080057d0       0x40 BOS\BOS_CLIcommands.o
 .text.ReadTempCommand
                0x0000000008005810       0x40 BOS\BOS_CLIcommands.o
 .text.ADCReadCommand
                0x0000000008005850       0xb8 BOS\BOS_CLIcommands.o
 .text.testportCommand
                0x0000000008005908      0x1b8 BOS\BOS_CLIcommands.o
 .text.unbridgeCommand
                0x0000000008005ac0       0xb0 BOS\BOS_CLIcommands.o
 .text.bridgeCommand
                0x0000000008005b70       0xb0 BOS\BOS_CLIcommands.o
 .text.delSnipCommand
                0x0000000008005c20       0xec BOS\BOS_CLIcommands.o
 .text.pauseSnipCommand
                0x0000000008005d0c       0x6c BOS\BOS_CLIcommands.o
 .text.actSnipCommand
                0x0000000008005d78       0x70 BOS\BOS_CLIcommands.o
 .text.snipCommand
                0x0000000008005de8      0x214 BOS\BOS_CLIcommands.o
 .text.idcodeCommand
                0x0000000008005ffc       0xa8 BOS\BOS_CLIcommands.o
 .text.dateCommand
                0x00000000080060a4       0x24 BOS\BOS_CLIcommands.o
 .text.getCommand
                0x00000000080060c8      0x238 BOS\BOS_CLIcommands.o
 .text.defaultCommand
                0x0000000008006300       0xbc BOS\BOS_CLIcommands.o
 .text.setCommand
                0x00000000080063bc      0x7d4 BOS\BOS_CLIcommands.o
 .text.removebuttonCommand
                0x0000000008006b90       0x54 BOS\BOS_CLIcommands.o
 .text.addbuttonCommand
                0x0000000008006be4       0xd0 BOS\BOS_CLIcommands.o
 .text.scastCommand
                0x0000000008006cb4      0x194 BOS\BOS_CLIcommands.o
 .text.infoCommand
                0x0000000008006e48       0xac BOS\BOS_CLIcommands.o
 .text.statusCommand
                0x0000000008006ef4       0x14 BOS\BOS_CLIcommands.o
 .text.groupCommand
                0x0000000008006f08      0x1ac BOS\BOS_CLIcommands.o
 .text.nameCommand
                0x00000000080070b4       0x90 BOS\BOS_CLIcommands.o
 .text.bootloaderUpdateCommand
                0x0000000008007144      0x180 BOS\BOS_CLIcommands.o
 .text.pingCommand
                0x00000000080072c4       0x64 BOS\BOS_CLIcommands.o
 .text.prvRunTimeStatsCommand
                0x0000000008007328       0x24 BOS\BOS_CLIcommands.o
 .text.prvTaskStatsCommand
                0x000000000800734c       0x24 BOS\BOS_CLIcommands.o
 .text.uuidCommand
                0x0000000008007370       0x6c BOS\BOS_CLIcommands.o
 .text.timeCommand
                0x00000000080073dc       0x7c BOS\BOS_CLIcommands.o
 .text.resetCommand
                0x0000000008007458       0x24 BOS\BOS_CLIcommands.o
 .text.RegisterUserCLICommands
                0x000000000800747c        0x4 BOS\BOS_CLIcommands.o
                0x000000000800747c                RegisterUserCLICommands
 .text.vRegisterCLICommands
                0x0000000008007480      0x130 BOS\BOS_CLIcommands.o
                0x0000000008007480                vRegisterCLICommands
 .text.StopStreamDMA
                0x00000000080075b0       0x2c BOS\BOS_dma.o
                0x00000000080075b0                StopStreamDMA
 .text.SwitchMsgDMAToStream
                0x00000000080075dc       0x2c BOS\BOS_dma.o
                0x00000000080075dc                SwitchMsgDMAToStream
 .text.SwitchStreamDMAToMsg
                0x0000000008007608       0x74 BOS\BOS_dma.o
                0x0000000008007608                SwitchStreamDMAToMsg
 .text.StartDMAstream
                0x000000000800767c       0x54 BOS\BOS_dma.o
                0x000000000800767c                StartDMAstream
 .text.DMA_IRQHandler
                0x00000000080076d0       0x80 BOS\BOS_dma.o
                0x00000000080076d0                DMA_IRQHandler
 .text.ResetUartORE
                0x0000000008007750       0x38 BOS\BOS_dma.o
                0x0000000008007750                ResetUartORE
 .text.EE_VerifyPageFullWriteVariable
                0x0000000008007788       0xbc BOS\BOS_eeprom.o
 .text.EE_ReadVariable
                0x0000000008007844       0x60 BOS\BOS_eeprom.o
                0x0000000008007844                EE_ReadVariable
 .text.EE_WriteVariable
                0x00000000080078a4      0x12c BOS\BOS_eeprom.o
                0x00000000080078a4                EE_WriteVariable
 .text.EE_Format
                0x00000000080079d0       0xa0 BOS\BOS_eeprom.o
                0x00000000080079d0                EE_Format
 .text.EE_Init  0x0000000008007a70      0x2b0 BOS\BOS_eeprom.o
                0x0000000008007a70                EE_Init
 .text.StartDefaultTask
                0x0000000008007d20       0x84 BOS\BOS_freertos.o
                0x0000000008007d20                StartDefaultTask
 .text.MX_FREERTOS_Init
                0x0000000008007da4      0x1f0 BOS\BOS_freertos.o
                0x0000000008007da4                MX_FREERTOS_Init
 .text.vMainConfigureTimerForRunTimeStats
                0x0000000008007f94       0x20 BOS\BOS_freertos.o
                0x0000000008007f94                vMainConfigureTimerForRunTimeStats
 .text.ulMainGetRunTimeCounterValue
                0x0000000008007fb4       0x50 BOS\BOS_freertos.o
                0x0000000008007fb4                ulMainGetRunTimeCounterValue
 .text.buttonPressedCallback
                0x0000000008008004        0x4 BOS\BOS_inputs.o
                0x0000000008008004                buttonPressedCallback
 .text.AddPortButton
                0x0000000008008008       0xf4 BOS\BOS_inputs.o
                0x0000000008008008                AddPortButton
 .text.RemovePortButton
                0x00000000080080fc      0x120 BOS\BOS_inputs.o
                0x00000000080080fc                RemovePortButton
 .text.SetButtonEvents
                0x000000000800821c      0x23c BOS\BOS_inputs.o
                0x000000000800821c                SetButtonEvents
 .text.MX_ADC_Init
                0x0000000008008458       0x54 BOS\BOS_inputs.o
                0x0000000008008458                MX_ADC_Init
 .text.ADC_Channels_Config
                0x00000000080084ac       0x60 BOS\BOS_inputs.o
                0x00000000080084ac                ADC_Channels_Config
 .text.ReadTempAndVref
                0x000000000800850c      0x19c BOS\BOS_inputs.o
                0x000000000800850c                ReadTempAndVref
 .text.GetReadPrecentage
                0x00000000080086a8      0x184 BOS\BOS_inputs.o
                0x00000000080086a8                GetReadPrecentage
 .text.Get_Rank
                0x000000000800882c       0x58 BOS\BOS_inputs.o
                0x000000000800882c                Get_Rank
 .text.ADCSelectChannel
                0x0000000008008884       0xa0 BOS\BOS_inputs.o
                0x0000000008008884                ADCSelectChannel
 .text.ReadADCChannel
                0x0000000008008924      0x114 BOS\BOS_inputs.o
                0x0000000008008924                ReadADCChannel
 .text.buttonReleasedCallback
                0x0000000008008a38        0x4 BOS\BOS_inputs.o
                0x0000000008008a38                buttonReleasedCallback
 .text.buttonClickedCallback
                0x0000000008008a3c        0x4 BOS\BOS_inputs.o
                0x0000000008008a3c                buttonClickedCallback
 .text.buttonDblClickedCallback
                0x0000000008008a40        0x4 BOS\BOS_inputs.o
                0x0000000008008a40                buttonDblClickedCallback
 .text.buttonPressedForXCallback
                0x0000000008008a44        0x4 BOS\BOS_inputs.o
                0x0000000008008a44                buttonPressedForXCallback
 .text.buttonReleasedForYCallback
                0x0000000008008a48        0x4 BOS\BOS_inputs.o
                0x0000000008008a48                buttonReleasedForYCallback
 .text.CheckAttachedButtons
                0x0000000008008a4c      0x54c BOS\BOS_inputs.o
                0x0000000008008a4c                CheckAttachedButtons
 .text.StreamTimerCallback
                0x0000000008008f98       0x18 BOS\BOS_messaging.o
                0x0000000008008f98                StreamTimerCallback
 .text.SetupDMAStreams
                0x0000000008008fb0      0x198 BOS\BOS_messaging.o
                0x0000000008008fb0                SetupDMAStreams
 .text.NotifyMessagingTask
                0x0000000008009148       0x50 BOS\BOS_messaging.o
                0x0000000008009148                NotifyMessagingTask
 .text.SendMessageFromPort
                0x0000000008009198       0x38 BOS\BOS_messaging.o
                0x0000000008009198                SendMessageFromPort
 .text.SendMessageFromPort.part.0
                0x00000000080091d0      0x3c0 BOS\BOS_messaging.o
 .text.BroadcastReceivedMessage
                0x0000000008009590       0x3c BOS\BOS_messaging.o
                0x0000000008009590                BroadcastReceivedMessage
 .text.BroadcastMessage
                0x00000000080095cc       0x4c BOS\BOS_messaging.o
                0x00000000080095cc                BroadcastMessage
 .text.ForwardReceivedMessage
                0x0000000008009618       0x40 BOS\BOS_messaging.o
                0x0000000008009618                ForwardReceivedMessage
 .text.SendMessageToModule
                0x0000000008009658       0x48 BOS\BOS_messaging.o
                0x0000000008009658                SendMessageToModule
 .text.StartScastDMAStream
                0x00000000080096a0      0x178 BOS\BOS_messaging.o
                0x00000000080096a0                StartScastDMAStream
 .text.BackEndTask
                0x0000000008009818      0x3ec BOS\BOS_msgparser.o
                0x0000000008009818                BackEndTask
 .text.User_MessagingParser
                0x0000000008009c04        0x4 BOS\BOS_msgparser.o
                0x0000000008009c04                User_MessagingParser
 .text.PxMessagingTask
                0x0000000008009c08     0x1404 BOS\BOS_msgparser.o
                0x0000000008009c08                PxMessagingTask
 .text.SystemClock_Config
                0x000000000800b00c       0xb0 H23R3x\H23R30.o
                0x000000000800b00c                SystemClock_Config
 .text.SaveToRO
                0x000000000800b0bc      0x1f0 H23R3x\H23R30.o
                0x000000000800b0bc                SaveToRO
 .text.ClearROtopology
                0x000000000800b2ac       0x2c H23R3x\H23R30.o
                0x000000000800b2ac                ClearROtopology
 .text.Module_Peripheral_Init
                0x000000000800b2d8       0x28 H23R3x\H23R30.o
                0x000000000800b2d8                Module_Peripheral_Init
 .text.Module_MessagingTask
                0x000000000800b300        0x4 H23R3x\H23R30.o
                0x000000000800b300                Module_MessagingTask
 .text.RegisterModuleCLICommands
                0x000000000800b304        0x4 H23R3x\H23R30.o
                0x000000000800b304                RegisterModuleCLICommands
 .text.GetPort  0x000000000800b308       0x60 H23R3x\H23R30.o
                0x000000000800b308                GetPort
 .text.DMA_Init
                0x000000000800b368      0x1bc H23R3x\H23R3_dma.o
                0x000000000800b368                DMA_Init
 .text.DMA_MSG_RX_CH_Init
                0x000000000800b524       0x24 H23R3x\H23R3_dma.o
                0x000000000800b524                DMA_MSG_RX_CH_Init
 .text.DMA_STREAM_CH_Init
                0x000000000800b548       0x20 H23R3x\H23R3_dma.o
                0x000000000800b548                DMA_STREAM_CH_Init
 .text.SetupDMAInterrupts
                0x000000000800b568       0xb8 H23R3x\H23R3_dma.o
                0x000000000800b568                SetupDMAInterrupts
 .text.UnSetupDMAInterrupts
                0x000000000800b620       0xa0 H23R3x\H23R3_dma.o
                0x000000000800b620                UnSetupDMAInterrupts
 .text.DMA_MSG_TX_UnSetup
                0x000000000800b6c0       0x14 H23R3x\H23R3_dma.o
                0x000000000800b6c0                DMA_MSG_TX_UnSetup
 .text.RemapAndLinkDMAtoUARTRx
                0x000000000800b6d4      0x5d0 H23R3x\H23R3_dma.o
                0x000000000800b6d4                RemapAndLinkDMAtoUARTRx
 .text.DMA_MSG_RX_Setup
                0x000000000800bca4       0x34 H23R3x\H23R3_dma.o
                0x000000000800bca4                DMA_MSG_RX_Setup
 .text.SetupMessagingRxDMAs
                0x000000000800bcd8       0x98 H23R3x\H23R3_dma.o
                0x000000000800bcd8                SetupMessagingRxDMAs
 .text.DMA_STREAM_Setup
                0x000000000800bd70       0x40 H23R3x\H23R3_dma.o
                0x000000000800bd70                DMA_STREAM_Setup
 .text.RemapAndLinkDMAtoUARTTx
                0x000000000800bdb0      0x5d0 H23R3x\H23R3_dma.o
                0x000000000800bdb0                RemapAndLinkDMAtoUARTTx
 .text.DMA_MSG_TX_Setup
                0x000000000800c380       0x38 H23R3x\H23R3_dma.o
                0x000000000800c380                DMA_MSG_TX_Setup
 .text.CRC_Init
                0x000000000800c3b8       0x28 H23R3x\H23R3_dma.o
                0x000000000800c3b8                CRC_Init
 .text.HAL_CRC_MspInit
                0x000000000800c3e0       0x1c H23R3x\H23R3_dma.o
                0x000000000800c3e0                HAL_CRC_MspInit
 .text.CalculateCRC8
                0x000000000800c3fc       0x3c H23R3x\H23R3_dma.o
                0x000000000800c3fc                CalculateCRC8
 .text.GPIO_Init
                0x000000000800c438       0x84 H23R3x\H23R3_gpio.o
                0x000000000800c438                GPIO_Init
 .text.GetPortGPIOs
                0x000000000800c4bc       0xdc H23R3x\H23R3_gpio.o
                0x000000000800c4bc                GetPortGPIOs
 .text.IsFactoryReset
                0x000000000800c598       0xec H23R3x\H23R3_gpio.o
                0x000000000800c598                IsFactoryReset
 .text.SysTick_Handler
                0x000000000800c684        0xc H23R3x\H23R3_it.o
                0x000000000800c684                SysTick_Handler
 .text.HardFault_Handler
                0x000000000800c690        0x4 H23R3x\H23R3_it.o
                0x000000000800c690                HardFault_Handler
 .text.USART1_IRQHandler
                0x000000000800c694       0x10 H23R3x\H23R3_it.o
                0x000000000800c694                USART1_IRQHandler
 .text.USART2_IRQHandler
                0x000000000800c6a4       0x10 H23R3x\H23R3_it.o
                0x000000000800c6a4                USART2_IRQHandler
 .text.USART3_8_IRQHandler
                0x000000000800c6b4       0x2c H23R3x\H23R3_it.o
                0x000000000800c6b4                USART3_8_IRQHandler
 .text.DMA1_Ch1_IRQHandler
                0x000000000800c6e0        0xc H23R3x\H23R3_it.o
                0x000000000800c6e0                DMA1_Ch1_IRQHandler
 .text.DMA1_Ch2_3_DMA2_Ch1_2_IRQHandler
                0x000000000800c6ec       0x40 H23R3x\H23R3_it.o
                0x000000000800c6ec                DMA1_Ch2_3_DMA2_Ch1_2_IRQHandler
 .text.DMA1_Ch4_7_DMA2_Ch3_5_IRQHandler
                0x000000000800c72c       0x5c H23R3x\H23R3_it.o
                0x000000000800c72c                DMA1_Ch4_7_DMA2_Ch3_5_IRQHandler
 .text.HAL_UART_TxCpltCallback
                0x000000000800c788       0x30 H23R3x\H23R3_it.o
                0x000000000800c788                HAL_UART_TxCpltCallback
 .text.HAL_UART_ErrorCallback
                0x000000000800c7b8       0x48 H23R3x\H23R3_it.o
                0x000000000800c7b8                HAL_UART_ErrorCallback
 .text.HAL_UART_RxCpltCallback
                0x000000000800c800       0x64 H23R3x\H23R3_it.o
                0x000000000800c800                HAL_UART_RxCpltCallback
 .text.vApplicationStackOverflowHook
                0x000000000800c864        0x4 H23R3x\H23R3_it.o
                0x000000000800c864                vApplicationStackOverflowHook
 .text.vApplicationMallocFailedHook
                0x000000000800c868        0x4 H23R3x\H23R3_it.o
                0x000000000800c868                vApplicationMallocFailedHook
 .text.RTC_CalendarConfig
                0x000000000800c86c       0xfc H23R3x\H23R3_rtc.o
                0x000000000800c86c                RTC_CalendarConfig
 .text.RTC_Init
                0x000000000800c968       0x98 H23R3x\H23R3_rtc.o
                0x000000000800c968                RTC_Init
 .text.BOS_CalendarConfig
                0x000000000800ca00       0xb4 H23R3x\H23R3_rtc.o
                0x000000000800ca00                BOS_CalendarConfig
 .text.GetTimeDate
                0x000000000800cab4       0x64 H23R3x\H23R3_rtc.o
                0x000000000800cab4                GetTimeDate
 .text.TIM_USEC_Init
                0x000000000800cb18       0x64 H23R3x\H23R3_timers.o
                0x000000000800cb18                TIM_USEC_Init
 .text.TIM_MSEC_Init
                0x000000000800cb7c       0x60 H23R3x\H23R3_timers.o
                0x000000000800cb7c                TIM_MSEC_Init
 .text.StartMicroDelay
                0x000000000800cbdc       0x24 H23R3x\H23R3_timers.o
                0x000000000800cbdc                StartMicroDelay
 .text.StartMilliDelay
                0x000000000800cc00       0x24 H23R3x\H23R3_timers.o
                0x000000000800cc00                StartMilliDelay
 .text.MX_USART1_UART_Init
                0x000000000800cc24       0x30 H23R3x\H23R3_uart.o
                0x000000000800cc24                MX_USART1_UART_Init
 .text.MX_USART2_UART_Init
                0x000000000800cc54       0x30 H23R3x\H23R3_uart.o
                0x000000000800cc54                MX_USART2_UART_Init
 .text.MX_USART3_UART_Init
                0x000000000800cc84       0x30 H23R3x\H23R3_uart.o
                0x000000000800cc84                MX_USART3_UART_Init
 .text.MX_USART4_UART_Init
                0x000000000800ccb4       0x30 H23R3x\H23R3_uart.o
                0x000000000800ccb4                MX_USART4_UART_Init
 .text.MX_USART5_UART_Init
                0x000000000800cce4       0x30 H23R3x\H23R3_uart.o
                0x000000000800cce4                MX_USART5_UART_Init
 .text.MX_USART6_UART_Init
                0x000000000800cd14       0x30 H23R3x\H23R3_uart.o
                0x000000000800cd14                MX_USART6_UART_Init
 .text.HAL_UART_MspInit
                0x000000000800cd44      0x220 H23R3x\H23R3_uart.o
                0x000000000800cd44                HAL_UART_MspInit
 .text.writePxMutex
                0x000000000800cf64       0x64 H23R3x\H23R3_uart.o
                0x000000000800cf64                writePxMutex
 .text.writePxITMutex
                0x000000000800cfc8       0x40 H23R3x\H23R3_uart.o
                0x000000000800cfc8                writePxITMutex
 .text.writePxDMAMutex
                0x000000000800d008       0x48 H23R3x\H23R3_uart.o
                0x000000000800d008                writePxDMAMutex
 .text.UpdateBaudrate
                0x000000000800d050       0x24 H23R3x\H23R3_uart.o
                0x000000000800d050                UpdateBaudrate
 .text.GetUart  0x000000000800d074       0x18 H23R3x\H23R3_uart.o
                0x000000000800d074                GetUart
 .text.SwapUartPins
                0x000000000800d08c       0x74 H23R3x\H23R3_uart.o
                0x000000000800d08c                SwapUartPins
 .text.Reset_Handler
                0x000000000800d100       0x8c H23R3x\startup_stm32f091xc.o
                0x000000000800d100                Reset_Handler
 .text.Default_Handler
                0x000000000800d18c        0x2 H23R3x\startup_stm32f091xc.o
                0x000000000800d18c                TIM1_CC_IRQHandler
                0x000000000800d18c                TSC_IRQHandler
                0x000000000800d18c                ADC1_COMP_IRQHandler
                0x000000000800d18c                NMI_Handler
                0x000000000800d18c                I2C1_IRQHandler
                0x000000000800d18c                RCC_CRS_IRQHandler
                0x000000000800d18c                SPI1_IRQHandler
                0x000000000800d18c                TIM6_DAC_IRQHandler
                0x000000000800d18c                EXTI2_3_IRQHandler
                0x000000000800d18c                I2C2_IRQHandler
                0x000000000800d18c                TIM17_IRQHandler
                0x000000000800d18c                CEC_CAN_IRQHandler
                0x000000000800d18c                RTC_IRQHandler
                0x000000000800d18c                PVD_VDDIO2_IRQHandler
                0x000000000800d18c                TIM16_IRQHandler
                0x000000000800d18c                TIM3_IRQHandler
                0x000000000800d18c                EXTI4_15_IRQHandler
                0x000000000800d18c                Default_Handler
                0x000000000800d18c                TIM14_IRQHandler
                0x000000000800d18c                TIM7_IRQHandler
                0x000000000800d18c                TIM15_IRQHandler
                0x000000000800d18c                EXTI0_1_IRQHandler
                0x000000000800d18c                SPI2_IRQHandler
                0x000000000800d18c                WWDG_IRQHandler
                0x000000000800d18c                TIM2_IRQHandler
                0x000000000800d18c                FLASH_IRQHandler
                0x000000000800d18c                TIM1_BRK_UP_TRG_COM_IRQHandler
 *fill*         0x000000000800d18e        0x2 
 .text.SystemInit
                0x000000000800d190       0x60 Thirdparty\CMSIS\Device\ST\STM32F0xx\Source\Templates\system_stm32f0xx.o
                0x000000000800d190                SystemInit
 .text.osKernelStart
                0x000000000800d1f0        0xc Thirdparty\Middleware\FreeRTOS\Source\CMSIS_RTOS\cmsis_os.o
                0x000000000800d1f0                osKernelStart
 .text.osDelay  0x000000000800d1fc       0x10 Thirdparty\Middleware\FreeRTOS\Source\CMSIS_RTOS\cmsis_os.o
                0x000000000800d1fc                osDelay
 .text.osMutexRelease
                0x000000000800d20c       0x48 Thirdparty\Middleware\FreeRTOS\Source\CMSIS_RTOS\cmsis_os.o
                0x000000000800d20c                osMutexRelease
 .text.osSemaphoreCreate
                0x000000000800d254       0x2c Thirdparty\Middleware\FreeRTOS\Source\CMSIS_RTOS\cmsis_os.o
                0x000000000800d254                osSemaphoreCreate
 .text.osSemaphoreWait
                0x000000000800d280       0x54 Thirdparty\Middleware\FreeRTOS\Source\CMSIS_RTOS\cmsis_os.o
                0x000000000800d280                osSemaphoreWait
 .text.osSemaphoreRelease
                0x000000000800d2d4        0x8 Thirdparty\Middleware\FreeRTOS\Source\CMSIS_RTOS\cmsis_os.o
                0x000000000800d2d4                osSemaphoreRelease
 .text.osSystickHandler
                0x000000000800d2dc       0x10 Thirdparty\Middleware\FreeRTOS\Source\CMSIS_RTOS\cmsis_os.o
                0x000000000800d2dc                osSystickHandler
 .text.FreeRTOS_CLIRegisterCommand
                0x000000000800d2ec       0x38 Thirdparty\Middleware\FreeRTOS\Source\FreeRTOS_CLI.o
                0x000000000800d2ec                FreeRTOS_CLIRegisterCommand
 .text.FreeRTOS_CLIProcessCommand
                0x000000000800d324       0xf0 Thirdparty\Middleware\FreeRTOS\Source\FreeRTOS_CLI.o
                0x000000000800d324                FreeRTOS_CLIProcessCommand
 .text.FreeRTOS_CLIGetOutputBuffer
                0x000000000800d414        0x8 Thirdparty\Middleware\FreeRTOS\Source\FreeRTOS_CLI.o
                0x000000000800d414                FreeRTOS_CLIGetOutputBuffer
 .text.FreeRTOS_CLIGetParameter
                0x000000000800d41c       0x54 Thirdparty\Middleware\FreeRTOS\Source\FreeRTOS_CLI.o
                0x000000000800d41c                FreeRTOS_CLIGetParameter
 .text.prvHelpCommand
                0x000000000800d470      0x100 Thirdparty\Middleware\FreeRTOS\Source\FreeRTOS_CLI.o
 .text.vListInitialise
                0x000000000800d570       0x18 Thirdparty\Middleware\FreeRTOS\Source\list.o
                0x000000000800d570                vListInitialise
 .text.vListInitialiseItem
                0x000000000800d588        0x8 Thirdparty\Middleware\FreeRTOS\Source\list.o
                0x000000000800d588                vListInitialiseItem
 .text.vListInsertEnd
                0x000000000800d590       0x18 Thirdparty\Middleware\FreeRTOS\Source\list.o
                0x000000000800d590                vListInsertEnd
 .text.vListInsert
                0x000000000800d5a8       0x30 Thirdparty\Middleware\FreeRTOS\Source\list.o
                0x000000000800d5a8                vListInsert
 .text.uxListRemove
                0x000000000800d5d8       0x20 Thirdparty\Middleware\FreeRTOS\Source\list.o
                0x000000000800d5d8                uxListRemove
 .text.prvTaskExitError
                0x000000000800d5f8       0x14 Thirdparty\Middleware\FreeRTOS\Source\portable\GCC\ARM_CM0\port.o
 .text.vPortStartFirstTask
                0x000000000800d60c       0x20 Thirdparty\Middleware\FreeRTOS\Source\portable\GCC\ARM_CM0\port.o
 .text.pxPortInitialiseStack
                0x000000000800d62c       0x20 Thirdparty\Middleware\FreeRTOS\Source\portable\GCC\ARM_CM0\port.o
                0x000000000800d62c                pxPortInitialiseStack
 .text.SVC_Handler
                0x000000000800d64c        0x4 Thirdparty\Middleware\FreeRTOS\Source\portable\GCC\ARM_CM0\port.o
                0x000000000800d64c                SVC_Handler
 .text.xPortStartScheduler
                0x000000000800d650       0x54 Thirdparty\Middleware\FreeRTOS\Source\portable\GCC\ARM_CM0\port.o
                0x000000000800d650                xPortStartScheduler
 .text.vPortYield
                0x000000000800d6a4       0x18 Thirdparty\Middleware\FreeRTOS\Source\portable\GCC\ARM_CM0\port.o
                0x000000000800d6a4                vPortYield
 .text.vPortEnterCritical
                0x000000000800d6bc       0x18 Thirdparty\Middleware\FreeRTOS\Source\portable\GCC\ARM_CM0\port.o
                0x000000000800d6bc                vPortEnterCritical
 .text.vPortExitCritical
                0x000000000800d6d4       0x1c Thirdparty\Middleware\FreeRTOS\Source\portable\GCC\ARM_CM0\port.o
                0x000000000800d6d4                vPortExitCritical
 .text.ulSetInterruptMaskFromISR
                0x000000000800d6f0        0xc Thirdparty\Middleware\FreeRTOS\Source\portable\GCC\ARM_CM0\port.o
                0x000000000800d6f0                ulSetInterruptMaskFromISR
 .text.vClearInterruptMaskFromISR
                0x000000000800d6fc        0x8 Thirdparty\Middleware\FreeRTOS\Source\portable\GCC\ARM_CM0\port.o
                0x000000000800d6fc                vClearInterruptMaskFromISR
 .text.PendSV_Handler
                0x000000000800d704       0x44 Thirdparty\Middleware\FreeRTOS\Source\portable\GCC\ARM_CM0\port.o
                0x000000000800d704                PendSV_Handler
 .text.xPortSysTickHandler
                0x000000000800d748       0x24 Thirdparty\Middleware\FreeRTOS\Source\portable\GCC\ARM_CM0\port.o
                0x000000000800d748                xPortSysTickHandler
 .text.unlikely.prvInsertBlockIntoFreeList
                0x000000000800d76c       0x4c Thirdparty\Middleware\FreeRTOS\Source\portable\MemMang\heap_4.o
 .text.pvPortMalloc
                0x000000000800d7b8       0xf8 Thirdparty\Middleware\FreeRTOS\Source\portable\MemMang\heap_4.o
                0x000000000800d7b8                pvPortMalloc
 .text.vPortFree
                0x000000000800d8b0       0x44 Thirdparty\Middleware\FreeRTOS\Source\portable\MemMang\heap_4.o
                0x000000000800d8b0                vPortFree
 .text.prvCopyDataToQueue
                0x000000000800d8f4       0x78 Thirdparty\Middleware\FreeRTOS\Source\queue.o
 .text.prvCopyDataFromQueue
                0x000000000800d96c       0x24 Thirdparty\Middleware\FreeRTOS\Source\queue.o
 .text.prvUnlockQueue
                0x000000000800d990       0xa0 Thirdparty\Middleware\FreeRTOS\Source\queue.o
 .text.xQueueGenericReset
                0x000000000800da30       0x68 Thirdparty\Middleware\FreeRTOS\Source\queue.o
                0x000000000800da30                xQueueGenericReset
 .text.xQueueGenericCreate
                0x000000000800da98       0x50 Thirdparty\Middleware\FreeRTOS\Source\queue.o
                0x000000000800da98                xQueueGenericCreate
 .text.xQueueCreateCountingSemaphore
                0x000000000800dae8       0x28 Thirdparty\Middleware\FreeRTOS\Source\queue.o
                0x000000000800dae8                xQueueCreateCountingSemaphore
 .text.xQueueGenericSend
                0x000000000800db10      0x138 Thirdparty\Middleware\FreeRTOS\Source\queue.o
                0x000000000800db10                xQueueGenericSend
 .text.xQueueGenericSendFromISR
                0x000000000800dc48       0x90 Thirdparty\Middleware\FreeRTOS\Source\queue.o
                0x000000000800dc48                xQueueGenericSendFromISR
 .text.xQueueGiveFromISR
                0x000000000800dcd8       0x74 Thirdparty\Middleware\FreeRTOS\Source\queue.o
                0x000000000800dcd8                xQueueGiveFromISR
 .text.xQueueGenericReceive
                0x000000000800dd4c      0x168 Thirdparty\Middleware\FreeRTOS\Source\queue.o
                0x000000000800dd4c                xQueueGenericReceive
 .text.xQueueReceiveFromISR
                0x000000000800deb4       0x7c Thirdparty\Middleware\FreeRTOS\Source\queue.o
                0x000000000800deb4                xQueueReceiveFromISR
 .text.vQueueAddToRegistry
                0x000000000800df30       0x24 Thirdparty\Middleware\FreeRTOS\Source\queue.o
                0x000000000800df30                vQueueAddToRegistry
 .text.vQueueWaitForMessageRestricted
                0x000000000800df54       0x3c Thirdparty\Middleware\FreeRTOS\Source\queue.o
                0x000000000800df54                vQueueWaitForMessageRestricted
 .text.prvWriteNameToBuffer
                0x000000000800df90       0x30 Thirdparty\Middleware\FreeRTOS\Source\tasks.o
 .text.prvListTaskWithinSingleList.part.1
                0x000000000800dfc0       0xa8 Thirdparty\Middleware\FreeRTOS\Source\tasks.o
 .text.prvResetNextTaskUnblockTime.part.2
                0x000000000800e068       0x18 Thirdparty\Middleware\FreeRTOS\Source\tasks.o
 .text.prvAddCurrentTaskToDelayedList
                0x000000000800e080       0x3c Thirdparty\Middleware\FreeRTOS\Source\tasks.o
 .text.xTaskGenericCreate.part.5
                0x000000000800e0bc      0x19c Thirdparty\Middleware\FreeRTOS\Source\tasks.o
 .text.vTaskSwitchContext.part.6
                0x000000000800e258       0xb0 Thirdparty\Middleware\FreeRTOS\Source\tasks.o
 .text.xTaskGenericCreate
                0x000000000800e308       0x28 Thirdparty\Middleware\FreeRTOS\Source\tasks.o
                0x000000000800e308                xTaskGenericCreate
 .text.uxTaskPriorityGet
                0x000000000800e330       0x20 Thirdparty\Middleware\FreeRTOS\Source\tasks.o
                0x000000000800e330                uxTaskPriorityGet
 .text.vTaskPrioritySet
                0x000000000800e350       0xa4 Thirdparty\Middleware\FreeRTOS\Source\tasks.o
                0x000000000800e350                vTaskPrioritySet
 .text.vTaskStartScheduler
                0x000000000800e3f4       0x4c Thirdparty\Middleware\FreeRTOS\Source\tasks.o
                0x000000000800e3f4                vTaskStartScheduler
 .text.vTaskSuspendAll
                0x000000000800e440       0x10 Thirdparty\Middleware\FreeRTOS\Source\tasks.o
                0x000000000800e440                vTaskSuspendAll
 .text.xTaskGetTickCount
                0x000000000800e450        0xc Thirdparty\Middleware\FreeRTOS\Source\tasks.o
                0x000000000800e450                xTaskGetTickCount
 .text.xTaskGetTickCountFromISR
                0x000000000800e45c        0xc Thirdparty\Middleware\FreeRTOS\Source\tasks.o
                0x000000000800e45c                xTaskGetTickCountFromISR
 .text.xTaskIncrementTick
                0x000000000800e468      0x118 Thirdparty\Middleware\FreeRTOS\Source\tasks.o
                0x000000000800e468                xTaskIncrementTick
 .text.xTaskResumeAll
                0x000000000800e580       0xc0 Thirdparty\Middleware\FreeRTOS\Source\tasks.o
                0x000000000800e580                xTaskResumeAll
 .text.vTaskDelay
                0x000000000800e640       0x44 Thirdparty\Middleware\FreeRTOS\Source\tasks.o
                0x000000000800e640                vTaskDelay
 .text.prvIdleTask
                0x000000000800e684       0x64 Thirdparty\Middleware\FreeRTOS\Source\tasks.o
 .text.uxTaskGetSystemState
                0x000000000800e6e8       0xe4 Thirdparty\Middleware\FreeRTOS\Source\tasks.o
                0x000000000800e6e8                uxTaskGetSystemState
 .text.vTaskSwitchContext
                0x000000000800e7cc       0x1c Thirdparty\Middleware\FreeRTOS\Source\tasks.o
                0x000000000800e7cc                vTaskSwitchContext
 .text.vTaskPlaceOnEventList
                0x000000000800e7e8       0x40 Thirdparty\Middleware\FreeRTOS\Source\tasks.o
                0x000000000800e7e8                vTaskPlaceOnEventList
 .text.vTaskPlaceOnEventListRestricted
                0x000000000800e828       0x2c Thirdparty\Middleware\FreeRTOS\Source\tasks.o
                0x000000000800e828                vTaskPlaceOnEventListRestricted
 .text.xTaskRemoveFromEventList
                0x000000000800e854       0x74 Thirdparty\Middleware\FreeRTOS\Source\tasks.o
                0x000000000800e854                xTaskRemoveFromEventList
 .text.vTaskSetTimeOutState
                0x000000000800e8c8       0x20 Thirdparty\Middleware\FreeRTOS\Source\tasks.o
                0x000000000800e8c8                vTaskSetTimeOutState
 .text.xTaskCheckForTimeOut
                0x000000000800e8e8       0x68 Thirdparty\Middleware\FreeRTOS\Source\tasks.o
                0x000000000800e8e8                xTaskCheckForTimeOut
 .text.vTaskMissedYield
                0x000000000800e950        0xc Thirdparty\Middleware\FreeRTOS\Source\tasks.o
                0x000000000800e950                vTaskMissedYield
 .text.xTaskGetSchedulerState
                0x000000000800e95c       0x20 Thirdparty\Middleware\FreeRTOS\Source\tasks.o
                0x000000000800e95c                xTaskGetSchedulerState
 .text.vTaskPriorityInherit
                0x000000000800e97c       0x70 Thirdparty\Middleware\FreeRTOS\Source\tasks.o
                0x000000000800e97c                vTaskPriorityInherit
 .text.xTaskPriorityDisinherit
                0x000000000800e9ec       0x6c Thirdparty\Middleware\FreeRTOS\Source\tasks.o
                0x000000000800e9ec                xTaskPriorityDisinherit
 .text.vTaskList
                0x000000000800ea58       0xb4 Thirdparty\Middleware\FreeRTOS\Source\tasks.o
                0x000000000800ea58                vTaskList
 .text.vTaskGetRunTimeStats
                0x000000000800eb0c       0xb8 Thirdparty\Middleware\FreeRTOS\Source\tasks.o
                0x000000000800eb0c                vTaskGetRunTimeStats
 .text.pvTaskIncrementMutexHeldCount
                0x000000000800ebc4       0x18 Thirdparty\Middleware\FreeRTOS\Source\tasks.o
                0x000000000800ebc4                pvTaskIncrementMutexHeldCount
 .text.ulTaskNotifyTake
                0x000000000800ebdc       0x80 Thirdparty\Middleware\FreeRTOS\Source\tasks.o
                0x000000000800ebdc                ulTaskNotifyTake
 .text.xTaskGenericNotify
                0x000000000800ec5c       0xac Thirdparty\Middleware\FreeRTOS\Source\tasks.o
                0x000000000800ec5c                xTaskGenericNotify
 .text.prvCheckForValidListAndQueue
                0x000000000800ed08       0x50 Thirdparty\Middleware\FreeRTOS\Source\timers.o
 .text.prvInsertTimerInActiveList
                0x000000000800ed58       0x44 Thirdparty\Middleware\FreeRTOS\Source\timers.o
 .text.xTimerCreateTimerTask
                0x000000000800ed9c       0x40 Thirdparty\Middleware\FreeRTOS\Source\timers.o
                0x000000000800ed9c                xTimerCreateTimerTask
 .text.xTimerCreate
                0x000000000800eddc       0x40 Thirdparty\Middleware\FreeRTOS\Source\timers.o
                0x000000000800eddc                xTimerCreate
 .text.xTimerGenericCommand
                0x000000000800ee1c       0x54 Thirdparty\Middleware\FreeRTOS\Source\timers.o
                0x000000000800ee1c                xTimerGenericCommand
 .text.prvSwitchTimerLists
                0x000000000800ee70       0x74 Thirdparty\Middleware\FreeRTOS\Source\timers.o
 .text.prvTimerTask
                0x000000000800eee4      0x1a8 Thirdparty\Middleware\FreeRTOS\Source\timers.o
 .text.pvTimerGetTimerID
                0x000000000800f08c       0x18 Thirdparty\Middleware\FreeRTOS\Source\timers.o
                0x000000000800f08c                pvTimerGetTimerID
 .text.HAL_InitTick
                0x000000000800f0a4       0x24 Thirdparty\STM32F0xx_HAL_Driver\Src\stm32f0xx_hal.o
                0x000000000800f0a4                HAL_InitTick
 .text.HAL_Init
                0x000000000800f0c8       0x20 Thirdparty\STM32F0xx_HAL_Driver\Src\stm32f0xx_hal.o
                0x000000000800f0c8                HAL_Init
 .text.HAL_IncTick
                0x000000000800f0e8       0x10 Thirdparty\STM32F0xx_HAL_Driver\Src\stm32f0xx_hal.o
                0x000000000800f0e8                HAL_IncTick
 .text.HAL_GetTick
                0x000000000800f0f8        0xc Thirdparty\STM32F0xx_HAL_Driver\Src\stm32f0xx_hal.o
                0x000000000800f0f8                HAL_GetTick
 .text.HAL_Delay
                0x000000000800f104       0x1c Thirdparty\STM32F0xx_HAL_Driver\Src\stm32f0xx_hal.o
                0x000000000800f104                HAL_Delay
 .text.HAL_GetREVID
                0x000000000800f120        0xc Thirdparty\STM32F0xx_HAL_Driver\Src\stm32f0xx_hal.o
                0x000000000800f120                HAL_GetREVID
 .text.HAL_GetDEVID
                0x000000000800f12c       0x10 Thirdparty\STM32F0xx_HAL_Driver\Src\stm32f0xx_hal.o
                0x000000000800f12c                HAL_GetDEVID
 .text.ADC_Disable
                0x000000000800f13c       0x7c Thirdparty\STM32F0xx_HAL_Driver\Src\stm32f0xx_hal_adc.o
 .text.ADC_Enable
                0x000000000800f1b8       0xa8 Thirdparty\STM32F0xx_HAL_Driver\Src\stm32f0xx_hal_adc.o
 .text.ADC_ConversionStop
                0x000000000800f260       0x58 Thirdparty\STM32F0xx_HAL_Driver\Src\stm32f0xx_hal_adc.o
 .text.HAL_ADC_MspInit
                0x000000000800f2b8        0x4 Thirdparty\STM32F0xx_HAL_Driver\Src\stm32f0xx_hal_adc.o
                0x000000000800f2b8                HAL_ADC_MspInit
 .text.HAL_ADC_Init
                0x000000000800f2bc      0x144 Thirdparty\STM32F0xx_HAL_Driver\Src\stm32f0xx_hal_adc.o
                0x000000000800f2bc                HAL_ADC_Init
 .text.HAL_ADC_Start
                0x000000000800f400       0x58 Thirdparty\STM32F0xx_HAL_Driver\Src\stm32f0xx_hal_adc.o
                0x000000000800f400                HAL_ADC_Start
 .text.HAL_ADC_Stop
                0x000000000800f458       0x40 Thirdparty\STM32F0xx_HAL_Driver\Src\stm32f0xx_hal_adc.o
                0x000000000800f458                HAL_ADC_Stop
 .text.HAL_ADC_PollForConversion
                0x000000000800f498       0xc8 Thirdparty\STM32F0xx_HAL_Driver\Src\stm32f0xx_hal_adc.o
                0x000000000800f498                HAL_ADC_PollForConversion
 .text.HAL_ADC_GetValue
                0x000000000800f560        0xc Thirdparty\STM32F0xx_HAL_Driver\Src\stm32f0xx_hal_adc.o
                0x000000000800f560                HAL_ADC_GetValue
 .text.HAL_ADC_ConfigChannel
                0x000000000800f56c      0x120 Thirdparty\STM32F0xx_HAL_Driver\Src\stm32f0xx_hal_adc.o
                0x000000000800f56c                HAL_ADC_ConfigChannel
 .text.HAL_ADCEx_Calibration_Start
                0x000000000800f68c       0x9c Thirdparty\STM32F0xx_HAL_Driver\Src\stm32f0xx_hal_adc_ex.o
                0x000000000800f68c                HAL_ADCEx_Calibration_Start
 .text.HAL_NVIC_SetPriority
                0x000000000800f728       0x58 Thirdparty\STM32F0xx_HAL_Driver\Src\stm32f0xx_hal_cortex.o
                0x000000000800f728                HAL_NVIC_SetPriority
 .text.HAL_NVIC_EnableIRQ
                0x000000000800f780       0x14 Thirdparty\STM32F0xx_HAL_Driver\Src\stm32f0xx_hal_cortex.o
                0x000000000800f780                HAL_NVIC_EnableIRQ
 .text.HAL_NVIC_DisableIRQ
                0x000000000800f794       0x14 Thirdparty\STM32F0xx_HAL_Driver\Src\stm32f0xx_hal_cortex.o
                0x000000000800f794                HAL_NVIC_DisableIRQ
 .text.HAL_SYSTICK_Config
                0x000000000800f7a8       0x38 Thirdparty\STM32F0xx_HAL_Driver\Src\stm32f0xx_hal_cortex.o
                0x000000000800f7a8                HAL_SYSTICK_Config
 .text.HAL_SYSTICK_CLKSourceConfig
                0x000000000800f7e0       0x1c Thirdparty\STM32F0xx_HAL_Driver\Src\stm32f0xx_hal_cortex.o
                0x000000000800f7e0                HAL_SYSTICK_CLKSourceConfig
 .text.CRC_Handle_8
                0x000000000800f7fc       0x6c Thirdparty\STM32F0xx_HAL_Driver\Src\stm32f0xx_hal_crc.o
 .text.CRC_Handle_16
                0x000000000800f868       0x2c Thirdparty\STM32F0xx_HAL_Driver\Src\stm32f0xx_hal_crc.o
 .text.HAL_CRC_Init
                0x000000000800f894       0x68 Thirdparty\STM32F0xx_HAL_Driver\Src\stm32f0xx_hal_crc.o
                0x000000000800f894                HAL_CRC_Init
 .text.HAL_CRC_Accumulate
                0x000000000800f8fc       0x54 Thirdparty\STM32F0xx_HAL_Driver\Src\stm32f0xx_hal_crc.o
                0x000000000800f8fc                HAL_CRC_Accumulate
 .text.HAL_CRC_Calculate
                0x000000000800f950       0x5c Thirdparty\STM32F0xx_HAL_Driver\Src\stm32f0xx_hal_crc.o
                0x000000000800f950                HAL_CRC_Calculate
 .text.HAL_CRCEx_Polynomial_Set
                0x000000000800f9ac       0x5c Thirdparty\STM32F0xx_HAL_Driver\Src\stm32f0xx_hal_crc_ex.o
                0x000000000800f9ac                HAL_CRCEx_Polynomial_Set
 .text.HAL_CRCEx_Init
                0x000000000800fa08       0x30 Thirdparty\STM32F0xx_HAL_Driver\Src\stm32f0xx_hal_crc_ex.o
                0x000000000800fa08                HAL_CRCEx_Init
 .text.HAL_DMA_Init
                0x000000000800fa38       0x58 Thirdparty\STM32F0xx_HAL_Driver\Src\stm32f0xx_hal_dma.o
                0x000000000800fa38                HAL_DMA_Init
 .text.HAL_DMA_Start_IT
                0x000000000800fa90       0x58 Thirdparty\STM32F0xx_HAL_Driver\Src\stm32f0xx_hal_dma.o
                0x000000000800fa90                HAL_DMA_Start_IT
 .text.HAL_DMA_Abort
                0x000000000800fae8       0x50 Thirdparty\STM32F0xx_HAL_Driver\Src\stm32f0xx_hal_dma.o
                0x000000000800fae8                HAL_DMA_Abort
 .text.HAL_DMA_IRQHandler
                0x000000000800fb38      0x940 Thirdparty\STM32F0xx_HAL_Driver\Src\stm32f0xx_hal_dma.o
                0x000000000800fb38                HAL_DMA_IRQHandler
 .text.HAL_FLASH_Unlock
                0x0000000008010478       0x24 Thirdparty\STM32F0xx_HAL_Driver\Src\stm32f0xx_hal_flash.o
                0x0000000008010478                HAL_FLASH_Unlock
 .text.HAL_FLASH_Lock
                0x000000000801049c       0x14 Thirdparty\STM32F0xx_HAL_Driver\Src\stm32f0xx_hal_flash.o
                0x000000000801049c                HAL_FLASH_Lock
 .text.FLASH_WaitForLastOperation
                0x00000000080104b0       0x88 Thirdparty\STM32F0xx_HAL_Driver\Src\stm32f0xx_hal_flash.o
                0x00000000080104b0                FLASH_WaitForLastOperation
 .text.HAL_FLASH_Program
                0x0000000008010538       0xc8 Thirdparty\STM32F0xx_HAL_Driver\Src\stm32f0xx_hal_flash.o
                0x0000000008010538                HAL_FLASH_Program
 .text.HAL_FLASHEx_Erase
                0x0000000008010600       0xd8 Thirdparty\STM32F0xx_HAL_Driver\Src\stm32f0xx_hal_flash_ex.o
                0x0000000008010600                HAL_FLASHEx_Erase
 .text.FLASH_PageErase
                0x00000000080106d8       0x24 Thirdparty\STM32F0xx_HAL_Driver\Src\stm32f0xx_hal_flash_ex.o
                0x00000000080106d8                FLASH_PageErase
 .text.HAL_GPIO_Init
                0x00000000080106fc      0x1f8 Thirdparty\STM32F0xx_HAL_Driver\Src\stm32f0xx_hal_gpio.o
                0x00000000080106fc                HAL_GPIO_Init
 .text.HAL_GPIO_DeInit
                0x00000000080108f4      0x13c Thirdparty\STM32F0xx_HAL_Driver\Src\stm32f0xx_hal_gpio.o
                0x00000000080108f4                HAL_GPIO_DeInit
 .text.HAL_GPIO_ReadPin
                0x0000000008010a30        0xc Thirdparty\STM32F0xx_HAL_Driver\Src\stm32f0xx_hal_gpio.o
                0x0000000008010a30                HAL_GPIO_ReadPin
 .text.HAL_GPIO_WritePin
                0x0000000008010a3c        0xc Thirdparty\STM32F0xx_HAL_Driver\Src\stm32f0xx_hal_gpio.o
                0x0000000008010a3c                HAL_GPIO_WritePin
 .text.HAL_GPIO_TogglePin
                0x0000000008010a48        0x8 Thirdparty\STM32F0xx_HAL_Driver\Src\stm32f0xx_hal_gpio.o
                0x0000000008010a48                HAL_GPIO_TogglePin
 .text.HAL_MspInit
                0x0000000008010a50        0x4 Thirdparty\STM32F0xx_HAL_Driver\Src\stm32f0xx_hal_msp_template.o
                0x0000000008010a50                HAL_MspInit
 .text.HAL_PWR_EnableBkUpAccess
                0x0000000008010a54       0x14 Thirdparty\STM32F0xx_HAL_Driver\Src\stm32f0xx_hal_pwr.o
                0x0000000008010a54                HAL_PWR_EnableBkUpAccess
 .text.HAL_RCC_OscConfig
                0x0000000008010a68      0x544 Thirdparty\STM32F0xx_HAL_Driver\Src\stm32f0xx_hal_rcc.o
                0x0000000008010a68                HAL_RCC_OscConfig
 .text.HAL_RCC_ClockConfig
                0x0000000008010fac      0x230 Thirdparty\STM32F0xx_HAL_Driver\Src\stm32f0xx_hal_rcc.o
                0x0000000008010fac                HAL_RCC_ClockConfig
 .text.HAL_RCC_GetSysClockFreq
                0x00000000080111dc       0x8c Thirdparty\STM32F0xx_HAL_Driver\Src\stm32f0xx_hal_rcc.o
                0x00000000080111dc                HAL_RCC_GetSysClockFreq
 .text.HAL_RCC_GetHCLKFreq
                0x0000000008011268       0x28 Thirdparty\STM32F0xx_HAL_Driver\Src\stm32f0xx_hal_rcc.o
                0x0000000008011268                HAL_RCC_GetHCLKFreq
 .text.HAL_RCC_GetPCLK1Freq
                0x0000000008011290       0x34 Thirdparty\STM32F0xx_HAL_Driver\Src\stm32f0xx_hal_rcc.o
                0x0000000008011290                HAL_RCC_GetPCLK1Freq
 .text.HAL_RCCEx_PeriphCLKConfig
                0x00000000080112c4      0x128 Thirdparty\STM32F0xx_HAL_Driver\Src\stm32f0xx_hal_rcc_ex.o
                0x00000000080112c4                HAL_RCCEx_PeriphCLKConfig
 .text.HAL_RTC_MspInit
                0x00000000080113ec        0x4 Thirdparty\STM32F0xx_HAL_Driver\Src\stm32f0xx_hal_rtc.o
                0x00000000080113ec                HAL_RTC_MspInit
 .text.HAL_RTC_GetTime
                0x00000000080113f0       0x60 Thirdparty\STM32F0xx_HAL_Driver\Src\stm32f0xx_hal_rtc.o
                0x00000000080113f0                HAL_RTC_GetTime
 .text.HAL_RTC_GetDate
                0x0000000008011450       0x5c Thirdparty\STM32F0xx_HAL_Driver\Src\stm32f0xx_hal_rtc.o
                0x0000000008011450                HAL_RTC_GetDate
 .text.HAL_RTC_WaitForSynchro
                0x00000000080114ac       0x38 Thirdparty\STM32F0xx_HAL_Driver\Src\stm32f0xx_hal_rtc.o
                0x00000000080114ac                HAL_RTC_WaitForSynchro
 .text.RTC_EnterInitMode
                0x00000000080114e4       0x3c Thirdparty\STM32F0xx_HAL_Driver\Src\stm32f0xx_hal_rtc.o
                0x00000000080114e4                RTC_EnterInitMode
 .text.HAL_RTC_Init
                0x0000000008011520       0x90 Thirdparty\STM32F0xx_HAL_Driver\Src\stm32f0xx_hal_rtc.o
                0x0000000008011520                HAL_RTC_Init
 .text.HAL_RTC_SetTime
                0x00000000080115b0      0x128 Thirdparty\STM32F0xx_HAL_Driver\Src\stm32f0xx_hal_rtc.o
                0x00000000080115b0                HAL_RTC_SetTime
 .text.HAL_RTC_SetDate
                0x00000000080116d8       0xf8 Thirdparty\STM32F0xx_HAL_Driver\Src\stm32f0xx_hal_rtc.o
                0x00000000080116d8                HAL_RTC_SetDate
 .text.HAL_RTCEx_BKUPWrite
                0x00000000080117d0        0xc Thirdparty\STM32F0xx_HAL_Driver\Src\stm32f0xx_hal_rtc_ex.o
                0x00000000080117d0                HAL_RTCEx_BKUPWrite
 .text.HAL_RTCEx_BKUPRead
                0x00000000080117dc        0xc Thirdparty\STM32F0xx_HAL_Driver\Src\stm32f0xx_hal_rtc_ex.o
                0x00000000080117dc                HAL_RTCEx_BKUPRead
 .text.HAL_TIM_Base_MspInit
                0x00000000080117e8        0x4 Thirdparty\STM32F0xx_HAL_Driver\Src\stm32f0xx_hal_tim.o
                0x00000000080117e8                HAL_TIM_Base_MspInit
 .text.HAL_TIM_Base_Start
                0x00000000080117ec       0x18 Thirdparty\STM32F0xx_HAL_Driver\Src\stm32f0xx_hal_tim.o
                0x00000000080117ec                HAL_TIM_Base_Start
 .text.TIM_Base_SetConfig
                0x0000000008011804       0xa8 Thirdparty\STM32F0xx_HAL_Driver\Src\stm32f0xx_hal_tim.o
                0x0000000008011804                TIM_Base_SetConfig
 .text.HAL_TIM_Base_Init
                0x00000000080118ac       0x34 Thirdparty\STM32F0xx_HAL_Driver\Src\stm32f0xx_hal_tim.o
                0x00000000080118ac                HAL_TIM_Base_Init
 .text.HAL_TIMEx_MasterConfigSynchronization
                0x00000000080118e0       0x44 Thirdparty\STM32F0xx_HAL_Driver\Src\stm32f0xx_hal_tim_ex.o
                0x00000000080118e0                HAL_TIMEx_MasterConfigSynchronization
 .text.HAL_UART_MspDeInit
                0x0000000008011924        0x4 Thirdparty\STM32F0xx_HAL_Driver\Src\stm32f0xx_hal_uart.o
                0x0000000008011924                HAL_UART_MspDeInit
 .text.HAL_UART_DeInit
                0x0000000008011928       0x34 Thirdparty\STM32F0xx_HAL_Driver\Src\stm32f0xx_hal_uart.o
                0x0000000008011928                HAL_UART_DeInit
 .text.HAL_UART_Transmit_IT
                0x000000000801195c       0x68 Thirdparty\STM32F0xx_HAL_Driver\Src\stm32f0xx_hal_uart.o
                0x000000000801195c                HAL_UART_Transmit_IT
 .text.HAL_UART_Receive_IT
                0x00000000080119c4       0xbc Thirdparty\STM32F0xx_HAL_Driver\Src\stm32f0xx_hal_uart.o
                0x00000000080119c4                HAL_UART_Receive_IT
 .text.HAL_UART_Transmit_DMA
                0x0000000008011a80       0x8c Thirdparty\STM32F0xx_HAL_Driver\Src\stm32f0xx_hal_uart.o
                0x0000000008011a80                HAL_UART_Transmit_DMA
 .text.HAL_UART_Receive_DMA
                0x0000000008011b0c       0x84 Thirdparty\STM32F0xx_HAL_Driver\Src\stm32f0xx_hal_uart.o
                0x0000000008011b0c                HAL_UART_Receive_DMA
 .text.UART_DMATransmitCplt
                0x0000000008011b90       0x30 Thirdparty\STM32F0xx_HAL_Driver\Src\stm32f0xx_hal_uart.o
 .text.HAL_UART_TxHalfCpltCallback
                0x0000000008011bc0        0x4 Thirdparty\STM32F0xx_HAL_Driver\Src\stm32f0xx_hal_uart.o
                0x0000000008011bc0                HAL_UART_TxHalfCpltCallback
 .text.UART_DMATxHalfCplt
                0x0000000008011bc4        0xc Thirdparty\STM32F0xx_HAL_Driver\Src\stm32f0xx_hal_uart.o
 .text.UART_DMAReceiveCplt
                0x0000000008011bd0       0x38 Thirdparty\STM32F0xx_HAL_Driver\Src\stm32f0xx_hal_uart.o
 .text.HAL_UART_RxHalfCpltCallback
                0x0000000008011c08        0x4 Thirdparty\STM32F0xx_HAL_Driver\Src\stm32f0xx_hal_uart.o
                0x0000000008011c08                HAL_UART_RxHalfCpltCallback
 .text.UART_DMARxHalfCplt
                0x0000000008011c0c        0xc Thirdparty\STM32F0xx_HAL_Driver\Src\stm32f0xx_hal_uart.o
 .text.UART_DMAError
                0x0000000008011c18       0x24 Thirdparty\STM32F0xx_HAL_Driver\Src\stm32f0xx_hal_uart.o
 .text.UART_SetConfig
                0x0000000008011c3c      0x1d8 Thirdparty\STM32F0xx_HAL_Driver\Src\stm32f0xx_hal_uart.o
                0x0000000008011c3c                UART_SetConfig
 .text.UART_AdvFeatureConfig
                0x0000000008011e14       0xd0 Thirdparty\STM32F0xx_HAL_Driver\Src\stm32f0xx_hal_uart.o
                0x0000000008011e14                UART_AdvFeatureConfig
 .text.UART_WaitOnFlagUntilTimeout
                0x0000000008011ee4       0x98 Thirdparty\STM32F0xx_HAL_Driver\Src\stm32f0xx_hal_uart.o
                0x0000000008011ee4                UART_WaitOnFlagUntilTimeout
 .text.HAL_UART_Transmit
                0x0000000008011f7c       0xc8 Thirdparty\STM32F0xx_HAL_Driver\Src\stm32f0xx_hal_uart.o
                0x0000000008011f7c                HAL_UART_Transmit
 .text.UART_CheckIdleState
                0x0000000008012044       0x7c Thirdparty\STM32F0xx_HAL_Driver\Src\stm32f0xx_hal_uart.o
                0x0000000008012044                UART_CheckIdleState
 .text.HAL_UART_Init
                0x00000000080120c0       0x6c Thirdparty\STM32F0xx_HAL_Driver\Src\stm32f0xx_hal_uart.o
                0x00000000080120c0                HAL_UART_Init
 .text.UART_Transmit_IT
                0x000000000801212c       0x64 Thirdparty\STM32F0xx_HAL_Driver\Src\stm32f0xx_hal_uart.o
                0x000000000801212c                UART_Transmit_IT
 .text.UART_EndTransmit_IT
                0x0000000008012190       0x2c Thirdparty\STM32F0xx_HAL_Driver\Src\stm32f0xx_hal_uart.o
                0x0000000008012190                UART_EndTransmit_IT
 .text.UART_Receive_IT
                0x00000000080121bc       0x8c Thirdparty\STM32F0xx_HAL_Driver\Src\stm32f0xx_hal_uart.o
                0x00000000080121bc                UART_Receive_IT
 .text.HAL_UARTEx_WakeupCallback
                0x0000000008012248        0x4 Thirdparty\STM32F0xx_HAL_Driver\Src\stm32f0xx_hal_uart_ex.o
                0x0000000008012248                HAL_UARTEx_WakeupCallback
 .text.HAL_UART_IRQHandler
                0x000000000801224c      0x108 Thirdparty\STM32F0xx_HAL_Driver\Src\stm32f0xx_hal_uart_ex.o
                0x000000000801224c                HAL_UART_IRQHandler
 .text.startup.main
                0x0000000008012354        0x8 User\main.o
                0x0000000008012354                main
 .text.UserTask
                0x000000000801235c        0x4 User\main.o
                0x000000000801235c                UserTask
 .text.atof     0x0000000008012360        0xa c:/st/stm32cubeide_1.5.1/stm32cubeide/plugins/com.st.stm32cube.ide.mcu.externaltools.gnu-tools-for-stm32.7-2018-q2-update.win32_1.5.0.202011040924/tools/bin/../lib/gcc/arm-none-eabi/7.3.1/../../../../arm-none-eabi/lib/thumb/v6-m\libc.a(lib_a-atof.o)
                0x0000000008012360                atof
 .text.atoi     0x000000000801236a        0xc c:/st/stm32cubeide_1.5.1/stm32cubeide/plugins/com.st.stm32cube.ide.mcu.externaltools.gnu-tools-for-stm32.7-2018-q2-update.win32_1.5.0.202011040924/tools/bin/../lib/gcc/arm-none-eabi/7.3.1/../../../../arm-none-eabi/lib/thumb/v6-m\libc.a(lib_a-atoi.o)
                0x000000000801236a                atoi
 .text.atol     0x0000000008012376        0xc c:/st/stm32cubeide_1.5.1/stm32cubeide/plugins/com.st.stm32cube.ide.mcu.externaltools.gnu-tools-for-stm32.7-2018-q2-update.win32_1.5.0.202011040924/tools/bin/../lib/gcc/arm-none-eabi/7.3.1/../../../../arm-none-eabi/lib/thumb/v6-m\libc.a(lib_a-atol.o)
                0x0000000008012376                atol
 *fill*         0x0000000008012382        0x2 
 .text.calloc   0x0000000008012384       0x14 c:/st/stm32cubeide_1.5.1/stm32cubeide/plugins/com.st.stm32cube.ide.mcu.externaltools.gnu-tools-for-stm32.7-2018-q2-update.win32_1.5.0.202011040924/tools/bin/../lib/gcc/arm-none-eabi/7.3.1/../../../../arm-none-eabi/lib/thumb/v6-m\libc.a(lib_a-calloc.o)
                0x0000000008012384                calloc
 .text._calloc_r
                0x0000000008012398       0x58 c:/st/stm32cubeide_1.5.1/stm32cubeide/plugins/com.st.stm32cube.ide.mcu.externaltools.gnu-tools-for-stm32.7-2018-q2-update.win32_1.5.0.202011040924/tools/bin/../lib/gcc/arm-none-eabi/7.3.1/../../../../arm-none-eabi/lib/thumb/v6-m\libc.a(lib_a-callocr.o)
                0x0000000008012398                _calloc_r
 .text.__libc_init_array
                0x00000000080123f0       0x48 c:/st/stm32cubeide_1.5.1/stm32cubeide/plugins/com.st.stm32cube.ide.mcu.externaltools.gnu-tools-for-stm32.7-2018-q2-update.win32_1.5.0.202011040924/tools/bin/../lib/gcc/arm-none-eabi/7.3.1/../../../../arm-none-eabi/lib/thumb/v6-m\libc.a(lib_a-init.o)
                0x00000000080123f0                __libc_init_array
 .text.__locale_ctype_ptr_l
                0x0000000008012438        0x6 c:/st/stm32cubeide_1.5.1/stm32cubeide/plugins/com.st.stm32cube.ide.mcu.externaltools.gnu-tools-for-stm32.7-2018-q2-update.win32_1.5.0.202011040924/tools/bin/../lib/gcc/arm-none-eabi/7.3.1/../../../../arm-none-eabi/lib/thumb/v6-m\libc.a(lib_a-locale.o)
                0x0000000008012438                __locale_ctype_ptr_l
 *fill*         0x000000000801243e        0x2 
 .text.__locale_ctype_ptr
                0x0000000008012440       0x1c c:/st/stm32cubeide_1.5.1/stm32cubeide/plugins/com.st.stm32cube.ide.mcu.externaltools.gnu-tools-for-stm32.7-2018-q2-update.win32_1.5.0.202011040924/tools/bin/../lib/gcc/arm-none-eabi/7.3.1/../../../../arm-none-eabi/lib/thumb/v6-m\libc.a(lib_a-locale.o)
                0x0000000008012440                __locale_ctype_ptr
 .text.malloc   0x000000000801245c       0x14 c:/st/stm32cubeide_1.5.1/stm32cubeide/plugins/com.st.stm32cube.ide.mcu.externaltools.gnu-tools-for-stm32.7-2018-q2-update.win32_1.5.0.202011040924/tools/bin/../lib/gcc/arm-none-eabi/7.3.1/../../../../arm-none-eabi/lib/thumb/v6-m\libc.a(lib_a-malloc.o)
                0x000000000801245c                malloc
 .text.free     0x0000000008012470       0x14 c:/st/stm32cubeide_1.5.1/stm32cubeide/plugins/com.st.stm32cube.ide.mcu.externaltools.gnu-tools-for-stm32.7-2018-q2-update.win32_1.5.0.202011040924/tools/bin/../lib/gcc/arm-none-eabi/7.3.1/../../../../arm-none-eabi/lib/thumb/v6-m\libc.a(lib_a-malloc.o)
                0x0000000008012470                free
 .text._malloc_r
                0x0000000008012484      0x430 c:/st/stm32cubeide_1.5.1/stm32cubeide/plugins/com.st.stm32cube.ide.mcu.externaltools.gnu-tools-for-stm32.7-2018-q2-update.win32_1.5.0.202011040924/tools/bin/../lib/gcc/arm-none-eabi/7.3.1/../../../../arm-none-eabi/lib/thumb/v6-m\libc.a(lib_a-mallocr.o)
                0x0000000008012484                _malloc_r
 .text.__ascii_mbtowc
                0x00000000080128b4       0x24 c:/st/stm32cubeide_1.5.1/stm32cubeide/plugins/com.st.stm32cube.ide.mcu.externaltools.gnu-tools-for-stm32.7-2018-q2-update.win32_1.5.0.202011040924/tools/bin/../lib/gcc/arm-none-eabi/7.3.1/../../../../arm-none-eabi/lib/thumb/v6-m\libc.a(lib_a-mbtowc_r.o)
                0x00000000080128b4                __ascii_mbtowc
 .text.memcmp   0x00000000080128d8       0x1e c:/st/stm32cubeide_1.5.1/stm32cubeide/plugins/com.st.stm32cube.ide.mcu.externaltools.gnu-tools-for-stm32.7-2018-q2-update.win32_1.5.0.202011040924/tools/bin/../lib/gcc/arm-none-eabi/7.3.1/../../../../arm-none-eabi/lib/thumb/v6-m\libc.a(lib_a-memcmp.o)
                0x00000000080128d8                memcmp
 .text.memcpy   0x00000000080128f6       0x12 c:/st/stm32cubeide_1.5.1/stm32cubeide/plugins/com.st.stm32cube.ide.mcu.externaltools.gnu-tools-for-stm32.7-2018-q2-update.win32_1.5.0.202011040924/tools/bin/../lib/gcc/arm-none-eabi/7.3.1/../../../../arm-none-eabi/lib/thumb/v6-m\libc.a(lib_a-memcpy-stub.o)
                0x00000000080128f6                memcpy
 .text.memset   0x0000000008012908       0x10 c:/st/stm32cubeide_1.5.1/stm32cubeide/plugins/com.st.stm32cube.ide.mcu.externaltools.gnu-tools-for-stm32.7-2018-q2-update.win32_1.5.0.202011040924/tools/bin/../lib/gcc/arm-none-eabi/7.3.1/../../../../arm-none-eabi/lib/thumb/v6-m\libc.a(lib_a-memset.o)
                0x0000000008012908                memset
 .text.__malloc_lock
                0x0000000008012918       0x10 c:/st/stm32cubeide_1.5.1/stm32cubeide/plugins/com.st.stm32cube.ide.mcu.externaltools.gnu-tools-for-stm32.7-2018-q2-update.win32_1.5.0.202011040924/tools/bin/../lib/gcc/arm-none-eabi/7.3.1/../../../../arm-none-eabi/lib/thumb/v6-m\libc.a(lib_a-mlock.o)
                0x0000000008012918                __malloc_lock
 .text.__malloc_unlock
                0x0000000008012928       0x10 c:/st/stm32cubeide_1.5.1/stm32cubeide/plugins/com.st.stm32cube.ide.mcu.externaltools.gnu-tools-for-stm32.7-2018-q2-update.win32_1.5.0.202011040924/tools/bin/../lib/gcc/arm-none-eabi/7.3.1/../../../../arm-none-eabi/lib/thumb/v6-m\libc.a(lib_a-mlock.o)
                0x0000000008012928                __malloc_unlock
 .text.rand     0x0000000008012938       0x34 c:/st/stm32cubeide_1.5.1/stm32cubeide/plugins/com.st.stm32cube.ide.mcu.externaltools.gnu-tools-for-stm32.7-2018-q2-update.win32_1.5.0.202011040924/tools/bin/../lib/gcc/arm-none-eabi/7.3.1/../../../../arm-none-eabi/lib/thumb/v6-m\libc.a(lib_a-rand.o)
                0x0000000008012938                rand
 .text.realloc  0x000000000801296c       0x14 c:/st/stm32cubeide_1.5.1/stm32cubeide/plugins/com.st.stm32cube.ide.mcu.externaltools.gnu-tools-for-stm32.7-2018-q2-update.win32_1.5.0.202011040924/tools/bin/../lib/gcc/arm-none-eabi/7.3.1/../../../../arm-none-eabi/lib/thumb/v6-m\libc.a(lib_a-realloc.o)
                0x000000000801296c                realloc
 .text._realloc_r
                0x0000000008012980      0x358 c:/st/stm32cubeide_1.5.1/stm32cubeide/plugins/com.st.stm32cube.ide.mcu.externaltools.gnu-tools-for-stm32.7-2018-q2-update.win32_1.5.0.202011040924/tools/bin/../lib/gcc/arm-none-eabi/7.3.1/../../../../arm-none-eabi/lib/thumb/v6-m\libc.a(lib_a-reallocr.o)
                0x0000000008012980                _realloc_r
 .text._sbrk_r  0x0000000008012cd8       0x24 c:/st/stm32cubeide_1.5.1/stm32cubeide/plugins/com.st.stm32cube.ide.mcu.externaltools.gnu-tools-for-stm32.7-2018-q2-update.win32_1.5.0.202011040924/tools/bin/../lib/gcc/arm-none-eabi/7.3.1/../../../../arm-none-eabi/lib/thumb/v6-m\libc.a(lib_a-sbrkr.o)
                0x0000000008012cd8                _sbrk_r
 .text.sprintf  0x0000000008012cfc       0x40 c:/st/stm32cubeide_1.5.1/stm32cubeide/plugins/com.st.stm32cube.ide.mcu.externaltools.gnu-tools-for-stm32.7-2018-q2-update.win32_1.5.0.202011040924/tools/bin/../lib/gcc/arm-none-eabi/7.3.1/../../../../arm-none-eabi/lib/thumb/v6-m\libc.a(lib_a-sprintf.o)
                0x0000000008012cfc                sprintf
 .text.strcat   0x0000000008012d3c       0x1c c:/st/stm32cubeide_1.5.1/stm32cubeide/plugins/com.st.stm32cube.ide.mcu.externaltools.gnu-tools-for-stm32.7-2018-q2-update.win32_1.5.0.202011040924/tools/bin/../lib/gcc/arm-none-eabi/7.3.1/../../../../arm-none-eabi/lib/thumb/v6-m\libc.a(lib_a-strcat.o)
                0x0000000008012d3c                strcat
 .text.strchr   0x0000000008012d58       0x1c c:/st/stm32cubeide_1.5.1/stm32cubeide/plugins/com.st.stm32cube.ide.mcu.externaltools.gnu-tools-for-stm32.7-2018-q2-update.win32_1.5.0.202011040924/tools/bin/../lib/gcc/arm-none-eabi/7.3.1/../../../../arm-none-eabi/lib/thumb/v6-m\libc.a(lib_a-strchr.o)
                0x0000000008012d58                strchr
 .text.strcpy   0x0000000008012d74       0x10 c:/st/stm32cubeide_1.5.1/stm32cubeide/plugins/com.st.stm32cube.ide.mcu.externaltools.gnu-tools-for-stm32.7-2018-q2-update.win32_1.5.0.202011040924/tools/bin/../lib/gcc/arm-none-eabi/7.3.1/../../../../arm-none-eabi/lib/thumb/v6-m\libc.a(lib_a-strcpy.o)
                0x0000000008012d74                strcpy
 .text.strncmp  0x0000000008012d84       0x22 c:/st/stm32cubeide_1.5.1/stm32cubeide/plugins/com.st.stm32cube.ide.mcu.externaltools.gnu-tools-for-stm32.7-2018-q2-update.win32_1.5.0.202011040924/tools/bin/../lib/gcc/arm-none-eabi/7.3.1/../../../../arm-none-eabi/lib/thumb/v6-m\libc.a(lib_a-strncmp.o)
                0x0000000008012d84                strncmp
 .text.strncpy  0x0000000008012da6       0x28 c:/st/stm32cubeide_1.5.1/stm32cubeide/plugins/com.st.stm32cube.ide.mcu.externaltools.gnu-tools-for-stm32.7-2018-q2-update.win32_1.5.0.202011040924/tools/bin/../lib/gcc/arm-none-eabi/7.3.1/../../../../arm-none-eabi/lib/thumb/v6-m\libc.a(lib_a-strncpy.o)
                0x0000000008012da6                strncpy
 *fill*         0x0000000008012dce        0x2 
 .text.unlikely.sulp
                0x0000000008012dd0       0x30 c:/st/stm32cubeide_1.5.1/stm32cubeide/plugins/com.st.stm32cube.ide.mcu.externaltools.gnu-tools-for-stm32.7-2018-q2-update.win32_1.5.0.202011040924/tools/bin/../lib/gcc/arm-none-eabi/7.3.1/../../../../arm-none-eabi/lib/thumb/v6-m\libc.a(lib_a-strtod.o)
 .text._strtod_l
                0x0000000008012e00      0xc50 c:/st/stm32cubeide_1.5.1/stm32cubeide/plugins/com.st.stm32cube.ide.mcu.externaltools.gnu-tools-for-stm32.7-2018-q2-update.win32_1.5.0.202011040924/tools/bin/../lib/gcc/arm-none-eabi/7.3.1/../../../../arm-none-eabi/lib/thumb/v6-m\libc.a(lib_a-strtod.o)
                0x0000000008012e00                _strtod_l
 .text.strtod   0x0000000008013a50       0x24 c:/st/stm32cubeide_1.5.1/stm32cubeide/plugins/com.st.stm32cube.ide.mcu.externaltools.gnu-tools-for-stm32.7-2018-q2-update.win32_1.5.0.202011040924/tools/bin/../lib/gcc/arm-none-eabi/7.3.1/../../../../arm-none-eabi/lib/thumb/v6-m\libc.a(lib_a-strtod.o)
                0x0000000008013a50                strtod
 .text.strtok   0x0000000008013a74       0x14 c:/st/stm32cubeide_1.5.1/stm32cubeide/plugins/com.st.stm32cube.ide.mcu.externaltools.gnu-tools-for-stm32.7-2018-q2-update.win32_1.5.0.202011040924/tools/bin/../lib/gcc/arm-none-eabi/7.3.1/../../../../arm-none-eabi/lib/thumb/v6-m\libc.a(lib_a-strtok.o)
                0x0000000008013a74                strtok
 .text.__strtok_r
                0x0000000008013a88       0x5a c:/st/stm32cubeide_1.5.1/stm32cubeide/plugins/com.st.stm32cube.ide.mcu.externaltools.gnu-tools-for-stm32.7-2018-q2-update.win32_1.5.0.202011040924/tools/bin/../lib/gcc/arm-none-eabi/7.3.1/../../../../arm-none-eabi/lib/thumb/v6-m\libc.a(lib_a-strtok_r.o)
                0x0000000008013a88                __strtok_r
 *fill*         0x0000000008013ae2        0x2 
 .text._strtol_l.isra.0
                0x0000000008013ae4      0x104 c:/st/stm32cubeide_1.5.1/stm32cubeide/plugins/com.st.stm32cube.ide.mcu.externaltools.gnu-tools-for-stm32.7-2018-q2-update.win32_1.5.0.202011040924/tools/bin/../lib/gcc/arm-none-eabi/7.3.1/../../../../arm-none-eabi/lib/thumb/v6-m\libc.a(lib_a-strtol.o)