Archive member included to satisfy reference by file (symbol)

c:/st/stm32cubeide_1.5.1/stm32cubeide/plugins/com.st.stm32cube.ide.mcu.externaltools.gnu-tools-for-stm32.7-2018-q2-update.win32_1.5.0.202011040924/tools/bin/../lib/gcc/arm-none-eabi/7.3.1/../../../../arm-none-eabi/lib/thumb/v6-m\libc.a(lib_a-atof.o)
                              BOS\BOS_CLI.o (atof)
c:/st/stm32cubeide_1.5.1/stm32cubeide/plugins/com.st.stm32cube.ide.mcu.externaltools.gnu-tools-for-stm32.7-2018-q2-update.win32_1.5.0.202011040924/tools/bin/../lib/gcc/arm-none-eabi/7.3.1/../../../../arm-none-eabi/lib/thumb/v6-m\libc.a(lib_a-atoi.o)
                              BOS\BOS_CLI.o (atoi)
c:/st/stm32cubeide_1.5.1/stm32cubeide/plugins/com.st.stm32cube.ide.mcu.externaltools.gnu-tools-for-stm32.7-2018-q2-update.win32_1.5.0.202011040924/tools/bin/../lib/gcc/arm-none-eabi/7.3.1/../../../../arm-none-eabi/lib/thumb/v6-m\libc.a(lib_a-atol.o)
                              BOS\BOS.o (atol)
c:/st/stm32cubeide_1.5.1/stm32cubeide/plugins/com.st.stm32cube.ide.mcu.externaltools.gnu-tools-for-stm32.7-2018-q2-update.win32_1.5.0.202011040924/tools/bin/../lib/gcc/arm-none-eabi/7.3.1/../../../../arm-none-eabi/lib/thumb/v6-m\libc.a(lib_a-calloc.o)
                              BOS\BOS.o (calloc)
c:/st/stm32cubeide_1.5.1/stm32cubeide/plugins/com.st.stm32cube.ide.mcu.externaltools.gnu-tools-for-stm32.7-2018-q2-update.win32_1.5.0.202011040924/tools/bin/../lib/gcc/arm-none-eabi/7.3.1/../../../../arm-none-eabi/lib/thumb/v6-m\libc.a(lib_a-callocr.o)
                              c:/st/stm32cubeide_1.5.1/stm32cubeide/plugins/com.st.stm32cube.ide.mcu.externaltools.gnu-tools-for-stm32.7-2018-q2-update.win32_1.5.0.202011040924/tools/bin/../lib/gcc/arm-none-eabi/7.3.1/../../../../arm-none-eabi/lib/thumb/v6-m\libc.a(lib_a-calloc.o) (_calloc_r)
c:/st/stm32cubeide_1.5.1/stm32cubeide/plugins/com.st.stm32cube.ide.mcu.externaltools.gnu-tools-for-stm32.7-2018-q2-update.win32_1.5.0.202011040924/tools/bin/../lib/gcc/arm-none-eabi/7.3.1/../../../../arm-none-eabi/lib/thumb/v6-m\libc.a(lib_a-exit.o)
                              c:/st/stm32cubeide_1.5.1/stm32cubeide/plugins/com.st.stm32cube.ide.mcu.externaltools.gnu-tools-for-stm32.7-2018-q2-update.win32_1.5.0.202011040924/tools/bin/../lib/gcc/arm-none-eabi/7.3.1/../../../../arm-none-eabi/lib/thumb/v6-m/crt0.o (exit)
c:/st/stm32cubeide_1.5.1/stm32cubeide/plugins/com.st.stm32cube.ide.mcu.externaltools.gnu-tools-for-stm32.7-2018-q2-update.win32_1.5.0.202011040924/tools/bin/../lib/gcc/arm-none-eabi/7.3.1/../../../../arm-none-eabi/lib/thumb/v6-m\libc.a(lib_a-impure.o)
                              c:/st/stm32cubeide_1.5.1/stm32cubeide/plugins/com.st.stm32cube.ide.mcu.externaltools.gnu-tools-for-stm32.7-2018-q2-update.win32_1.5.0.202011040924/tools/bin/../lib/gcc/arm-none-eabi/7.3.1/../../../../arm-none-eabi/lib/thumb/v6-m\libc.a(lib_a-exit.o) (_global_impure_ptr)
c:/st/stm32cubeide_1.5.1/stm32cubeide/plugins/com.st.stm32cube.ide.mcu.externaltools.gnu-tools-for-stm32.7-2018-q2-update.win32_1.5.0.202011040924/tools/bin/../lib/gcc/arm-none-eabi/7.3.1/../../../../arm-none-eabi/lib/thumb/v6-m\libc.a(lib_a-init.o)
                              c:/st/stm32cubeide_1.5.1/stm32cubeide/plugins/com.st.stm32cube.ide.mcu.externaltools.gnu-tools-for-stm32.7-2018-q2-update.win32_1.5.0.202011040924/tools/bin/../lib/gcc/arm-none-eabi/7.3.1/../../../../arm-none-eabi/lib/thumb/v6-m/crt0.o (__libc_init_array)
c:/st/stm32cubeide_1.5.1/stm32cubeide/plugins/com.st.stm32cube.ide.mcu.externaltools.gnu-tools-for-stm32.7-2018-q2-update.win32_1.5.0.202011040924/tools/bin/../lib/gcc/arm-none-eabi/7.3.1/../../../../arm-none-eabi/lib/thumb/v6-m\libc.a(lib_a-locale.o)
                              BOS\BOS_CLI.o (__locale_ctype_ptr)
c:/st/stm32cubeide_1.5.1/stm32cubeide/plugins/com.st.stm32cube.ide.mcu.externaltools.gnu-tools-for-stm32.7-2018-q2-update.win32_1.5.0.202011040924/tools/bin/../lib/gcc/arm-none-eabi/7.3.1/../../../../arm-none-eabi/lib/thumb/v6-m\libc.a(lib_a-malloc.o)
                              BOS\BOS.o (malloc)
c:/st/stm32cubeide_1.5.1/stm32cubeide/plugins/com.st.stm32cube.ide.mcu.externaltools.gnu-tools-for-stm32.7-2018-q2-update.win32_1.5.0.202011040924/tools/bin/../lib/gcc/arm-none-eabi/7.3.1/../../../../arm-none-eabi/lib/thumb/v6-m\libc.a(lib_a-mallocr.o)
                              c:/st/stm32cubeide_1.5.1/stm32cubeide/plugins/com.st.stm32cube.ide.mcu.externaltools.gnu-tools-for-stm32.7-2018-q2-update.win32_1.5.0.202011040924/tools/bin/../lib/gcc/arm-none-eabi/7.3.1/../../../../arm-none-eabi/lib/thumb/v6-m\libc.a(lib_a-callocr.o) (_malloc_r)
c:/st/stm32cubeide_1.5.1/stm32cubeide/plugins/com.st.stm32cube.ide.mcu.externaltools.gnu-tools-for-stm32.7-2018-q2-update.win32_1.5.0.202011040924/tools/bin/../lib/gcc/arm-none-eabi/7.3.1/../../../../arm-none-eabi/lib/thumb/v6-m\libc.a(lib_a-mbtowc_r.o)
[...]
Memory Configuration

Name             Origin             Length             Attributes
RAM              0x0000000020000000 0x0000000000008000 xrw
FLASH            0x0000000008000000 0x0000000000020000 xr
*default*        0x0000000000000000 0xffffffffffffffff

Linker script and memory map

LOAD c:/st/stm32cubeide_1.5.1/stm32cubeide/plugins/com.st.stm32cube.ide.mcu.externaltools.gnu-tools-for-stm32.7-2018-q2-update.win32_1.5.0.202011040924/tools/bin/../lib/gcc/arm-none-eabi/7.3.1/thumb/v6-m/crti.o
LOAD c:/st/stm32cubeide_1.5.1/stm32cubeide/plugins/com.st.stm32cube.ide.mcu.externaltools.gnu-tools-for-stm32.7-2018-q2-update.win32_1.5.0.202011040924/tools/bin/../lib/gcc/arm-none-eabi/7.3.1/thumb/v6-m/crtbegin.o
LOAD c:/st/stm32cubeide_1.5.1/stm32cubeide/plugins/com.st.stm32cube.ide.mcu.externaltools.gnu-tools-for-stm32.7-2018-q2-update.win32_1.5.0.202011040924/tools/bin/../lib/gcc/arm-none-eabi/7.3.1/../../../../arm-none-eabi/lib/thumb/v6-m/crt0.o
LOAD BOS\BOS.o
LOAD BOS\BOS_CLI.o
LOAD BOS\BOS_CLIcommands.o
LOAD BOS\BOS_dma.o
LOAD BOS\BOS_freertos.o
LOAD BOS\BOS_messaging.o
LOAD BOS\BOS_msgparser.o
LOAD H23R3x\H23R30.o
LOAD H23R3x\H23R3_dma.o
LOAD H23R3x\H23R3_eeprom.o
LOAD H23R3x\H23R3_gpio.o
LOAD H23R3x\H23R3_inputs.o
LOAD H23R3x\H23R3_it.o
LOAD H23R3x\H23R3_rtc.o
LOAD H23R3x\H23R3_timers.o
LOAD H23R3x\H23R3_uart.o
LOAD H23R3x\startup_stm32f091xc.o
LOAD Thirdparty\CMSIS\STM32F0xx\Device\ST\STM32F0xx\Source\Templates\system_stm32f0xx.o
LOAD Thirdparty\Middleware\STM32F0xx\FreeRTOS\Source\CMSIS_RTOS\cmsis_os.o
LOAD Thirdparty\Middleware\STM32F0xx\FreeRTOS\Source\FreeRTOS_CLI.o
LOAD Thirdparty\Middleware\STM32F0xx\FreeRTOS\Source\croutine.o
LOAD Thirdparty\Middleware\STM32F0xx\FreeRTOS\Source\event_groups.o
LOAD Thirdparty\Middleware\STM32F0xx\FreeRTOS\Source\list.o
LOAD Thirdparty\Middleware\STM32F0xx\FreeRTOS\Source\portable\GCC\ARM_CM0\port.o
LOAD Thirdparty\Middleware\STM32F0xx\FreeRTOS\Source\portable\MemMang\heap_4.o
LOAD Thirdparty\Middleware\STM32F0xx\FreeRTOS\Source\queue.o
LOAD Thirdparty\Middleware\STM32F0xx\FreeRTOS\Source\tasks.o
LOAD Thirdparty\Middleware\STM32F0xx\FreeRTOS\Source\timers.o
LOAD Thirdparty\STM32F0xx_HAL_Driver\Src\stm32f0xx_hal.o
LOAD Thirdparty\STM32F0xx_HAL_Driver\Src\stm32f0xx_hal_adc.o
LOAD Thirdparty\STM32F0xx_HAL_Driver\Src\stm32f0xx_hal_adc_ex.o
LOAD Thirdparty\STM32F0xx_HAL_Driver\Src\stm32f0xx_hal_can.o
LOAD Thirdparty\STM32F0xx_HAL_Driver\Src\stm32f0xx_hal_cec.o
LOAD Thirdparty\STM32F0xx_HAL_Driver\Src\stm32f0xx_hal_comp.o
LOAD Thirdparty\STM32F0xx_HAL_Driver\Src\stm32f0xx_hal_cortex.o
LOAD Thirdparty\STM32F0xx_HAL_Driver\Src\stm32f0xx_hal_crc.o
LOAD Thirdparty\STM32F0xx_HAL_Driver\Src\stm32f0xx_hal_crc_ex.o
LOAD Thirdparty\STM32F0xx_HAL_Driver\Src\stm32f0xx_hal_dac.o
LOAD Thirdparty\STM32F0xx_HAL_Driver\Src\stm32f0xx_hal_dac_ex.o
LOAD Thirdparty\STM32F0xx_HAL_Driver\Src\stm32f0xx_hal_dma.o
LOAD Thirdparty\STM32F0xx_HAL_Driver\Src\stm32f0xx_hal_flash.o
LOAD Thirdparty\STM32F0xx_HAL_Driver\Src\stm32f0xx_hal_flash_ex.o
LOAD Thirdparty\STM32F0xx_HAL_Driver\Src\stm32f0xx_hal_gpio.o
LOAD Thirdparty\STM32F0xx_HAL_Driver\Src\stm32f0xx_hal_i2c.o
LOAD Thirdparty\STM32F0xx_HAL_Driver\Src\stm32f0xx_hal_i2c_ex.o
LOAD Thirdparty\STM32F0xx_HAL_Driver\Src\stm32f0xx_hal_i2s.o
LOAD Thirdparty\STM32F0xx_HAL_Driver\Src\stm32f0xx_hal_irda.o
LOAD Thirdparty\STM32F0xx_HAL_Driver\Src\stm32f0xx_hal_iwdg.o
LOAD Thirdparty\STM32F0xx_HAL_Driver\Src\stm32f0xx_hal_msp_template.o
LOAD Thirdparty\STM32F0xx_HAL_Driver\Src\stm32f0xx_hal_pcd.o
LOAD Thirdparty\STM32F0xx_HAL_Driver\Src\stm32f0xx_hal_pcd_ex.o
LOAD Thirdparty\STM32F0xx_HAL_Driver\Src\stm32f0xx_hal_pwr.o
LOAD Thirdparty\STM32F0xx_HAL_Driver\Src\stm32f0xx_hal_pwr_ex.o
LOAD Thirdparty\STM32F0xx_HAL_Driver\Src\stm32f0xx_hal_rcc.o
LOAD Thirdparty\STM32F0xx_HAL_Driver\Src\stm32f0xx_hal_rcc_ex.o
LOAD Thirdparty\STM32F0xx_HAL_Driver\Src\stm32f0xx_hal_rtc.o
LOAD Thirdparty\STM32F0xx_HAL_Driver\Src\stm32f0xx_hal_rtc_ex.o
LOAD Thirdparty\STM32F0xx_HAL_Driver\Src\stm32f0xx_hal_smartcard.o
LOAD Thirdparty\STM32F0xx_HAL_Driver\Src\stm32f0xx_hal_smartcard_ex.o
LOAD Thirdparty\STM32F0xx_HAL_Driver\Src\stm32f0xx_hal_smbus.o
LOAD Thirdparty\STM32F0xx_HAL_Driver\Src\stm32f0xx_hal_spi.o
LOAD Thirdparty\STM32F0xx_HAL_Driver\Src\stm32f0xx_hal_spi_ex.o
LOAD Thirdparty\STM32F0xx_HAL_Driver\Src\stm32f0xx_hal_tim.o
LOAD Thirdparty\STM32F0xx_HAL_Driver\Src\stm32f0xx_hal_tim_ex.o
LOAD Thirdparty\STM32F0xx_HAL_Driver\Src\stm32f0xx_hal_tsc.o
LOAD Thirdparty\STM32F0xx_HAL_Driver\Src\stm32f0xx_hal_uart.o
LOAD Thirdparty\STM32F0xx_HAL_Driver\Src\stm32f0xx_hal_uart_ex.o
LOAD Thirdparty\STM32F0xx_HAL_Driver\Src\stm32f0xx_hal_usart.o
LOAD Thirdparty\STM32F0xx_HAL_Driver\Src\stm32f0xx_hal_wwdg.o
LOAD User\main.o
START GROUP
LOAD c:/st/stm32cubeide_1.5.1/stm32cubeide/plugins/com.st.stm32cube.ide.mcu.externaltools.gnu-tools-for-stm32.7-2018-q2-update.win32_1.5.0.202011040924/tools/bin/../lib/gcc/arm-none-eabi/7.3.1/../../../../arm-none-eabi/lib/thumb/v6-m\libc.a
LOAD c:/st/stm32cubeide_1.5.1/stm32cubeide/plugins/com.st.stm32cube.ide.mcu.externaltools.gnu-tools-for-stm32.7-2018-q2-update.win32_1.5.0.202011040924/tools/bin/../lib/gcc/arm-none-eabi/7.3.1/../../../../arm-none-eabi/lib/thumb/v6-m\libm.a
END GROUP
START GROUP
LOAD c:/st/stm32cubeide_1.5.1/stm32cubeide/plugins/com.st.stm32cube.ide.mcu.externaltools.gnu-tools-for-stm32.7-2018-q2-update.win32_1.5.0.202011040924/tools/bin/../lib/gcc/arm-none-eabi/7.3.1/thumb/v6-m\libgcc.a
LOAD c:/st/stm32cubeide_1.5.1/stm32cubeide/plugins/com.st.stm32cube.ide.mcu.externaltools.gnu-tools-for-stm32.7-2018-q2-update.win32_1.5.0.202011040924/tools/bin/../lib/gcc/arm-none-eabi/7.3.1/../../../../arm-none-eabi/lib/thumb/v6-m\libc.a
END GROUP
START GROUP
LOAD c:/st/stm32cubeide_1.5.1/stm32cubeide/plugins/com.st.stm32cube.ide.mcu.externaltools.gnu-tools-for-stm32.7-2018-q2-update.win32_1.5.0.202011040924/tools/bin/../lib/gcc/arm-none-eabi/7.3.1/thumb/v6-m\libgcc.a
LOAD c:/st/stm32cubeide_1.5.1/stm32cubeide/plugins/com.st.stm32cube.ide.mcu.externaltools.gnu-tools-for-stm32.7-2018-q2-update.win32_1.5.0.202011040924/tools/bin/../lib/gcc/arm-none-eabi/7.3.1/../../../../arm-none-eabi/lib/thumb/v6-m\libc.a
LOAD c:/st/stm32cubeide_1.5.1/stm32cubeide/plugins/com.st.stm32cube.ide.mcu.externaltools.gnu-tools-for-stm32.7-2018-q2-update.win32_1.5.0.202011040924/tools/bin/../lib/gcc/arm-none-eabi/7.3.1/../../../../arm-none-eabi/lib/thumb/v6-m\libnosys.a
END GROUP
LOAD c:/st/stm32cubeide_1.5.1/stm32cubeide/plugins/com.st.stm32cube.ide.mcu.externaltools.gnu-tools-for-stm32.7-2018-q2-update.win32_1.5.0.202011040924/tools/bin/../lib/gcc/arm-none-eabi/7.3.1/thumb/v6-m/crtend.o
LOAD c:/st/stm32cubeide_1.5.1/stm32cubeide/plugins/com.st.stm32cube.ide.mcu.externaltools.gnu-tools-for-stm32.7-2018-q2-update.win32_1.5.0.202011040924/tools/bin/../lib/gcc/arm-none-eabi/7.3.1/thumb/v6-m/crtn.o
                0x0000000020008000                _estack = 0x20008000
                0x0000000000000200                _Min_Heap_Size = 0x200
                0x0000000000000400                _Min_Stack_Size = 0x400

.isr_vector     0x0000000008000000       0xbc
                0x0000000008000000                . = ALIGN (0x4)
 *(.isr_vector)
 .isr_vector    0x0000000008000000       0xbc H23R3x\startup_stm32f091xc.o
                0x0000000008000000                g_pfnVectors
                0x00000000080000bc                . = ALIGN (0x4)

.text           0x00000000080000bc    0x16a0c
                0x00000000080000bc                . = ALIGN (0x4)
 *(.text)
 .text          0x00000000080000bc       0x48 c:/st/stm32cubeide_1.5.1/stm32cubeide/plugins/com.st.stm32cube.ide.mcu.externaltools.gnu-tools-for-stm32.7-2018-q2-update.win32_1.5.0.202011040924/tools/bin/../lib/gcc/arm-none-eabi/7.3.1/thumb/v6-m/crtbegin.o
 .text          0x0000000008000104       0x14 c:/st/stm32cubeide_1.5.1/stm32cubeide/plugins/com.st.stm32cube.ide.mcu.externaltools.gnu-tools-for-stm32.7-2018-q2-update.win32_1.5.0.202011040924/tools/bin/../lib/gcc/arm-none-eabi/7.3.1/../../../../arm-none-eabi/lib/thumb/v6-m\libc.a(lib_a-strcmp.o)
                0x0000000008000104                strcmp
 .text          0x0000000008000118        0xe c:/st/stm32cubeide_1.5.1/stm32cubeide/plugins/com.st.stm32cube.ide.mcu.externaltools.gnu-tools-for-stm32.7-2018-q2-update.win32_1.5.0.202011040924/tools/bin/../lib/gcc/arm-none-eabi/7.3.1/../../../../arm-none-eabi/lib/thumb/v6-m\libc.a(lib_a-strlen.o)
                0x0000000008000118                strlen
 *fill*         0x0000000008000126        0x2 
 .text          0x0000000008000128       0x14 c:/st/stm32cubeide_1.5.1/stm32cubeide/plugins/com.st.stm32cube.ide.mcu.externaltools.gnu-tools-for-stm32.7-2018-q2-update.win32_1.5.0.202011040924/tools/bin/../lib/gcc/arm-none-eabi/7.3.1/thumb/v6-m\libgcc.a(_thumb1_case_uqi.o)
                0x0000000008000128                __gnu_thumb1_case_uqi
 .text          0x000000000800013c       0x14 c:/st/stm32cubeide_1.5.1/stm32cubeide/plugins/com.st.stm32cube.ide.mcu.externaltools.gnu-tools-for-stm32.7-2018-q2-update.win32_1.5.0.202011040924/tools/bin/../lib/gcc/arm-none-eabi/7.3.1/thumb/v6-m\libgcc.a(_thumb1_case_shi.o)
                0x000000000800013c                __gnu_thumb1_case_shi
 .text          0x0000000008000150      0x114 c:/st/stm32cubeide_1.5.1/stm32cubeide/plugins/com.st.stm32cube.ide.mcu.externaltools.gnu-tools-for-stm32.7-2018-q2-update.win32_1.5.0.202011040924/tools/bin/../lib/gcc/arm-none-eabi/7.3.1/thumb/v6-m\libgcc.a(_udivsi3.o)
                0x0000000008000150                __aeabi_uidiv
                0x0000000008000150                __udivsi3
                0x000000000800025c                __aeabi_uidivmod
 .text          0x0000000008000264      0x1d4 c:/st/stm32cubeide_1.5.1/stm32cubeide/plugins/com.st.stm32cube.ide.mcu.externaltools.gnu-tools-for-stm32.7-2018-q2-update.win32_1.5.0.202011040924/tools/bin/../lib/gcc/arm-none-eabi/7.3.1/thumb/v6-m\libgcc.a(_divsi3.o)
                0x0000000008000264                __divsi3
                0x0000000008000264                __aeabi_idiv
                0x0000000008000430                __aeabi_idivmod
 .text          0x0000000008000438        0x4 c:/st/stm32cubeide_1.5.1/stm32cubeide/plugins/com.st.stm32cube.ide.mcu.externaltools.gnu-tools-for-stm32.7-2018-q2-update.win32_1.5.0.202011040924/tools/bin/../lib/gcc/arm-none-eabi/7.3.1/thumb/v6-m\libgcc.a(_dvmd_tls.o)
                0x0000000008000438                __aeabi_idiv0
                0x0000000008000438                __aeabi_ldiv0
 .text          0x000000000800043c       0x7c c:/st/stm32cubeide_1.5.1/stm32cubeide/plugins/com.st.stm32cube.ide.mcu.externaltools.gnu-tools-for-stm32.7-2018-q2-update.win32_1.5.0.202011040924/tools/bin/../lib/gcc/arm-none-eabi/7.3.1/thumb/v6-m\libgcc.a(_arm_cmpdf2.o)
                0x000000000800043c                __aeabi_cdrcmple
                0x000000000800044c                __aeabi_cdcmple
                0x000000000800044c                __aeabi_cdcmpeq
                0x000000000800045c                __aeabi_dcmpeq
                0x0000000008000468                __aeabi_dcmplt
                0x000000000800047c                __aeabi_dcmple
                0x0000000008000490                __aeabi_dcmpgt
                0x00000000080004a4                __aeabi_dcmpge
 .text          0x00000000080004b8       0x74 c:/st/stm32cubeide_1.5.1/stm32cubeide/plugins/com.st.stm32cube.ide.mcu.externaltools.gnu-tools-for-stm32.7-2018-q2-update.win32_1.5.0.202011040924/tools/bin/../lib/gcc/arm-none-eabi/7.3.1/thumb/v6-m\libgcc.a(_arm_cmpsf2.o)
                0x00000000080004b8                __aeabi_cfrcmple
                0x00000000080004c0                __aeabi_cfcmpeq
                0x00000000080004c0                __aeabi_cfcmple
                0x00000000080004d0                __aeabi_fcmpeq
                0x00000000080004dc                __aeabi_fcmplt
                0x00000000080004f0                __aeabi_fcmple
                0x0000000008000504                __aeabi_fcmpgt
                0x0000000008000518                __aeabi_fcmpge
 .text          0x000000000800052c       0x40 c:/st/stm32cubeide_1.5.1/stm32cubeide/plugins/com.st.stm32cube.ide.mcu.externaltools.gnu-tools-for-stm32.7-2018-q2-update.win32_1.5.0.202011040924/tools/bin/../lib/gcc/arm-none-eabi/7.3.1/thumb/v6-m\libgcc.a(_aeabi_uldivmod.o)
                0x000000000800052c                __aeabi_uldivmod
 .text          0x000000000800056c       0x54 c:/st/stm32cubeide_1.5.1/stm32cubeide/plugins/com.st.stm32cube.ide.mcu.externaltools.gnu-tools-for-stm32.7-2018-q2-update.win32_1.5.0.202011040924/tools/bin/../lib/gcc/arm-none-eabi/7.3.1/thumb/v6-m\libgcc.a(_muldi3.o)
                0x000000000800056c                __muldi3
                0x000000000800056c                __aeabi_lmul
 .text          0x00000000080005c0       0x30 c:/st/stm32cubeide_1.5.1/stm32cubeide/plugins/com.st.stm32cube.ide.mcu.externaltools.gnu-tools-for-stm32.7-2018-q2-update.win32_1.5.0.202011040924/tools/bin/../lib/gcc/arm-none-eabi/7.3.1/thumb/v6-m\libgcc.a(_fixunssfsi.o)
                0x00000000080005c0                __fixunssfsi
                0x00000000080005c0                __aeabi_f2uiz
 .text          0x00000000080005f0       0x3c c:/st/stm32cubeide_1.5.1/stm32cubeide/plugins/com.st.stm32cube.ide.mcu.externaltools.gnu-tools-for-stm32.7-2018-q2-update.win32_1.5.0.202011040924/tools/bin/../lib/gcc/arm-none-eabi/7.3.1/thumb/v6-m\libgcc.a(_fixunsdfsi.o)
                0x00000000080005f0                __aeabi_d2uiz
                0x00000000080005f0                __fixunsdfsi
 .text          0x000000000800062c      0x184 c:/st/stm32cubeide_1.5.1/stm32cubeide/plugins/com.st.stm32cube.ide.mcu.externaltools.gnu-tools-for-stm32.7-2018-q2-update.win32_1.5.0.202011040924/tools/bin/../lib/gcc/arm-none-eabi/7.3.1/thumb/v6-m\libgcc.a(_udivmoddi4.o)
                0x000000000800062c                __udivmoddi4
 .text          0x00000000080007b0       0x50 c:/st/stm32cubeide_1.5.1/stm32cubeide/plugins/com.st.stm32cube.ide.mcu.externaltools.gnu-tools-for-stm32.7-2018-q2-update.win32_1.5.0.202011040924/tools/bin/../lib/gcc/arm-none-eabi/7.3.1/thumb/v6-m\libgcc.a(eqsf2.o)
                0x00000000080007b0                __eqsf2
                0x00000000080007b0                __nesf2
 .text          0x0000000008000800       0x9c c:/st/stm32cubeide_1.5.1/stm32cubeide/plugins/com.st.stm32cube.ide.mcu.externaltools.gnu-tools-for-stm32.7-2018-q2-update.win32_1.5.0.202011040924/tools/bin/../lib/gcc/arm-none-eabi/7.3.1/thumb/v6-m\libgcc.a(gesf2.o)
                0x0000000008000800                __gesf2
                0x0000000008000800                __gtsf2
 .text          0x000000000800089c       0xa0 c:/st/stm32cubeide_1.5.1/stm32cubeide/plugins/com.st.stm32cube.ide.mcu.externaltools.gnu-tools-for-stm32.7-2018-q2-update.win32_1.5.0.202011040924/tools/bin/../lib/gcc/arm-none-eabi/7.3.1/thumb/v6-m\libgcc.a(lesf2.o)
                0x000000000800089c                __ltsf2
                0x000000000800089c                __lesf2
 .text          0x000000000800093c      0x264 c:/st/stm32cubeide_1.5.1/stm32cubeide/plugins/com.st.stm32cube.ide.mcu.externaltools.gnu-tools-for-stm32.7-2018-q2-update.win32_1.5.0.202011040924/tools/bin/../lib/gcc/arm-none-eabi/7.3.1/thumb/v6-m\libgcc.a(mulsf3.o)
                0x000000000800093c                __aeabi_fmul
 .text          0x0000000008000ba0      0x388 c:/st/stm32cubeide_1.5.1/stm32cubeide/plugins/com.st.stm32cube.ide.mcu.externaltools.gnu-tools-for-stm32.7-2018-q2-update.win32_1.5.0.202011040924/tools/bin/../lib/gcc/arm-none-eabi/7.3.1/thumb/v6-m\libgcc.a(subsf3.o)
                0x0000000008000ba0                __aeabi_fsub
 .text          0x0000000008000f28       0x40 c:/st/stm32cubeide_1.5.1/stm32cubeide/plugins/com.st.stm32cube.ide.mcu.externaltools.gnu-tools-for-stm32.7-2018-q2-update.win32_1.5.0.202011040924/tools/bin/../lib/gcc/arm-none-eabi/7.3.1/thumb/v6-m\libgcc.a(fixsfsi.o)
                0x0000000008000f28                __aeabi_f2iz
 .text          0x0000000008000f68       0x80 c:/st/stm32cubeide_1.5.1/stm32cubeide/plugins/com.st.stm32cube.ide.mcu.externaltools.gnu-tools-for-stm32.7-2018-q2-update.win32_1.5.0.202011040924/tools/bin/../lib/gcc/arm-none-eabi/7.3.1/thumb/v6-m\libgcc.a(floatunsisf.o)
                0x0000000008000f68                __aeabi_ui2f
 .text          0x0000000008000fe8      0x638 c:/st/stm32cubeide_1.5.1/stm32cubeide/plugins/com.st.stm32cube.ide.mcu.externaltools.gnu-tools-for-stm32.7-2018-q2-update.win32_1.5.0.202011040924/tools/bin/../lib/gcc/arm-none-eabi/7.3.1/thumb/v6-m\libgcc.a(adddf3.o)
                0x0000000008000fe8                __aeabi_dadd
 .text          0x0000000008001620      0x604 c:/st/stm32cubeide_1.5.1/stm32cubeide/plugins/com.st.stm32cube.ide.mcu.externaltools.gnu-tools-for-stm32.7-2018-q2-update.win32_1.5.0.202011040924/tools/bin/../lib/gcc/arm-none-eabi/7.3.1/thumb/v6-m\libgcc.a(divdf3.o)
                0x0000000008001620                __aeabi_ddiv
 .text          0x0000000008001c24       0x78 c:/st/stm32cubeide_1.5.1/stm32cubeide/plugins/com.st.stm32cube.ide.mcu.externaltools.gnu-tools-for-stm32.7-2018-q2-update.win32_1.5.0.202011040924/tools/bin/../lib/gcc/arm-none-eabi/7.3.1/thumb/v6-m\libgcc.a(eqdf2.o)
                0x0000000008001c24                __nedf2
                0x0000000008001c24                __eqdf2
 .text          0x0000000008001c9c       0xc8 c:/st/stm32cubeide_1.5.1/stm32cubeide/plugins/com.st.stm32cube.ide.mcu.externaltools.gnu-tools-for-stm32.7-2018-q2-update.win32_1.5.0.202011040924/tools/bin/../lib/gcc/arm-none-eabi/7.3.1/thumb/v6-m\libgcc.a(gedf2.o)
                0x0000000008001c9c                __gedf2
                0x0000000008001c9c                __gtdf2
 .text          0x0000000008001d64       0xd0 c:/st/stm32cubeide_1.5.1/stm32cubeide/plugins/com.st.stm32cube.ide.mcu.externaltools.gnu-tools-for-stm32.7-2018-q2-update.win32_1.5.0.202011040924/tools/bin/../lib/gcc/arm-none-eabi/7.3.1/thumb/v6-m\libgcc.a(ledf2.o)
                0x0000000008001d64                __ledf2
                0x0000000008001d64                __ltdf2
 .text          0x0000000008001e34      0x4e4 c:/st/stm32cubeide_1.5.1/stm32cubeide/plugins/com.st.stm32cube.ide.mcu.externaltools.gnu-tools-for-stm32.7-2018-q2-update.win32_1.5.0.202011040924/tools/bin/../lib/gcc/arm-none-eabi/7.3.1/thumb/v6-m\libgcc.a(muldf3.o)
                0x0000000008001e34                __aeabi_dmul
 .text          0x0000000008002318      0x690 c:/st/stm32cubeide_1.5.1/stm32cubeide/plugins/com.st.stm32cube.ide.mcu.externaltools.gnu-tools-for-stm32.7-2018-q2-update.win32_1.5.0.202011040924/tools/bin/../lib/gcc/arm-none-eabi/7.3.1/thumb/v6-m\libgcc.a(subdf3.o)
                0x0000000008002318                __aeabi_dsub
 .text          0x00000000080029a8       0x38 c:/st/stm32cubeide_1.5.1/stm32cubeide/plugins/com.st.stm32cube.ide.mcu.externaltools.gnu-tools-for-stm32.7-2018-q2-update.win32_1.5.0.202011040924/tools/bin/../lib/gcc/arm-none-eabi/7.3.1/thumb/v6-m\libgcc.a(unorddf2.o)
                0x00000000080029a8                __aeabi_dcmpun
 .text          0x00000000080029e0       0x6c c:/st/stm32cubeide_1.5.1/stm32cubeide/plugins/com.st.stm32cube.ide.mcu.externaltools.gnu-tools-for-stm32.7-2018-q2-update.win32_1.5.0.202011040924/tools/bin/../lib/gcc/arm-none-eabi/7.3.1/thumb/v6-m\libgcc.a(fixdfsi.o)
                0x00000000080029e0                __aeabi_d2iz
 .text          0x0000000008002a4c       0x74 c:/st/stm32cubeide_1.5.1/stm32cubeide/plugins/com.st.stm32cube.ide.mcu.externaltools.gnu-tools-for-stm32.7-2018-q2-update.win32_1.5.0.202011040924/tools/bin/../lib/gcc/arm-none-eabi/7.3.1/thumb/v6-m\libgcc.a(floatsidf.o)
                0x0000000008002a4c                __aeabi_i2d
 .text          0x0000000008002ac0       0x64 c:/st/stm32cubeide_1.5.1/stm32cubeide/plugins/com.st.stm32cube.ide.mcu.externaltools.gnu-tools-for-stm32.7-2018-q2-update.win32_1.5.0.202011040924/tools/bin/../lib/gcc/arm-none-eabi/7.3.1/thumb/v6-m\libgcc.a(floatunsidf.o)
                0x0000000008002ac0                __aeabi_ui2d
 .text          0x0000000008002b24       0xa4 c:/st/stm32cubeide_1.5.1/stm32cubeide/plugins/com.st.stm32cube.ide.mcu.externaltools.gnu-tools-for-stm32.7-2018-q2-update.win32_1.5.0.202011040924/tools/bin/../lib/gcc/arm-none-eabi/7.3.1/thumb/v6-m\libgcc.a(extendsfdf2.o)
                0x0000000008002b24                __aeabi_f2d
 .text          0x0000000008002bc8      0x108 c:/st/stm32cubeide_1.5.1/stm32cubeide/plugins/com.st.stm32cube.ide.mcu.externaltools.gnu-tools-for-stm32.7-2018-q2-update.win32_1.5.0.202011040924/tools/bin/../lib/gcc/arm-none-eabi/7.3.1/thumb/v6-m\libgcc.a(truncdfsf2.o)
                0x0000000008002bc8                __aeabi_d2f
 .text          0x0000000008002cd0       0x3c c:/st/stm32cubeide_1.5.1/stm32cubeide/plugins/com.st.stm32cube.ide.mcu.externaltools.gnu-tools-for-stm32.7-2018-q2-update.win32_1.5.0.202011040924/tools/bin/../lib/gcc/arm-none-eabi/7.3.1/thumb/v6-m\libgcc.a(_clzsi2.o)
                0x0000000008002cd0                __clzsi2
 .text          0x0000000008002d0c       0x18 c:/st/stm32cubeide_1.5.1/stm32cubeide/plugins/com.st.stm32cube.ide.mcu.externaltools.gnu-tools-for-stm32.7-2018-q2-update.win32_1.5.0.202011040924/tools/bin/../lib/gcc/arm-none-eabi/7.3.1/thumb/v6-m\libgcc.a(_clzdi2.o)
                0x0000000008002d0c                __clzdi2
 *(.text*)
 .text.Send_BOS_Message
                0x0000000008002d24       0x64 BOS\BOS.o
                0x0000000008002d24                Send_BOS_Message
 .text.LoadROtopology
                0x0000000008002d88       0xa0 BOS\BOS.o
                0x0000000008002d88                LoadROtopology
 .text.LoadEEportsDir
                0x0000000008002e28       0x4c BOS\BOS.o
                0x0000000008002e28                LoadEEportsDir
 .text.LoadEEalias
                0x0000000008002e74       0x80 BOS\BOS.o
                0x0000000008002e74                LoadEEalias
 .text.LoadEEgroup
                0x0000000008002ef4       0xa4 BOS\BOS.o
                0x0000000008002ef4                LoadEEgroup
 .text.LoadEEstreams
                0x0000000008002f98      0x130 BOS\BOS.o
                0x0000000008002f98                LoadEEstreams
 .text.LoadEEparams
                0x00000000080030c8      0x17c BOS\BOS.o
                0x00000000080030c8                LoadEEparams
 .text.LoadEEbuttons
                0x0000000008003244      0x104 BOS\BOS.o
                0x0000000008003244                LoadEEbuttons
 .text.LoadROsnippets
                0x0000000008003348      0x114 BOS\BOS.o
                0x0000000008003348                LoadROsnippets
 .text.LoadEEvars
                0x000000000800345c       0x24 BOS\BOS.o
                0x000000000800345c                LoadEEvars
 .text.SaveEEportsDir
                0x0000000008003480       0x50 BOS\BOS.o
                0x0000000008003480                SaveEEportsDir
 .text.SaveEEalias
                0x00000000080034d0       0x88 BOS\BOS.o
                0x00000000080034d0                SaveEEalias
 .text.SaveEEstreams
                0x0000000008003558       0x90 BOS\BOS.o
                0x0000000008003558                SaveEEstreams
 .text.SaveEEparams
                0x00000000080035e8       0x88 BOS\BOS.o
                0x00000000080035e8                SaveEEparams
 .text.ClearEEportsDir
                0x0000000008003670       0x58 BOS\BOS.o
                0x0000000008003670                ClearEEportsDir
 .text.IsLowerCLIbaud
                0x00000000080036c8       0x94 BOS\BOS.o
                0x00000000080036c8                IsLowerCLIbaud
 .text.IsModuleParameter
                0x000000000800375c       0x18 BOS\BOS.o
                0x000000000800375c                IsModuleParameter
 .text.IsMathOperator
                0x0000000008003774       0xb0 BOS\BOS.o
                0x0000000008003774                IsMathOperator
 .text.BOS_Init
                0x0000000008003824      0x134 BOS\BOS.o
                0x0000000008003824                BOS_Init
 .text.Module_Init
                0x0000000008003958       0x18 BOS\BOS.o
                0x0000000008003958                Module_Init
 .text.ExploreNeighbors
                0x0000000008003970       0x58 BOS\BOS.o
                0x0000000008003970                ExploreNeighbors
 .text.FindBroadcastRoutes
                0x00000000080039c8      0x150 BOS\BOS.o
                0x00000000080039c8                FindBroadcastRoutes
 .text.FindRoute
                0x0000000008003b18      0x1c0 BOS\BOS.o
                0x0000000008003b18                FindRoute
 .text.DisplayTopology
                0x0000000008003cd8      0x1a4 BOS\BOS.o
                0x0000000008003cd8                DisplayTopology
 .text.DisplayPortsDir
                0x0000000008003e7c       0xf4 BOS\BOS.o
                0x0000000008003e7c                DisplayPortsDir
 .text.DisplayModuleStatus
                0x0000000008003f70      0x2ec BOS\BOS.o
                0x0000000008003f70                DisplayModuleStatus
 .text.GetID    0x000000000800425c       0xc0 BOS\BOS.o
                0x000000000800425c                GetID
 .text.NameModule
                0x000000000800431c       0xd4 BOS\BOS.o
                0x000000000800431c                NameModule
 .text.AddModuleToGroup
                0x00000000080043f0      0x11c BOS\BOS.o
                0x00000000080043f0                AddModuleToGroup
 .text.WriteToRemote
                0x000000000800450c      0x230 BOS\BOS.o
                0x000000000800450c                WriteToRemote
 .text.GetDateString
                0x000000000800473c       0x3c BOS\BOS.o
                0x000000000800473c                GetDateString
 .text.Bridge   0x0000000008004778       0x28 BOS\BOS.o
                0x0000000008004778                Bridge
 .text.Unbridge
                0x00000000080047a0       0x70 BOS\BOS.o
                0x00000000080047a0                Unbridge
 .text.AddSnippet.part.0
                0x0000000008004810       0xb0 BOS\BOS_CLI.o
 .text.StringToLowerCase
                0x00000000080048c0       0x28 BOS\BOS_CLI.o
                0x00000000080048c0                StringToLowerCase
 .text.ParseSnippetCondition
                0x00000000080048e8      0x3c8 BOS\BOS_CLI.o
                0x00000000080048e8                ParseSnippetCondition
 .text.CLI_CommandParser
                0x0000000008004cb0      0x444 BOS\BOS_CLI.o
                0x0000000008004cb0                CLI_CommandParser
 .text.prvCLITask
                0x00000000080050f4      0x19c BOS\BOS_CLI.o
                0x00000000080050f4                prvCLITask
 .text.ParseSnippetCommand
                0x0000000008005290       0x78 BOS\BOS_CLI.o
                0x0000000008005290                ParseSnippetCommand
 .text.CheckSnippetCondition
                0x0000000008005308       0xd0 BOS\BOS_CLI.o
                0x0000000008005308                CheckSnippetCondition
 .text.ExecuteSnippet
                0x00000000080053d8       0xb4 BOS\BOS_CLI.o
                0x00000000080053d8                ExecuteSnippet
 .text.exploreCommand
                0x000000000800548c        0x4 BOS\BOS_CLIcommands.o
 .text.flashsizeCommand
                0x0000000008005490       0x18 BOS\BOS_CLIcommands.o
 .text.ReadVrefCommand
                0x00000000080054a8       0x38 BOS\BOS_CLIcommands.o
 .text.ReadTempCommand
                0x00000000080054e0       0x38 BOS\BOS_CLIcommands.o
 .text.ADCReadCommand
                0x0000000008005518       0xb0 BOS\BOS_CLIcommands.o
 .text.testportCommand
                0x00000000080055c8      0x1a8 BOS\BOS_CLIcommands.o
 .text.unbridgeCommand
                0x0000000008005770       0xa8 BOS\BOS_CLIcommands.o
 .text.bridgeCommand
                0x0000000008005818       0xa8 BOS\BOS_CLIcommands.o
 .text.delSnipCommand
                0x00000000080058c0       0xf8 BOS\BOS_CLIcommands.o
 .text.pauseSnipCommand
                0x00000000080059b8       0x68 BOS\BOS_CLIcommands.o
 .text.actSnipCommand
                0x0000000008005a20       0x6c BOS\BOS_CLIcommands.o
 .text.snipCommand
                0x0000000008005a8c      0x244 BOS\BOS_CLIcommands.o
 .text.idcodeCommand
                0x0000000008005cd0       0xa0 BOS\BOS_CLIcommands.o
 .text.uuidCommand
                0x0000000008005d70       0x64 BOS\BOS_CLIcommands.o
 .text.dateCommand
                0x0000000008005dd4       0x20 BOS\BOS_CLIcommands.o
 .text.getCommand
                0x0000000008005df4      0x230 BOS\BOS_CLIcommands.o
 .text.defaultCommand
                0x0000000008006024       0xb4 BOS\BOS_CLIcommands.o
 .text.setCommand
                0x00000000080060d8      0x814 BOS\BOS_CLIcommands.o
 .text.removebuttonCommand
                0x00000000080068ec       0x48 BOS\BOS_CLIcommands.o
 .text.addbuttonCommand
                0x0000000008006934       0xcc BOS\BOS_CLIcommands.o
 .text.scastCommand
                0x0000000008006a00      0x180 BOS\BOS_CLIcommands.o
 .text.infoCommand
                0x0000000008006b80       0xa4 BOS\BOS_CLIcommands.o
 .text.statusCommand
                0x0000000008006c24        0xc BOS\BOS_CLIcommands.o
 .text.groupCommand
                0x0000000008006c30      0x1a0 BOS\BOS_CLIcommands.o
 .text.nameCommand
                0x0000000008006dd0       0x88 BOS\BOS_CLIcommands.o
 .text.bootloaderUpdateCommand
                0x0000000008006e58      0x180 BOS\BOS_CLIcommands.o
 .text.pingCommand
                0x0000000008006fd8       0x5c BOS\BOS_CLIcommands.o
 .text.prvRunTimeStatsCommand
                0x0000000008007034       0x1c BOS\BOS_CLIcommands.o
 .text.prvTaskStatsCommand
                0x0000000008007050       0x1c BOS\BOS_CLIcommands.o
 .text.setBaudrateCommand
                0x000000000800706c       0x78 BOS\BOS_CLIcommands.o
 .text.GetReadPrecentageCommand
                0x00000000080070e4       0x58 BOS\BOS_CLIcommands.o
 .text.timeCommand
                0x000000000800713c       0x74 BOS\BOS_CLIcommands.o
 .text.resetCommand
                0x00000000080071b0       0x1c BOS\BOS_CLIcommands.o
 .text.RegisterUserCLICommands
                0x00000000080071cc        0x4 BOS\BOS_CLIcommands.o
                0x00000000080071cc                RegisterUserCLICommands
 .text.vRegisterCLICommands
                0x00000000080071d0      0x130 BOS\BOS_CLIcommands.o
                0x00000000080071d0                vRegisterCLICommands
 .text.StartDMAstream
                0x0000000008007300       0x58 BOS\BOS_dma.o
                0x0000000008007300                StartDMAstream
 .text.DMA_IRQHandler
                0x0000000008007358       0x54 BOS\BOS_dma.o
                0x0000000008007358                DMA_IRQHandler
 .text.ResetUartORE
                0x00000000080073ac       0x40 BOS\BOS_dma.o
                0x00000000080073ac                ResetUartORE
 .text.MX_FREERTOS_Init
                0x00000000080073ec      0x1a8 BOS\BOS_freertos.o
                0x00000000080073ec                MX_FREERTOS_Init
 .text.ExecuteMonitor
                0x0000000008007594      0x400 BOS\BOS_freertos.o
                0x0000000008007594                ExecuteMonitor
 .text.StartDefaultTask
                0x0000000008007994       0x88 BOS\BOS_freertos.o
                0x0000000008007994                StartDefaultTask
 .text.vMainConfigureTimerForRunTimeStats
                0x0000000008007a1c       0x20 BOS\BOS_freertos.o
                0x0000000008007a1c                vMainConfigureTimerForRunTimeStats
 .text.ulMainGetRunTimeCounterValue
                0x0000000008007a3c       0x50 BOS\BOS_freertos.o
                0x0000000008007a3c                ulMainGetRunTimeCounterValue
 .text.StreamTimerCallback
                0x0000000008007a8c       0x18 BOS\BOS_messaging.o
                0x0000000008007a8c                StreamTimerCallback
 .text.SetupDMAStreams
                0x0000000008007aa4      0x198 BOS\BOS_messaging.o
                0x0000000008007aa4                SetupDMAStreams
 .text.NotifyMessagingTask
                0x0000000008007c3c       0x48 BOS\BOS_messaging.o
                0x0000000008007c3c                NotifyMessagingTask
 .text.SendMessageFromPort
                0x0000000008007c84       0x38 BOS\BOS_messaging.o
                0x0000000008007c84                SendMessageFromPort
 .text.SendMessageFromPort.part.0
                0x0000000008007cbc      0x3c0 BOS\BOS_messaging.o
 .text.BroadcastReceivedMessage
                0x000000000800807c       0x3c BOS\BOS_messaging.o
                0x000000000800807c                BroadcastReceivedMessage
 .text.BroadcastMessage
                0x00000000080080b8       0x4c BOS\BOS_messaging.o
                0x00000000080080b8                BroadcastMessage
 .text.ForwardReceivedMessage
                0x0000000008008104       0x40 BOS\BOS_messaging.o
                0x0000000008008104                ForwardReceivedMessage
 .text.SendMessageToModule
                0x0000000008008144       0x48 BOS\BOS_messaging.o
                0x0000000008008144                SendMessageToModule
 .text.StartScastDMAStream
                0x000000000800818c      0x178 BOS\BOS_messaging.o
                0x000000000800818c                StartScastDMAStream
 .text.BackEndTask
                0x0000000008008304      0x164 BOS\BOS_msgparser.o
                0x0000000008008304                BackEndTask
 .text.User_MessagingParser
                0x0000000008008468        0x4 BOS\BOS_msgparser.o
                0x0000000008008468                User_MessagingParser
 .text.PxMessagingTask
                0x000000000800846c     0x1448 BOS\BOS_msgparser.o
                0x000000000800846c                PxMessagingTask
 .text.CLI_BT_Send_DataCommand
                0x00000000080098b4       0x60 H23R3x\H23R30.o
 .text.SystemClock_Config
                0x0000000008009914       0xb0 H23R3x\H23R30.o
                0x0000000008009914                SystemClock_Config
 .text.SaveToRO
                0x00000000080099c4      0x1f0 H23R3x\H23R30.o
                0x00000000080099c4                SaveToRO
 .text.ClearROtopology
                0x0000000008009bb4       0x2c H23R3x\H23R30.o
                0x0000000008009bb4                ClearROtopology
 .text.SetupPortForRemoteBootloaderUpdate
                0x0000000008009be0       0x2c H23R3x\H23R30.o
                0x0000000008009be0                SetupPortForRemoteBootloaderUpdate
 .text.remoteBootloaderUpdate
                0x0000000008009c0c       0xc4 H23R3x\H23R30.o
                0x0000000008009c0c                remoteBootloaderUpdate
 .text.Module_Peripheral_Init
                0x0000000008009cd0       0x40 H23R3x\H23R30.o
                0x0000000008009cd0                Module_Peripheral_Init
 .text.Module_MessagingTask
                0x0000000008009d10       0x44 H23R3x\H23R30.o
                0x0000000008009d10                Module_MessagingTask
 .text.RegisterModuleCLICommands
                0x0000000008009d54       0x10 H23R3x\H23R30.o
                0x0000000008009d54                RegisterModuleCLICommands
 .text.GetPort  0x0000000008009d64       0x60 H23R3x\H23R30.o
                0x0000000008009d64                GetPort
 .text.DMA_Init
                0x0000000008009dc4      0x198 H23R3x\H23R3_dma.o
                0x0000000008009dc4                DMA_Init
 .text.StopStreamDMA
                0x0000000008009f5c       0x30 H23R3x\H23R3_dma.o
                0x0000000008009f5c                StopStreamDMA
 .text.SwitchMsgDMAToStream
                0x0000000008009f8c       0x40 H23R3x\H23R3_dma.o
                0x0000000008009f8c                SwitchMsgDMAToStream
 .text.SetupDMAInterrupts
                0x0000000008009fcc       0x5c H23R3x\H23R3_dma.o
                0x0000000008009fcc                SetupDMAInterrupts
 .text.UnSetupDMAInterrupts
                0x000000000800a028       0xa0 H23R3x\H23R3_dma.o
                0x000000000800a028                UnSetupDMAInterrupts
 .text.DMA_MSG_TX_UnSetup
                0x000000000800a0c8       0x14 H23R3x\H23R3_dma.o
                0x000000000800a0c8                DMA_MSG_TX_UnSetup
 .text.RemapAndLinkDMAtoUARTRx
                0x000000000800a0dc      0x5d0 H23R3x\H23R3_dma.o
                0x000000000800a0dc                RemapAndLinkDMAtoUARTRx
 .text.DMA_MSG_RX_Setup
                0x000000000800a6ac       0x2c H23R3x\H23R3_dma.o
                0x000000000800a6ac                DMA_MSG_RX_Setup
 .text.SetupMessagingRxDMAs
                0x000000000800a6d8       0x80 H23R3x\H23R3_dma.o
                0x000000000800a6d8                SetupMessagingRxDMAs
 .text.SwitchStreamDMAToMsg
                0x000000000800a758       0x98 H23R3x\H23R3_dma.o
                0x000000000800a758                SwitchStreamDMAToMsg
 .text.DMA_STREAM_Setup
                0x000000000800a7f0       0x40 H23R3x\H23R3_dma.o
                0x000000000800a7f0                DMA_STREAM_Setup
 .text.CRC_Init
                0x000000000800a830       0x28 H23R3x\H23R3_dma.o
                0x000000000800a830                CRC_Init
 .text.HAL_CRC_MspInit
                0x000000000800a858       0x1c H23R3x\H23R3_dma.o
                0x000000000800a858                HAL_CRC_MspInit
 .text.CalculateCRC8
                0x000000000800a874       0x94 H23R3x\H23R3_dma.o
                0x000000000800a874                CalculateCRC8
 .text.EE_VerifyPageFullWriteVariable
                0x000000000800a908       0xbc H23R3x\H23R3_eeprom.o
 .text.EE_ReadVariable
                0x000000000800a9c4       0x60 H23R3x\H23R3_eeprom.o
                0x000000000800a9c4                EE_ReadVariable
 .text.EE_WriteVariable
                0x000000000800aa24      0x12c H23R3x\H23R3_eeprom.o
                0x000000000800aa24                EE_WriteVariable
 .text.EE_Format
                0x000000000800ab50       0xa0 H23R3x\H23R3_eeprom.o
                0x000000000800ab50                EE_Format
 .text.EE_Init  0x000000000800abf0      0x2b0 H23R3x\H23R3_eeprom.o
                0x000000000800abf0                EE_Init
 .text.EraseSector
                0x000000000800aea0       0x30 H23R3x\H23R3_eeprom.o
                0x000000000800aea0                EraseSector
 .text.GPIO_Init
                0x000000000800aed0       0x84 H23R3x\H23R3_gpio.o
                0x000000000800aed0                GPIO_Init
 .text.GetPortGPIOs
                0x000000000800af54       0xdc H23R3x\H23R3_gpio.o
                0x000000000800af54                GetPortGPIOs
 .text.IsFactoryReset
                0x000000000800b030       0xec H23R3x\H23R3_gpio.o
                0x000000000800b030                IsFactoryReset
 .text.buttonPressedCallback
                0x000000000800b11c        0x4 H23R3x\H23R3_inputs.o
                0x000000000800b11c                buttonPressedCallback
 .text.AddPortButton
                0x000000000800b120       0xf4 H23R3x\H23R3_inputs.o
                0x000000000800b120                AddPortButton
 .text.RemovePortButton
                0x000000000800b214      0x120 H23R3x\H23R3_inputs.o
                0x000000000800b214                RemovePortButton
 .text.SetButtonEvents
                0x000000000800b334      0x23c H23R3x\H23R3_inputs.o
                0x000000000800b334                SetButtonEvents
 .text.MX_ADC_Init
                0x000000000800b570       0x54 H23R3x\H23R3_inputs.o
                0x000000000800b570                MX_ADC_Init
 .text.HAL_ADC_MspInit
                0x000000000800b5c4       0x60 H23R3x\H23R3_inputs.o
                0x000000000800b5c4                HAL_ADC_MspInit
 .text.ReadTempAndVref
                0x000000000800b624      0x18c H23R3x\H23R3_inputs.o
                0x000000000800b624                ReadTempAndVref
 .text.GetReadPrecentage
                0x000000000800b7b0      0x1a8 H23R3x\H23R3_inputs.o
                0x000000000800b7b0                GetReadPrecentage
 .text.Get_Rank
                0x000000000800b958       0x58 H23R3x\H23R3_inputs.o
                0x000000000800b958                Get_Rank
 .text.ADCSelectChannel
                0x000000000800b9b0       0xa0 H23R3x\H23R3_inputs.o
                0x000000000800b9b0                ADCSelectChannel
 .text.ReadADCChannel
                0x000000000800ba50      0x114 H23R3x\H23R3_inputs.o
                0x000000000800ba50                ReadADCChannel
 .text.buttonReleasedCallback
                0x000000000800bb64        0x4 H23R3x\H23R3_inputs.o
                0x000000000800bb64                buttonReleasedCallback
 .text.buttonClickedCallback
                0x000000000800bb68        0x4 H23R3x\H23R3_inputs.o
                0x000000000800bb68                buttonClickedCallback
 .text.buttonDblClickedCallback
                0x000000000800bb6c        0x4 H23R3x\H23R3_inputs.o
                0x000000000800bb6c                buttonDblClickedCallback
 .text.buttonPressedForXCallback
                0x000000000800bb70        0x4 H23R3x\H23R3_inputs.o
                0x000000000800bb70                buttonPressedForXCallback
 .text.buttonReleasedForYCallback
                0x000000000800bb74        0x4 H23R3x\H23R3_inputs.o
                0x000000000800bb74                buttonReleasedForYCallback
 .text.CheckAttachedButtons
                0x000000000800bb78      0x524 H23R3x\H23R3_inputs.o
                0x000000000800bb78                CheckAttachedButtons
 .text.NVIC_SystemReset
                0x000000000800c09c       0x1c H23R3x\H23R3_it.o
 .text.SysTick_Handler
                0x000000000800c0b8        0xc H23R3x\H23R3_it.o
                0x000000000800c0b8                SysTick_Handler
 .text.HardFault_Handler
                0x000000000800c0c4       0x38 H23R3x\H23R3_it.o
                0x000000000800c0c4                HardFault_Handler
 .text.USART1_IRQHandler
                0x000000000800c0fc       0x10 H23R3x\H23R3_it.o
                0x000000000800c0fc                USART1_IRQHandler
 .text.USART2_IRQHandler
                0x000000000800c10c       0x10 H23R3x\H23R3_it.o
                0x000000000800c10c                USART2_IRQHandler
 .text.USART3_8_IRQHandler
                0x000000000800c11c       0x2c H23R3x\H23R3_it.o
                0x000000000800c11c                USART3_8_IRQHandler
 .text.DMA1_Ch1_IRQHandler
                0x000000000800c148        0xc H23R3x\H23R3_it.o
                0x000000000800c148                DMA1_Ch1_IRQHandler
 .text.DMA1_Ch2_3_DMA2_Ch1_2_IRQHandler
                0x000000000800c154       0x40 H23R3x\H23R3_it.o
                0x000000000800c154                DMA1_Ch2_3_DMA2_Ch1_2_IRQHandler
 .text.DMA1_Ch4_7_DMA2_Ch3_5_IRQHandler
                0x000000000800c194       0x5c H23R3x\H23R3_it.o
                0x000000000800c194                DMA1_Ch4_7_DMA2_Ch3_5_IRQHandler
 .text.HAL_UART_TxCpltCallback
                0x000000000800c1f0       0x30 H23R3x\H23R3_it.o
                0x000000000800c1f0                HAL_UART_TxCpltCallback
 .text.HAL_UART_ErrorCallback
                0x000000000800c220       0x48 H23R3x\H23R3_it.o
                0x000000000800c220                HAL_UART_ErrorCallback
 .text.HAL_UART_RxCpltCallback
                0x000000000800c268      0x1d0 H23R3x\H23R3_it.o
                0x000000000800c268                HAL_UART_RxCpltCallback
 .text.vApplicationStackOverflowHook
                0x000000000800c438       0x38 H23R3x\H23R3_it.o
                0x000000000800c438                vApplicationStackOverflowHook
 .text.vApplicationMallocFailedHook
                0x000000000800c470       0x38 H23R3x\H23R3_it.o
                0x000000000800c470                vApplicationMallocFailedHook
 .text.RTC_CalendarConfig
                0x000000000800c4a8       0xfc H23R3x\H23R3_rtc.o
                0x000000000800c4a8                RTC_CalendarConfig
 .text.RTC_Init
                0x000000000800c5a4       0x98 H23R3x\H23R3_rtc.o
                0x000000000800c5a4                RTC_Init
 .text.BOS_CalendarConfig
                0x000000000800c63c       0xb4 H23R3x\H23R3_rtc.o
                0x000000000800c63c                BOS_CalendarConfig
 .text.GetTimeDate
                0x000000000800c6f0       0x64 H23R3x\H23R3_rtc.o
                0x000000000800c6f0                GetTimeDate
 .text.TIM_USEC_Init
                0x000000000800c754       0x64 H23R3x\H23R3_timers.o
                0x000000000800c754                TIM_USEC_Init
 .text.TIM_MSEC_Init
                0x000000000800c7b8       0x60 H23R3x\H23R3_timers.o
                0x000000000800c7b8                TIM_MSEC_Init
 .text.StartMicroDelay
                0x000000000800c818       0x24 H23R3x\H23R3_timers.o
                0x000000000800c818                StartMicroDelay
 .text.StartMilliDelay
                0x000000000800c83c       0x24 H23R3x\H23R3_timers.o
                0x000000000800c83c                StartMilliDelay
 .text.SwapUartPins.part.0
                0x000000000800c860       0x38 H23R3x\H23R3_uart.o
 .text.MX_USART1_UART_Init
                0x000000000800c898       0x30 H23R3x\H23R3_uart.o
                0x000000000800c898                MX_USART1_UART_Init
 .text.MX_USART2_UART_Init
                0x000000000800c8c8       0x30 H23R3x\H23R3_uart.o
                0x000000000800c8c8                MX_USART2_UART_Init
 .text.MX_USART3_UART_Init
                0x000000000800c8f8       0x30 H23R3x\H23R3_uart.o
                0x000000000800c8f8                MX_USART3_UART_Init
 .text.MX_USART4_UART_Init
                0x000000000800c928       0x30 H23R3x\H23R3_uart.o
                0x000000000800c928                MX_USART4_UART_Init
 .text.MX_USART5_UART_Init
                0x000000000800c958       0x30 H23R3x\H23R3_uart.o
                0x000000000800c958                MX_USART5_UART_Init
 .text.MX_USART6_UART_Init
                0x000000000800c988       0x30 H23R3x\H23R3_uart.o
                0x000000000800c988                MX_USART6_UART_Init
 .text.HAL_UART_MspInit
                0x000000000800c9b8      0x274 H23R3x\H23R3_uart.o
                0x000000000800c9b8                HAL_UART_MspInit
 .text.writePxMutex
                0x000000000800cc2c       0x64 H23R3x\H23R3_uart.o
                0x000000000800cc2c                writePxMutex
 .text.writePxITMutex
                0x000000000800cc90       0x40 H23R3x\H23R3_uart.o
                0x000000000800cc90                writePxITMutex
 .text.UpdateBaudrate
                0x000000000800ccd0       0x24 H23R3x\H23R3_uart.o
                0x000000000800ccd0                UpdateBaudrate
 .text.GetUart  0x000000000800ccf4       0x18 H23R3x\H23R3_uart.o
                0x000000000800ccf4                GetUart
 .text.SwapUartPins
                0x000000000800cd0c       0x4c H23R3x\H23R3_uart.o
                0x000000000800cd0c                SwapUartPins
 .text.ReadPortsDir
                0x000000000800cd58       0x5c H23R3x\H23R3_uart.o
                0x000000000800cd58                ReadPortsDir
 .text.ReadPortsDirMSG
                0x000000000800cdb4       0x50 H23R3x\H23R3_uart.o
                0x000000000800cdb4                ReadPortsDirMSG
 .text.UpdateMyPortsDir
                0x000000000800ce04       0x60 H23R3x\H23R3_uart.o
                0x000000000800ce04                UpdateMyPortsDir
 .text.Reset_Handler
                0x000000000800ce64       0x8c H23R3x\startup_stm32f091xc.o
                0x000000000800ce64                Reset_Handler
 .text.Default_Handler
                0x000000000800cef0        0x2 H23R3x\startup_stm32f091xc.o
                0x000000000800cef0                TIM1_CC_IRQHandler
                0x000000000800cef0                TSC_IRQHandler
                0x000000000800cef0                ADC1_COMP_IRQHandler
                0x000000000800cef0                NMI_Handler
                0x000000000800cef0                I2C1_IRQHandler
                0x000000000800cef0                RCC_CRS_IRQHandler
                0x000000000800cef0                SPI1_IRQHandler
                0x000000000800cef0                TIM6_DAC_IRQHandler
                0x000000000800cef0                EXTI2_3_IRQHandler
                0x000000000800cef0                I2C2_IRQHandler
                0x000000000800cef0                TIM17_IRQHandler
                0x000000000800cef0                CEC_CAN_IRQHandler
                0x000000000800cef0                RTC_IRQHandler
                0x000000000800cef0                PVD_VDDIO2_IRQHandler
                0x000000000800cef0                TIM16_IRQHandler
                0x000000000800cef0                TIM3_IRQHandler
                0x000000000800cef0                EXTI4_15_IRQHandler
                0x000000000800cef0                Default_Handler
                0x000000000800cef0                TIM14_IRQHandler
                0x000000000800cef0                TIM7_IRQHandler
                0x000000000800cef0                TIM15_IRQHandler
                0x000000000800cef0                EXTI0_1_IRQHandler
                0x000000000800cef0                SPI2_IRQHandler
                0x000000000800cef0                WWDG_IRQHandler
                0x000000000800cef0                TIM2_IRQHandler
                0x000000000800cef0                FLASH_IRQHandler
                0x000000000800cef0                TIM1_BRK_UP_TRG_COM_IRQHandler
 *fill*         0x000000000800cef2        0x2 
 .text.SystemInit
                0x000000000800cef4       0x60 Thirdparty\CMSIS\STM32F0xx\Device\ST\STM32F0xx\Source\Templates\system_stm32f0xx.o
                0x000000000800cef4                SystemInit
 .text.osKernelStart
                0x000000000800cf54        0xc Thirdparty\Middleware\STM32F0xx\FreeRTOS\Source\CMSIS_RTOS\cmsis_os.o
                0x000000000800cf54                osKernelStart
 .text.osDelay  0x000000000800cf60       0x10 Thirdparty\Middleware\STM32F0xx\FreeRTOS\Source\CMSIS_RTOS\cmsis_os.o
                0x000000000800cf60                osDelay
 .text.osMutexRelease
                0x000000000800cf70       0x48 Thirdparty\Middleware\STM32F0xx\FreeRTOS\Source\CMSIS_RTOS\cmsis_os.o
                0x000000000800cf70                osMutexRelease
 .text.osSemaphoreCreate
                0x000000000800cfb8       0x2c Thirdparty\Middleware\STM32F0xx\FreeRTOS\Source\CMSIS_RTOS\cmsis_os.o
                0x000000000800cfb8                osSemaphoreCreate
 .text.osSemaphoreWait
                0x000000000800cfe4       0x54 Thirdparty\Middleware\STM32F0xx\FreeRTOS\Source\CMSIS_RTOS\cmsis_os.o
                0x000000000800cfe4                osSemaphoreWait
 .text.osSemaphoreRelease
                0x000000000800d038        0x8 Thirdparty\Middleware\STM32F0xx\FreeRTOS\Source\CMSIS_RTOS\cmsis_os.o
                0x000000000800d038                osSemaphoreRelease
 .text.osSystickHandler
                0x000000000800d040       0x10 Thirdparty\Middleware\STM32F0xx\FreeRTOS\Source\CMSIS_RTOS\cmsis_os.o
                0x000000000800d040                osSystickHandler
 .text.FreeRTOS_CLIRegisterCommand
                0x000000000800d050       0x30 Thirdparty\Middleware\STM32F0xx\FreeRTOS\Source\FreeRTOS_CLI.o
                0x000000000800d050                FreeRTOS_CLIRegisterCommand
 .text.FreeRTOS_CLIProcessCommand
                0x000000000800d080       0xf0 Thirdparty\Middleware\STM32F0xx\FreeRTOS\Source\FreeRTOS_CLI.o
                0x000000000800d080                FreeRTOS_CLIProcessCommand
 .text.FreeRTOS_CLIGetOutputBuffer
                0x000000000800d170        0x8 Thirdparty\Middleware\STM32F0xx\FreeRTOS\Source\FreeRTOS_CLI.o
                0x000000000800d170                FreeRTOS_CLIGetOutputBuffer
 .text.FreeRTOS_CLIGetParameter
                0x000000000800d178       0x54 Thirdparty\Middleware\STM32F0xx\FreeRTOS\Source\FreeRTOS_CLI.o
                0x000000000800d178                FreeRTOS_CLIGetParameter
 .text.prvHelpCommand
                0x000000000800d1cc      0x100 Thirdparty\Middleware\STM32F0xx\FreeRTOS\Source\FreeRTOS_CLI.o
 .text.vListInitialise
                0x000000000800d2cc       0x18 Thirdparty\Middleware\STM32F0xx\FreeRTOS\Source\list.o
                0x000000000800d2cc                vListInitialise
 .text.vListInitialiseItem
                0x000000000800d2e4        0x8 Thirdparty\Middleware\STM32F0xx\FreeRTOS\Source\list.o
                0x000000000800d2e4                vListInitialiseItem
 .text.vListInsertEnd
                0x000000000800d2ec       0x18 Thirdparty\Middleware\STM32F0xx\FreeRTOS\Source\list.o
                0x000000000800d2ec                vListInsertEnd
 .text.vListInsert
                0x000000000800d304       0x30 Thirdparty\Middleware\STM32F0xx\FreeRTOS\Source\list.o
                0x000000000800d304                vListInsert
 .text.uxListRemove
                0x000000000800d334       0x20 Thirdparty\Middleware\STM32F0xx\FreeRTOS\Source\list.o
                0x000000000800d334                uxListRemove
 .text.prvTaskExitError
                0x000000000800d354        0x4 Thirdparty\Middleware\STM32F0xx\FreeRTOS\Source\portable\GCC\ARM_CM0\port.o
 .text.vPortStartFirstTask
                0x000000000800d358       0x20 Thirdparty\Middleware\STM32F0xx\FreeRTOS\Source\portable\GCC\ARM_CM0\port.o
 .text.pxPortInitialiseStack
                0x000000000800d378       0x20 Thirdparty\Middleware\STM32F0xx\FreeRTOS\Source\portable\GCC\ARM_CM0\port.o
                0x000000000800d378                pxPortInitialiseStack
 .text.SVC_Handler
                0x000000000800d398        0x4 Thirdparty\Middleware\STM32F0xx\FreeRTOS\Source\portable\GCC\ARM_CM0\port.o
                0x000000000800d398                SVC_Handler
 .text.xPortStartScheduler
                0x000000000800d39c       0x54 Thirdparty\Middleware\STM32F0xx\FreeRTOS\Source\portable\GCC\ARM_CM0\port.o
                0x000000000800d39c                xPortStartScheduler
 .text.vPortYield
                0x000000000800d3f0       0x18 Thirdparty\Middleware\STM32F0xx\FreeRTOS\Source\portable\GCC\ARM_CM0\port.o
                0x000000000800d3f0                vPortYield
 .text.vPortEnterCritical
                0x000000000800d408       0x18 Thirdparty\Middleware\STM32F0xx\FreeRTOS\Source\portable\GCC\ARM_CM0\port.o
                0x000000000800d408                vPortEnterCritical
 .text.vPortExitCritical
                0x000000000800d420       0x14 Thirdparty\Middleware\STM32F0xx\FreeRTOS\Source\portable\GCC\ARM_CM0\port.o
                0x000000000800d420                vPortExitCritical
 .text.ulSetInterruptMaskFromISR
                0x000000000800d434        0xc Thirdparty\Middleware\STM32F0xx\FreeRTOS\Source\portable\GCC\ARM_CM0\port.o
                0x000000000800d434                ulSetInterruptMaskFromISR
 .text.vClearInterruptMaskFromISR
                0x000000000800d440        0x8 Thirdparty\Middleware\STM32F0xx\FreeRTOS\Source\portable\GCC\ARM_CM0\port.o
                0x000000000800d440                vClearInterruptMaskFromISR
 .text.PendSV_Handler
                0x000000000800d448       0x44 Thirdparty\Middleware\STM32F0xx\FreeRTOS\Source\portable\GCC\ARM_CM0\port.o
                0x000000000800d448                PendSV_Handler
 .text.xPortSysTickHandler
                0x000000000800d48c       0x24 Thirdparty\Middleware\STM32F0xx\FreeRTOS\Source\portable\GCC\ARM_CM0\port.o
                0x000000000800d48c                xPortSysTickHandler
 .text.prvInsertBlockIntoFreeList
                0x000000000800d4b0       0x4c Thirdparty\Middleware\STM32F0xx\FreeRTOS\Source\portable\MemMang\heap_4.o
 .text.pvPortMalloc
                0x000000000800d4fc       0xec Thirdparty\Middleware\STM32F0xx\FreeRTOS\Source\portable\MemMang\heap_4.o
                0x000000000800d4fc                pvPortMalloc
 .text.vPortFree
                0x000000000800d5e8       0x40 Thirdparty\Middleware\STM32F0xx\FreeRTOS\Source\portable\MemMang\heap_4.o
                0x000000000800d5e8                vPortFree
 .text.prvCopyDataToQueue
                0x000000000800d628       0x78 Thirdparty\Middleware\STM32F0xx\FreeRTOS\Source\queue.o
 .text.prvCopyDataFromQueue
                0x000000000800d6a0       0x24 Thirdparty\Middleware\STM32F0xx\FreeRTOS\Source\queue.o
 .text.prvUnlockQueue
                0x000000000800d6c4       0xa0 Thirdparty\Middleware\STM32F0xx\FreeRTOS\Source\queue.o
 .text.xQueueGenericReset
                0x000000000800d764       0x60 Thirdparty\Middleware\STM32F0xx\FreeRTOS\Source\queue.o
                0x000000000800d764                xQueueGenericReset
 .text.xQueueGenericCreate
                0x000000000800d7c4       0x44 Thirdparty\Middleware\STM32F0xx\FreeRTOS\Source\queue.o
                0x000000000800d7c4                xQueueGenericCreate
 .text.xQueueCreateCountingSemaphore
                0x000000000800d808       0x14 Thirdparty\Middleware\STM32F0xx\FreeRTOS\Source\queue.o
                0x000000000800d808                xQueueCreateCountingSemaphore
 .text.xQueueGenericSend
                0x000000000800d81c       0xf8 Thirdparty\Middleware\STM32F0xx\FreeRTOS\Source\queue.o
                0x000000000800d81c                xQueueGenericSend
 .text.xQueueGenericSendFromISR
                0x000000000800d914       0x70 Thirdparty\Middleware\STM32F0xx\FreeRTOS\Source\queue.o
                0x000000000800d914                xQueueGenericSendFromISR
 .text.xQueueGiveFromISR
                0x000000000800d984       0x54 Thirdparty\Middleware\STM32F0xx\FreeRTOS\Source\queue.o
                0x000000000800d984                xQueueGiveFromISR
 .text.xQueueGenericReceive
                0x000000000800d9d8      0x138 Thirdparty\Middleware\STM32F0xx\FreeRTOS\Source\queue.o
                0x000000000800d9d8                xQueueGenericReceive
 .text.xQueueReceiveFromISR
                0x000000000800db10       0x68 Thirdparty\Middleware\STM32F0xx\FreeRTOS\Source\queue.o
                0x000000000800db10                xQueueReceiveFromISR
 .text.vQueueAddToRegistry
                0x000000000800db78       0x24 Thirdparty\Middleware\STM32F0xx\FreeRTOS\Source\queue.o
                0x000000000800db78                vQueueAddToRegistry
 .text.vQueueWaitForMessageRestricted
                0x000000000800db9c       0x3c Thirdparty\Middleware\STM32F0xx\FreeRTOS\Source\queue.o
                0x000000000800db9c                vQueueWaitForMessageRestricted
 .text.prvWriteNameToBuffer
                0x000000000800dbd8       0x30 Thirdparty\Middleware\STM32F0xx\FreeRTOS\Source\tasks.o
 .text.prvListTaskWithinSingleList.part.1
                0x000000000800dc08       0xa8 Thirdparty\Middleware\STM32F0xx\FreeRTOS\Source\tasks.o
 .text.prvResetNextTaskUnblockTime.part.2
                0x000000000800dcb0       0x18 Thirdparty\Middleware\STM32F0xx\FreeRTOS\Source\tasks.o
 .text.prvAddCurrentTaskToDelayedList
                0x000000000800dcc8       0x3c Thirdparty\Middleware\STM32F0xx\FreeRTOS\Source\tasks.o
 .text.vTaskSwitchContext.part.5
                0x000000000800dd04       0xac Thirdparty\Middleware\STM32F0xx\FreeRTOS\Source\tasks.o
 .text.xTaskGenericCreate
                0x000000000800ddb0      0x1a4 Thirdparty\Middleware\STM32F0xx\FreeRTOS\Source\tasks.o
                0x000000000800ddb0                xTaskGenericCreate
 .text.uxTaskPriorityGet
                0x000000000800df54       0x20 Thirdparty\Middleware\STM32F0xx\FreeRTOS\Source\tasks.o
                0x000000000800df54                uxTaskPriorityGet
 .text.vTaskPrioritySet
                0x000000000800df74       0xac Thirdparty\Middleware\STM32F0xx\FreeRTOS\Source\tasks.o
                0x000000000800df74                vTaskPrioritySet
 .text.vTaskStartScheduler
                0x000000000800e020       0x50 Thirdparty\Middleware\STM32F0xx\FreeRTOS\Source\tasks.o
                0x000000000800e020                vTaskStartScheduler
 .text.vTaskSuspendAll
                0x000000000800e070       0x10 Thirdparty\Middleware\STM32F0xx\FreeRTOS\Source\tasks.o
                0x000000000800e070                vTaskSuspendAll
 .text.xTaskGetTickCount
                0x000000000800e080        0xc Thirdparty\Middleware\STM32F0xx\FreeRTOS\Source\tasks.o
                0x000000000800e080                xTaskGetTickCount
 .text.xTaskGetTickCountFromISR
                0x000000000800e08c        0xc Thirdparty\Middleware\STM32F0xx\FreeRTOS\Source\tasks.o
                0x000000000800e08c                xTaskGetTickCountFromISR
 .text.xTaskIncrementTick
                0x000000000800e098      0x114 Thirdparty\Middleware\STM32F0xx\FreeRTOS\Source\tasks.o
                0x000000000800e098                xTaskIncrementTick
 .text.xTaskResumeAll
                0x000000000800e1ac       0xbc Thirdparty\Middleware\STM32F0xx\FreeRTOS\Source\tasks.o
                0x000000000800e1ac                xTaskResumeAll
 .text.vTaskDelay
                0x000000000800e268       0x38 Thirdparty\Middleware\STM32F0xx\FreeRTOS\Source\tasks.o
                0x000000000800e268                vTaskDelay
 .text.prvIdleTask
                0x000000000800e2a0       0x64 Thirdparty\Middleware\STM32F0xx\FreeRTOS\Source\tasks.o
 .text.uxTaskGetSystemState
                0x000000000800e304       0xe4 Thirdparty\Middleware\STM32F0xx\FreeRTOS\Source\tasks.o
                0x000000000800e304                uxTaskGetSystemState
 .text.vTaskSwitchContext
                0x000000000800e3e8       0x20 Thirdparty\Middleware\STM32F0xx\FreeRTOS\Source\tasks.o
                0x000000000800e3e8                vTaskSwitchContext
 .text.vTaskPlaceOnEventList
                0x000000000800e408       0x38 Thirdparty\Middleware\STM32F0xx\FreeRTOS\Source\tasks.o
                0x000000000800e408                vTaskPlaceOnEventList
 .text.vTaskPlaceOnEventListRestricted
                0x000000000800e440       0x24 Thirdparty\Middleware\STM32F0xx\FreeRTOS\Source\tasks.o
                0x000000000800e440                vTaskPlaceOnEventListRestricted
 .text.xTaskRemoveFromEventList
                0x000000000800e464       0x6c Thirdparty\Middleware\STM32F0xx\FreeRTOS\Source\tasks.o
                0x000000000800e464                xTaskRemoveFromEventList
 .text.vTaskSetTimeOutState
                0x000000000800e4d0       0x18 Thirdparty\Middleware\STM32F0xx\FreeRTOS\Source\tasks.o
                0x000000000800e4d0                vTaskSetTimeOutState
 .text.xTaskCheckForTimeOut
                0x000000000800e4e8       0x58 Thirdparty\Middleware\STM32F0xx\FreeRTOS\Source\tasks.o
                0x000000000800e4e8                xTaskCheckForTimeOut
 .text.vTaskMissedYield
                0x000000000800e540        0xc Thirdparty\Middleware\STM32F0xx\FreeRTOS\Source\tasks.o
                0x000000000800e540                vTaskMissedYield
 .text.xTaskGetSchedulerState
                0x000000000800e54c       0x18 Thirdparty\Middleware\STM32F0xx\FreeRTOS\Source\tasks.o
                0x000000000800e54c                xTaskGetSchedulerState
 .text.vTaskPriorityInherit
                0x000000000800e564       0x68 Thirdparty\Middleware\STM32F0xx\FreeRTOS\Source\tasks.o
                0x000000000800e564                vTaskPriorityInherit
 .text.xTaskPriorityDisinherit
                0x000000000800e5cc       0x54 Thirdparty\Middleware\STM32F0xx\FreeRTOS\Source\tasks.o
                0x000000000800e5cc                xTaskPriorityDisinherit
 .text.vTaskList
                0x000000000800e620       0xb4 Thirdparty\Middleware\STM32F0xx\FreeRTOS\Source\tasks.o
                0x000000000800e620                vTaskList
 .text.vTaskGetRunTimeStats
                0x000000000800e6d4       0xb8 Thirdparty\Middleware\STM32F0xx\FreeRTOS\Source\tasks.o
                0x000000000800e6d4                vTaskGetRunTimeStats
 .text.pvTaskIncrementMutexHeldCount
                0x000000000800e78c       0x18 Thirdparty\Middleware\STM32F0xx\FreeRTOS\Source\tasks.o
                0x000000000800e78c                pvTaskIncrementMutexHeldCount
 .text.ulTaskNotifyTake
                0x000000000800e7a4       0x80 Thirdparty\Middleware\STM32F0xx\FreeRTOS\Source\tasks.o
                0x000000000800e7a4                ulTaskNotifyTake
 .text.xTaskGenericNotify
                0x000000000800e824       0x98 Thirdparty\Middleware\STM32F0xx\FreeRTOS\Source\tasks.o
                0x000000000800e824                xTaskGenericNotify
 .text.prvCheckForValidListAndQueue
                0x000000000800e8bc       0x4c Thirdparty\Middleware\STM32F0xx\FreeRTOS\Source\timers.o
 .text.prvInsertTimerInActiveList
                0x000000000800e908       0x44 Thirdparty\Middleware\STM32F0xx\FreeRTOS\Source\timers.o
 .text.xTimerCreateTimerTask
                0x000000000800e94c       0x38 Thirdparty\Middleware\STM32F0xx\FreeRTOS\Source\timers.o
                0x000000000800e94c                xTimerCreateTimerTask
 .text.xTimerCreate
                0x000000000800e984       0x40 Thirdparty\Middleware\STM32F0xx\FreeRTOS\Source\timers.o
                0x000000000800e984                xTimerCreate
 .text.xTimerGenericCommand
                0x000000000800e9c4       0x54 Thirdparty\Middleware\STM32F0xx\FreeRTOS\Source\timers.o
                0x000000000800e9c4                xTimerGenericCommand
 .text.prvSwitchTimerLists
                0x000000000800ea18       0x6c Thirdparty\Middleware\STM32F0xx\FreeRTOS\Source\timers.o
 .text.prvTimerTask
                0x000000000800ea84      0x1a0 Thirdparty\Middleware\STM32F0xx\FreeRTOS\Source\timers.o
 .text.pvTimerGetTimerID
                0x000000000800ec24       0x14 Thirdparty\Middleware\STM32F0xx\FreeRTOS\Source\timers.o
                0x000000000800ec24                pvTimerGetTimerID
 .text.HAL_InitTick
                0x000000000800ec38       0x24 Thirdparty\STM32F0xx_HAL_Driver\Src\stm32f0xx_hal.o
                0x000000000800ec38                HAL_InitTick
 .text.HAL_Init
                0x000000000800ec5c       0x20 Thirdparty\STM32F0xx_HAL_Driver\Src\stm32f0xx_hal.o
                0x000000000800ec5c                HAL_Init
 .text.HAL_IncTick
                0x000000000800ec7c       0x10 Thirdparty\STM32F0xx_HAL_Driver\Src\stm32f0xx_hal.o
                0x000000000800ec7c                HAL_IncTick
 .text.HAL_GetTick
                0x000000000800ec8c        0xc Thirdparty\STM32F0xx_HAL_Driver\Src\stm32f0xx_hal.o
                0x000000000800ec8c                HAL_GetTick
 .text.HAL_Delay
                0x000000000800ec98       0x1c Thirdparty\STM32F0xx_HAL_Driver\Src\stm32f0xx_hal.o
                0x000000000800ec98                HAL_Delay
 .text.HAL_GetREVID
                0x000000000800ecb4        0xc Thirdparty\STM32F0xx_HAL_Driver\Src\stm32f0xx_hal.o
                0x000000000800ecb4                HAL_GetREVID
 .text.HAL_GetDEVID
                0x000000000800ecc0       0x10 Thirdparty\STM32F0xx_HAL_Driver\Src\stm32f0xx_hal.o
                0x000000000800ecc0                HAL_GetDEVID
 .text.ADC_Disable
                0x000000000800ecd0       0x7c Thirdparty\STM32F0xx_HAL_Driver\Src\stm32f0xx_hal_adc.o
 .text.ADC_Enable
                0x000000000800ed4c       0xa8 Thirdparty\STM32F0xx_HAL_Driver\Src\stm32f0xx_hal_adc.o
 .text.ADC_ConversionStop
                0x000000000800edf4       0x58 Thirdparty\STM32F0xx_HAL_Driver\Src\stm32f0xx_hal_adc.o
 .text.HAL_ADC_Init
                0x000000000800ee4c      0x144 Thirdparty\STM32F0xx_HAL_Driver\Src\stm32f0xx_hal_adc.o
                0x000000000800ee4c                HAL_ADC_Init
 .text.HAL_ADC_Start
                0x000000000800ef90       0x58 Thirdparty\STM32F0xx_HAL_Driver\Src\stm32f0xx_hal_adc.o
                0x000000000800ef90                HAL_ADC_Start
 .text.HAL_ADC_Stop
                0x000000000800efe8       0x40 Thirdparty\STM32F0xx_HAL_Driver\Src\stm32f0xx_hal_adc.o
                0x000000000800efe8                HAL_ADC_Stop
 .text.HAL_ADC_PollForConversion
                0x000000000800f028       0xc8 Thirdparty\STM32F0xx_HAL_Driver\Src\stm32f0xx_hal_adc.o
                0x000000000800f028                HAL_ADC_PollForConversion
 .text.HAL_ADC_GetValue
                0x000000000800f0f0        0xc Thirdparty\STM32F0xx_HAL_Driver\Src\stm32f0xx_hal_adc.o
                0x000000000800f0f0                HAL_ADC_GetValue
 .text.HAL_ADC_ConfigChannel
                0x000000000800f0fc      0x120 Thirdparty\STM32F0xx_HAL_Driver\Src\stm32f0xx_hal_adc.o
                0x000000000800f0fc                HAL_ADC_ConfigChannel
 .text.HAL_NVIC_SetPriority
                0x000000000800f21c       0x58 Thirdparty\STM32F0xx_HAL_Driver\Src\stm32f0xx_hal_cortex.o
                0x000000000800f21c                HAL_NVIC_SetPriority
 .text.HAL_NVIC_EnableIRQ
                0x000000000800f274       0x14 Thirdparty\STM32F0xx_HAL_Driver\Src\stm32f0xx_hal_cortex.o
                0x000000000800f274                HAL_NVIC_EnableIRQ
 .text.HAL_NVIC_DisableIRQ
                0x000000000800f288       0x14 Thirdparty\STM32F0xx_HAL_Driver\Src\stm32f0xx_hal_cortex.o
                0x000000000800f288                HAL_NVIC_DisableIRQ
 .text.HAL_SYSTICK_Config
                0x000000000800f29c       0x38 Thirdparty\STM32F0xx_HAL_Driver\Src\stm32f0xx_hal_cortex.o
                0x000000000800f29c                HAL_SYSTICK_Config
 .text.HAL_SYSTICK_CLKSourceConfig
                0x000000000800f2d4       0x1c Thirdparty\STM32F0xx_HAL_Driver\Src\stm32f0xx_hal_cortex.o
                0x000000000800f2d4                HAL_SYSTICK_CLKSourceConfig
 .text.CRC_Handle_8
                0x000000000800f2f0       0x6c Thirdparty\STM32F0xx_HAL_Driver\Src\stm32f0xx_hal_crc.o
 .text.CRC_Handle_16
                0x000000000800f35c       0x2c Thirdparty\STM32F0xx_HAL_Driver\Src\stm32f0xx_hal_crc.o
 .text.HAL_CRC_Init
                0x000000000800f388       0x68 Thirdparty\STM32F0xx_HAL_Driver\Src\stm32f0xx_hal_crc.o
                0x000000000800f388                HAL_CRC_Init
 .text.HAL_CRC_Accumulate
                0x000000000800f3f0       0x54 Thirdparty\STM32F0xx_HAL_Driver\Src\stm32f0xx_hal_crc.o
                0x000000000800f3f0                HAL_CRC_Accumulate
 .text.HAL_CRC_Calculate
                0x000000000800f444       0x5c Thirdparty\STM32F0xx_HAL_Driver\Src\stm32f0xx_hal_crc.o
                0x000000000800f444                HAL_CRC_Calculate
 .text.HAL_CRCEx_Polynomial_Set
                0x000000000800f4a0       0x5c Thirdparty\STM32F0xx_HAL_Driver\Src\stm32f0xx_hal_crc_ex.o
                0x000000000800f4a0                HAL_CRCEx_Polynomial_Set
 .text.HAL_CRCEx_Init
                0x000000000800f4fc       0x30 Thirdparty\STM32F0xx_HAL_Driver\Src\stm32f0xx_hal_crc_ex.o
                0x000000000800f4fc                HAL_CRCEx_Init
 .text.HAL_DMA_Init
                0x000000000800f52c       0x58 Thirdparty\STM32F0xx_HAL_Driver\Src\stm32f0xx_hal_dma.o
                0x000000000800f52c                HAL_DMA_Init
 .text.HAL_DMA_Start_IT
                0x000000000800f584       0x58 Thirdparty\STM32F0xx_HAL_Driver\Src\stm32f0xx_hal_dma.o
                0x000000000800f584                HAL_DMA_Start_IT
 .text.HAL_DMA_Abort
                0x000000000800f5dc       0x50 Thirdparty\STM32F0xx_HAL_Driver\Src\stm32f0xx_hal_dma.o
                0x000000000800f5dc                HAL_DMA_Abort
 .text.HAL_DMA_IRQHandler
                0x000000000800f62c      0x940 Thirdparty\STM32F0xx_HAL_Driver\Src\stm32f0xx_hal_dma.o
                0x000000000800f62c                HAL_DMA_IRQHandler
 .text.HAL_FLASH_Unlock
                0x000000000800ff6c       0x24 Thirdparty\STM32F0xx_HAL_Driver\Src\stm32f0xx_hal_flash.o
                0x000000000800ff6c                HAL_FLASH_Unlock
 .text.HAL_FLASH_Lock
                0x000000000800ff90       0x14 Thirdparty\STM32F0xx_HAL_Driver\Src\stm32f0xx_hal_flash.o
                0x000000000800ff90                HAL_FLASH_Lock
 .text.FLASH_WaitForLastOperation
                0x000000000800ffa4       0x88 Thirdparty\STM32F0xx_HAL_Driver\Src\stm32f0xx_hal_flash.o
                0x000000000800ffa4                FLASH_WaitForLastOperation
 .text.HAL_FLASH_Program
                0x000000000801002c       0xc8 Thirdparty\STM32F0xx_HAL_Driver\Src\stm32f0xx_hal_flash.o
                0x000000000801002c                HAL_FLASH_Program
 .text.HAL_FLASHEx_Erase
                0x00000000080100f4       0xd8 Thirdparty\STM32F0xx_HAL_Driver\Src\stm32f0xx_hal_flash_ex.o
                0x00000000080100f4                HAL_FLASHEx_Erase
 .text.FLASH_PageErase
                0x00000000080101cc       0x24 Thirdparty\STM32F0xx_HAL_Driver\Src\stm32f0xx_hal_flash_ex.o
                0x00000000080101cc                FLASH_PageErase
 .text.HAL_GPIO_Init
                0x00000000080101f0      0x1f8 Thirdparty\STM32F0xx_HAL_Driver\Src\stm32f0xx_hal_gpio.o
                0x00000000080101f0                HAL_GPIO_Init
 .text.HAL_GPIO_DeInit
                0x00000000080103e8      0x13c Thirdparty\STM32F0xx_HAL_Driver\Src\stm32f0xx_hal_gpio.o
                0x00000000080103e8                HAL_GPIO_DeInit
 .text.HAL_GPIO_ReadPin
                0x0000000008010524        0xc Thirdparty\STM32F0xx_HAL_Driver\Src\stm32f0xx_hal_gpio.o
                0x0000000008010524                HAL_GPIO_ReadPin
 .text.HAL_GPIO_WritePin
                0x0000000008010530        0xc Thirdparty\STM32F0xx_HAL_Driver\Src\stm32f0xx_hal_gpio.o
                0x0000000008010530                HAL_GPIO_WritePin
 .text.HAL_GPIO_TogglePin
                0x000000000801053c        0x8 Thirdparty\STM32F0xx_HAL_Driver\Src\stm32f0xx_hal_gpio.o
                0x000000000801053c                HAL_GPIO_TogglePin
 .text.HAL_MspInit
                0x0000000008010544        0x4 Thirdparty\STM32F0xx_HAL_Driver\Src\stm32f0xx_hal_msp_template.o
                0x0000000008010544                HAL_MspInit
 .text.HAL_PWR_EnableBkUpAccess
                0x0000000008010548       0x14 Thirdparty\STM32F0xx_HAL_Driver\Src\stm32f0xx_hal_pwr.o
                0x0000000008010548                HAL_PWR_EnableBkUpAccess
 .text.HAL_RCC_OscConfig
                0x000000000801055c      0x544 Thirdparty\STM32F0xx_HAL_Driver\Src\stm32f0xx_hal_rcc.o
                0x000000000801055c                HAL_RCC_OscConfig
 .text.HAL_RCC_ClockConfig
                0x0000000008010aa0      0x230 Thirdparty\STM32F0xx_HAL_Driver\Src\stm32f0xx_hal_rcc.o
                0x0000000008010aa0                HAL_RCC_ClockConfig
 .text.HAL_RCC_GetSysClockFreq
                0x0000000008010cd0       0x8c Thirdparty\STM32F0xx_HAL_Driver\Src\stm32f0xx_hal_rcc.o
                0x0000000008010cd0                HAL_RCC_GetSysClockFreq
 .text.HAL_RCC_GetHCLKFreq
                0x0000000008010d5c       0x28 Thirdparty\STM32F0xx_HAL_Driver\Src\stm32f0xx_hal_rcc.o
                0x0000000008010d5c                HAL_RCC_GetHCLKFreq
 .text.HAL_RCC_GetPCLK1Freq
                0x0000000008010d84       0x34 Thirdparty\STM32F0xx_HAL_Driver\Src\stm32f0xx_hal_rcc.o
                0x0000000008010d84                HAL_RCC_GetPCLK1Freq
 .text.HAL_RCCEx_PeriphCLKConfig
                0x0000000008010db8      0x128 Thirdparty\STM32F0xx_HAL_Driver\Src\stm32f0xx_hal_rcc_ex.o
                0x0000000008010db8                HAL_RCCEx_PeriphCLKConfig
 .text.HAL_RTC_MspInit
                0x0000000008010ee0        0x4 Thirdparty\STM32F0xx_HAL_Driver\Src\stm32f0xx_hal_rtc.o
                0x0000000008010ee0                HAL_RTC_MspInit
 .text.HAL_RTC_GetTime
                0x0000000008010ee4       0x60 Thirdparty\STM32F0xx_HAL_Driver\Src\stm32f0xx_hal_rtc.o
                0x0000000008010ee4                HAL_RTC_GetTime
 .text.HAL_RTC_GetDate
                0x0000000008010f44       0x5c Thirdparty\STM32F0xx_HAL_Driver\Src\stm32f0xx_hal_rtc.o
                0x0000000008010f44                HAL_RTC_GetDate
 .text.HAL_RTC_WaitForSynchro
                0x0000000008010fa0       0x38 Thirdparty\STM32F0xx_HAL_Driver\Src\stm32f0xx_hal_rtc.o
                0x0000000008010fa0                HAL_RTC_WaitForSynchro
 .text.RTC_EnterInitMode
                0x0000000008010fd8       0x3c Thirdparty\STM32F0xx_HAL_Driver\Src\stm32f0xx_hal_rtc.o
                0x0000000008010fd8                RTC_EnterInitMode
 .text.HAL_RTC_Init
                0x0000000008011014       0x90 Thirdparty\STM32F0xx_HAL_Driver\Src\stm32f0xx_hal_rtc.o
                0x0000000008011014                HAL_RTC_Init
 .text.HAL_RTC_SetTime
                0x00000000080110a4      0x128 Thirdparty\STM32F0xx_HAL_Driver\Src\stm32f0xx_hal_rtc.o
                0x00000000080110a4                HAL_RTC_SetTime
 .text.HAL_RTC_SetDate
                0x00000000080111cc       0xf8 Thirdparty\STM32F0xx_HAL_Driver\Src\stm32f0xx_hal_rtc.o
                0x00000000080111cc                HAL_RTC_SetDate
 .text.HAL_RTCEx_BKUPWrite
                0x00000000080112c4        0xc Thirdparty\STM32F0xx_HAL_Driver\Src\stm32f0xx_hal_rtc_ex.o
                0x00000000080112c4                HAL_RTCEx_BKUPWrite
 .text.HAL_RTCEx_BKUPRead
                0x00000000080112d0        0xc Thirdparty\STM32F0xx_HAL_Driver\Src\stm32f0xx_hal_rtc_ex.o
                0x00000000080112d0                HAL_RTCEx_BKUPRead
 .text.HAL_TIM_Base_MspInit
                0x00000000080112dc        0x4 Thirdparty\STM32F0xx_HAL_Driver\Src\stm32f0xx_hal_tim.o
                0x00000000080112dc                HAL_TIM_Base_MspInit
 .text.HAL_TIM_Base_Start
                0x00000000080112e0       0x18 Thirdparty\STM32F0xx_HAL_Driver\Src\stm32f0xx_hal_tim.o
                0x00000000080112e0                HAL_TIM_Base_Start
 .text.TIM_Base_SetConfig
                0x00000000080112f8       0xa8 Thirdparty\STM32F0xx_HAL_Driver\Src\stm32f0xx_hal_tim.o
                0x00000000080112f8                TIM_Base_SetConfig
 .text.HAL_TIM_Base_Init
                0x00000000080113a0       0x34 Thirdparty\STM32F0xx_HAL_Driver\Src\stm32f0xx_hal_tim.o
                0x00000000080113a0                HAL_TIM_Base_Init
 .text.HAL_TIMEx_MasterConfigSynchronization
                0x00000000080113d4       0x44 Thirdparty\STM32F0xx_HAL_Driver\Src\stm32f0xx_hal_tim_ex.o
                0x00000000080113d4                HAL_TIMEx_MasterConfigSynchronization
 .text.HAL_UART_MspDeInit
                0x0000000008011418        0x4 Thirdparty\STM32F0xx_HAL_Driver\Src\stm32f0xx_hal_uart.o
                0x0000000008011418                HAL_UART_MspDeInit
 .text.HAL_UART_DeInit
                0x000000000801141c       0x34 Thirdparty\STM32F0xx_HAL_Driver\Src\stm32f0xx_hal_uart.o
                0x000000000801141c                HAL_UART_DeInit
 .text.HAL_UART_Transmit_IT
                0x0000000008011450       0x68 Thirdparty\STM32F0xx_HAL_Driver\Src\stm32f0xx_hal_uart.o
                0x0000000008011450                HAL_UART_Transmit_IT
 .text.HAL_UART_Receive_IT
                0x00000000080114b8       0xbc Thirdparty\STM32F0xx_HAL_Driver\Src\stm32f0xx_hal_uart.o
                0x00000000080114b8                HAL_UART_Receive_IT
 .text.HAL_UART_Receive_DMA
                0x0000000008011574       0x84 Thirdparty\STM32F0xx_HAL_Driver\Src\stm32f0xx_hal_uart.o
                0x0000000008011574                HAL_UART_Receive_DMA
 .text.UART_DMAReceiveCplt
                0x00000000080115f8       0x38 Thirdparty\STM32F0xx_HAL_Driver\Src\stm32f0xx_hal_uart.o
 .text.HAL_UART_RxHalfCpltCallback
                0x0000000008011630        0x4 Thirdparty\STM32F0xx_HAL_Driver\Src\stm32f0xx_hal_uart.o
                0x0000000008011630                HAL_UART_RxHalfCpltCallback
 .text.UART_DMARxHalfCplt
                0x0000000008011634        0xc Thirdparty\STM32F0xx_HAL_Driver\Src\stm32f0xx_hal_uart.o
 .text.UART_DMAError
                0x0000000008011640       0x24 Thirdparty\STM32F0xx_HAL_Driver\Src\stm32f0xx_hal_uart.o
 .text.UART_SetConfig
                0x0000000008011664      0x1d8 Thirdparty\STM32F0xx_HAL_Driver\Src\stm32f0xx_hal_uart.o
                0x0000000008011664                UART_SetConfig
 .text.UART_AdvFeatureConfig
                0x000000000801183c       0xd0 Thirdparty\STM32F0xx_HAL_Driver\Src\stm32f0xx_hal_uart.o
                0x000000000801183c                UART_AdvFeatureConfig
 .text.UART_WaitOnFlagUntilTimeout
                0x000000000801190c       0x98 Thirdparty\STM32F0xx_HAL_Driver\Src\stm32f0xx_hal_uart.o
                0x000000000801190c                UART_WaitOnFlagUntilTimeout
 .text.HAL_UART_Transmit
                0x00000000080119a4       0xc8 Thirdparty\STM32F0xx_HAL_Driver\Src\stm32f0xx_hal_uart.o
                0x00000000080119a4                HAL_UART_Transmit
 .text.UART_CheckIdleState
                0x0000000008011a6c       0x7c Thirdparty\STM32F0xx_HAL_Driver\Src\stm32f0xx_hal_uart.o
                0x0000000008011a6c                UART_CheckIdleState
 .text.HAL_UART_Init
                0x0000000008011ae8       0x6c Thirdparty\STM32F0xx_HAL_Driver\Src\stm32f0xx_hal_uart.o
                0x0000000008011ae8                HAL_UART_Init
 .text.UART_Transmit_IT
                0x0000000008011b54       0x64 Thirdparty\STM32F0xx_HAL_Driver\Src\stm32f0xx_hal_uart.o
                0x0000000008011b54                UART_Transmit_IT
 .text.UART_EndTransmit_IT
                0x0000000008011bb8       0x2c Thirdparty\STM32F0xx_HAL_Driver\Src\stm32f0xx_hal_uart.o
                0x0000000008011bb8                UART_EndTransmit_IT
 .text.UART_Receive_IT
                0x0000000008011be4       0x8c Thirdparty\STM32F0xx_HAL_Driver\Src\stm32f0xx_hal_uart.o
                0x0000000008011be4                UART_Receive_IT
 .text.HAL_UARTEx_WakeupCallback
                0x0000000008011c70        0x4 Thirdparty\STM32F0xx_HAL_Driver\Src\stm32f0xx_hal_uart_ex.o
                0x0000000008011c70                HAL_UARTEx_WakeupCallback
 .text.HAL_UART_IRQHandler
                0x0000000008011c74      0x108 Thirdparty\STM32F0xx_HAL_Driver\Src\stm32f0xx_hal_uart_ex.o
                0x0000000008011c74                HAL_UART_IRQHandler
 .text.startup.main
                0x0000000008011d7c        0x8 User\main.o
                0x0000000008011d7c                main
 .text.UserTask
                0x0000000008011d84        0x4 User\main.o
                0x0000000008011d84                UserTask
 .text.atof     0x0000000008011d88        0xa c:/st/stm32cubeide_1.5.1/stm32cubeide/plugins/com.st.stm32cube.ide.mcu.externaltools.gnu-tools-for-stm32.7-2018-q2-update.win32_1.5.0.202011040924/tools/bin/../lib/gcc/arm-none-eabi/7.3.1/../../../../arm-none-eabi/lib/thumb/v6-m\libc.a(lib_a-atof.o)
                0x0000000008011d88                atof
 .text.atoi     0x0000000008011d92        0xc c:/st/stm32cubeide_1.5.1/stm32cubeide/plugins/com.st.stm32cube.ide.mcu.externaltools.gnu-tools-for-stm32.7-2018-q2-update.win32_1.5.0.202011040924/tools/bin/../lib/gcc/arm-none-eabi/7.3.1/../../../../arm-none-eabi/lib/thumb/v6-m\libc.a(lib_a-atoi.o)
                0x0000000008011d92                atoi
 .text.atol     0x0000000008011d9e        0xc c:/st/stm32cubeide_1.5.1/stm32cubeide/plugins/com.st.stm32cube.ide.mcu.externaltools.gnu-tools-for-stm32.7-2018-q2-update.win32_1.5.0.202011040924/tools/bin/../lib/gcc/arm-none-eabi/7.3.1/../../../../arm-none-eabi/lib/thumb/v6-m\libc.a(lib_a-atol.o)
                0x0000000008011d9e                atol
 *fill*         0x0000000008011daa        0x2 
 .text.calloc   0x0000000008011dac       0x14 c:/st/stm32cubeide_1.5.1/stm32cubeide/plugins/com.st.stm32cube.ide.mcu.externaltools.gnu-tools-for-stm32.7-2018-q2-update.win32_1.5.0.202011040924/tools/bin/../lib/gcc/arm-none-eabi/7.3.1/../../../../arm-none-eabi/lib/thumb/v6-m\libc.a(lib_a-calloc.o)
                0x0000000008011dac                calloc
 .text._calloc_r
                0x0000000008011dc0       0x58 c:/st/stm32cubeide_1.5.1/stm32cubeide/plugins/com.st.stm32cube.ide.mcu.externaltools.gnu-tools-for-stm32.7-2018-q2-update.win32_1.5.0.202011040924/tools/bin/../lib/gcc/arm-none-eabi/7.3.1/../../../../arm-none-eabi/lib/thumb/v6-m\libc.a(lib_a-callocr.o)
                0x0000000008011dc0                _calloc_r
 .text.__libc_init_array
                0x0000000008011e18       0x48 c:/st/stm32cubeide_1.5.1/stm32cubeide/plugins/com.st.stm32cube.ide.mcu.externaltools.gnu-tools-for-stm32.7-2018-q2-update.win32_1.5.0.202011040924/tools/bin/../lib/gcc/arm-none-eabi/7.3.1/../../../../arm-none-eabi/lib/thumb/v6-m\libc.a(lib_a-init.o)
                0x0000000008011e18                __libc_init_array
 .text.__locale_ctype_ptr_l
                0x0000000008011e60        0x6 c:/st/stm32cubeide_1.5.1/stm32cubeide/plugins/com.st.stm32cube.ide.mcu.externaltools.gnu-tools-for-stm32.7-2018-q2-update.win32_1.5.0.202011040924/tools/bin/../lib/gcc/arm-none-eabi/7.3.1/../../../../arm-none-eabi/lib/thumb/v6-m\libc.a(lib_a-locale.o)
                0x0000000008011e60                __locale_ctype_ptr_l
 *fill*         0x0000000008011e66        0x2 
 .text.__locale_ctype_ptr
                0x0000000008011e68       0x1c c:/st/stm32cubeide_1.5.1/stm32cubeide/plugins/com.st.stm32cube.ide.mcu.externaltools.gnu-tools-for-stm32.7-2018-q2-update.win32_1.5.0.202011040924/tools/bin/../lib/gcc/arm-none-eabi/7.3.1/../../../../arm-none-eabi/lib/thumb/v6-m\libc.a(lib_a-locale.o)
                0x0000000008011e68                __locale_ctype_ptr
 .text.malloc   0x0000000008011e84       0x14 c:/st/stm32cubeide_1.5.1/stm32cubeide/plugins/com.st.stm32cube.ide.mcu.externaltools.gnu-tools-for-stm32.7-2018-q2-update.win32_1.5.0.202011040924/tools/bin/../lib/gcc/arm-none-eabi/7.3.1/../../../../arm-none-eabi/lib/thumb/v6-m\libc.a(lib_a-malloc.o)
                0x0000000008011e84                malloc
 .text.free     0x0000000008011e98       0x14 c:/st/stm32cubeide_1.5.1/stm32cubeide/plugins/com.st.stm32cube.ide.mcu.externaltools.gnu-tools-for-stm32.7-2018-q2-update.win32_1.5.0.202011040924/tools/bin/../lib/gcc/arm-none-eabi/7.3.1/../../../../arm-none-eabi/lib/thumb/v6-m\libc.a(lib_a-malloc.o)
                0x0000000008011e98                free
 .text._malloc_r
                0x0000000008011eac      0x430 c:/st/stm32cubeide_1.5.1/stm32cubeide/plugins/com.st.stm32cube.ide.mcu.externaltools.gnu-tools-for-stm32.7-2018-q2-update.win32_1.5.0.202011040924/tools/bin/../lib/gcc/arm-none-eabi/7.3.1/../../../../arm-none-eabi/lib/thumb/v6-m\libc.a(lib_a-mallocr.o)
                0x0000000008011eac                _malloc_r
 .text.__ascii_mbtowc
                0x00000000080122dc       0x24 c:/st/stm32cubeide_1.5.1/stm32cubeide/plugins/com.st.stm32cube.ide.mcu.externaltools.gnu-tools-for-stm32.7-2018-q2-update.win32_1.5.0.202011040924/tools/bin/../lib/gcc/arm-none-eabi/7.3.1/../../../../arm-none-eabi/lib/thumb/v6-m\libc.a(lib_a-mbtowc_r.o)
                0x00000000080122dc                __ascii_mbtowc
 .text.memcmp   0x0000000008012300       0x1e c:/st/stm32cubeide_1.5.1/stm32cubeide/plugins/com.st.stm32cube.ide.mcu.externaltools.gnu-tools-for-stm32.7-2018-q2-update.win32_1.5.0.202011040924/tools/bin/../lib/gcc/arm-none-eabi/7.3.1/../../../../arm-none-eabi/lib/thumb/v6-m\libc.a(lib_a-memcmp.o)
                0x0000000008012300                memcmp
 .text.memcpy   0x000000000801231e       0x12 c:/st/stm32cubeide_1.5.1/stm32cubeide/plugins/com.st.stm32cube.ide.mcu.externaltools.gnu-tools-for-stm32.7-2018-q2-update.win32_1.5.0.202011040924/tools/bin/../lib/gcc/arm-none-eabi/7.3.1/../../../../arm-none-eabi/lib/thumb/v6-m\libc.a(lib_a-memcpy-stub.o)
                0x000000000801231e                memcpy
 .text.memset   0x0000000008012330       0x10 c:/st/stm32cubeide_1.5.1/stm32cubeide/plugins/com.st.stm32cube.ide.mcu.externaltools.gnu-tools-for-stm32.7-2018-q2-update.win32_1.5.0.202011040924/tools/bin/../lib/gcc/arm-none-eabi/7.3.1/../../../../arm-none-eabi/lib/thumb/v6-m\libc.a(lib_a-memset.o)
                0x0000000008012330                memset
 .text.__malloc_lock
                0x0000000008012340       0x10 c:/st/stm32cubeide_1.5.1/stm32cubeide/plugins/com.st.stm32cube.ide.mcu.externaltools.gnu-tools-for-stm32.7-2018-q2-update.win32_1.5.0.202011040924/tools/bin/../lib/gcc/arm-none-eabi/7.3.1/../../../../arm-none-eabi/lib/thumb/v6-m\libc.a(lib_a-mlock.o)
                0x0000000008012340                __malloc_lock
 .text.__malloc_unlock
                0x0000000008012350       0x10 c:/st/stm32cubeide_1.5.1/stm32cubeide/plugins/com.st.stm32cube.ide.mcu.externaltools.gnu-tools-for-stm32.7-2018-q2-update.win32_1.5.0.202011040924/tools/bin/../lib/gcc/arm-none-eabi/7.3.1/../../../../arm-none-eabi/lib/thumb/v6-m\libc.a(lib_a-mlock.o)
                0x0000000008012350                __malloc_unlock
 .text.rand     0x0000000008012360       0x34 c:/st/stm32cubeide_1.5.1/stm32cubeide/plugins/com.st.stm32cube.ide.mcu.externaltools.gnu-tools-for-stm32.7-2018-q2-update.win32_1.5.0.202011040924/tools/bin/../lib/gcc/arm-none-eabi/7.3.1/../../../../arm-none-eabi/lib/thumb/v6-m\libc.a(lib_a-rand.o)
                0x0000000008012360                rand
 .text.realloc  0x0000000008012394       0x14 c:/st/stm32cubeide_1.5.1/stm32cubeide/plugins/com.st.stm32cube.ide.mcu.externaltools.gnu-tools-for-stm32.7-2018-q2-update.win32_1.5.0.202011040924/tools/bin/../lib/gcc/arm-none-eabi/7.3.1/../../../../arm-none-eabi/lib/thumb/v6-m\libc.a(lib_a-realloc.o)
                0x0000000008012394                realloc
 .text._realloc_r
                0x00000000080123a8      0x358 c:/st/stm32cubeide_1.5.1/stm32cubeide/plugins/com.st.stm32cube.ide.mcu.externaltools.gnu-tools-for-stm32.7-2018-q2-update.win32_1.5.0.202011040924/tools/bin/../lib/gcc/arm-none-eabi/7.3.1/../../../../arm-none-eabi/lib/thumb/v6-m\libc.a(lib_a-reallocr.o)
                0x00000000080123a8                _realloc_r
 .text._sbrk_r  0x0000000008012700       0x24 c:/st/stm32cubeide_1.5.1/stm32cubeide/plugins/com.st.stm32cube.ide.mcu.externaltools.gnu-tools-for-stm32.7-2018-q2-update.win32_1.5.0.202011040924/tools/bin/../lib/gcc/arm-none-eabi/7.3.1/../../../../arm-none-eabi/lib/thumb/v6-m\libc.a(lib_a-sbrkr.o)
                0x0000000008012700                _sbrk_r
 .text.sprintf  0x0000000008012724       0x40 c:/st/stm32cubeide_1.5.1/stm32cubeide/plugins/com.st.stm32cube.ide.mcu.externaltools.gnu-tools-for-stm32.7-2018-q2-update.win32_1.5.0.202011040924/tools/bin/../lib/gcc/arm-none-eabi/7.3.1/../../../../arm-none-eabi/lib/thumb/v6-m\libc.a(lib_a-sprintf.o)
                0x0000000008012724                sprintf
 .text.strcat   0x0000000008012764       0x1c c:/st/stm32cubeide_1.5.1/stm32cubeide/plugins/com.st.stm32cube.ide.mcu.externaltools.gnu-tools-for-stm32.7-2018-q2-update.win32_1.5.0.202011040924/tools/bin/../lib/gcc/arm-none-eabi/7.3.1/../../../../arm-none-eabi/lib/thumb/v6-m\libc.a(lib_a-strcat.o)
                0x0000000008012764                strcat
 .text.strchr   0x0000000008012780       0x1c c:/st/stm32cubeide_1.5.1/stm32cubeide/plugins/com.st.stm32cube.ide.mcu.externaltools.gnu-tools-for-stm32.7-2018-q2-update.win32_1.5.0.202011040924/tools/bin/../lib/gcc/arm-none-eabi/7.3.1/../../../../arm-none-eabi/lib/thumb/v6-m\libc.a(lib_a-strchr.o)
                0x0000000008012780                strchr
 .text.strcpy   0x000000000801279c       0x10 c:/st/stm32cubeide_1.5.1/stm32cubeide/plugins/com.st.stm32cube.ide.mcu.externaltools.gnu-tools-for-stm32.7-2018-q2-update.win32_1.5.0.202011040924/tools/bin/../lib/gcc/arm-none-eabi/7.3.1/../../../../arm-none-eabi/lib/thumb/v6-m\libc.a(lib_a-strcpy.o)
                0x000000000801279c                strcpy
 .text.strncmp  0x00000000080127ac       0x22 c:/st/stm32cubeide_1.5.1/stm32cubeide/plugins/com.st.stm32cube.ide.mcu.externaltools.gnu-tools-for-stm32.7-2018-q2-update.win32_1.5.0.202011040924/tools/bin/../lib/gcc/arm-none-eabi/7.3.1/../../../../arm-none-eabi/lib/thumb/v6-m\libc.a(lib_a-strncmp.o)
                0x00000000080127ac                strncmp
 .text.strncpy  0x00000000080127ce       0x28 c:/st/stm32cubeide_1.5.1/stm32cubeide/plugins/com.st.stm32cube.ide.mcu.externaltools.gnu-tools-for-stm32.7-2018-q2-update.win32_1.5.0.202011040924/tools/bin/../lib/gcc/arm-none-eabi/7.3.1/../../../../arm-none-eabi/lib/thumb/v6-m\libc.a(lib_a-strncpy.o)
                0x00000000080127ce                strncpy
 *fill*         0x00000000080127f6        0x2 
 .text.unlikely.sulp
                0x00000000080127f8       0x30 c:/st/stm32cubeide_1.5.1/stm32cubeide/plugins/com.st.stm32cube.ide.mcu.externaltools.gnu-tools-for-stm32.7-2018-q2-update.win32_1.5.0.202011040924/tools/bin/../lib/gcc/arm-none-eabi/7.3.1/../../../../arm-none-eabi/lib/thumb/v6-m\libc.a(lib_a-strtod.o)
 .text._strtod_l
                0x0000000008012828      0xc50 c:/st/stm32cubeide_1.5.1/stm32cubeide/plugins/com.st.stm32cube.ide.mcu.externaltools.gnu-tools-for-stm32.7-2018-q2-update.win32_1.5.0.202011040924/tools/bin/../lib/gcc/arm-none-eabi/7.3.1/../../../../arm-none-eabi/lib/thumb/v6-m\libc.a(lib_a-strtod.o)
                0x0000000008012828                _strtod_l
 .text.strtod   0x0000000008013478       0x24 c:/st/stm32cubeide_1.5.1/stm32cubeide/plugins/com.st.stm32cube.ide.mcu.externaltools.gnu-tools-for-stm32.7-2018-q2-update.win32_1.5.0.202011040924/tools/bin/../lib/gcc/arm-none-eabi/7.3.1/../../../../arm-none-eabi/lib/thumb/v6-m\libc.a(lib_a-strtod.o)
                0x0000000008013478                strtod
 .text.strtok   0x000000000801349c       0x14 c:/st/stm32cubeide_1.5.1/stm32cubeide/plugins/com.st.stm32cube.ide.mcu.externaltools.gnu-tools-for-stm32.7-2018-q2-update.win32_1.5.0.202011040924/tools/bin/../lib/gcc/arm-none-eabi/7.3.1/../../../../arm-none-eabi/lib/thumb/v6-m\libc.a(lib_a-strtok.o)
                0x000000000801349c                strtok
 .text.__strtok_r
                0x00000000080134b0       0x5a c:/st/stm32cubeide_1.5.1/stm32cubeide/plugins/com.st.stm32cube.ide.mcu.externaltools.gnu-tools-for-stm32.7-2018-q2-update.win32_1.5.0.202011040924/tools/bin/../lib/gcc/arm-none-eabi/7.3.1/../../../../arm-none-eabi/lib/thumb/v6-m\libc.a(lib_a-strtok_r.o)
                0x00000000080134b0                __strtok_r
 *fill*         0x000000000801350a        0x2 
 .text._strtol_l.isra.0
                0x000000000801350c      0x104 c:/st/stm32cubeide_1.5.1/stm32cubeide/plugins/com.st.stm32cube.ide.mcu.externaltools.gnu-tools-for-stm32.7-2018-q2-update.win32_1.5.0.202011040924/tools/bin/../lib/gcc/arm-none-eabi/7.3.1/../../../../arm-none-eabi/lib/thumb/v6-m\libc.a(lib_a-strtol.o)